Archive member included because of file (symbol)

contiki-srf06-cc26xx.a(er-coap.o)
                              obj_srf06-cc26xx/res-b1-sep-b2.o (coap_serialize_message)
contiki-srf06-cc26xx.a(er-coap-engine.)
                              obj_srf06-cc26xx/res-hello.o (coap_rest_implementation)
contiki-srf06-cc26xx.a(er-coap-transac)
                              contiki-srf06-cc26xx.a(er-coap-engine.) (coap_register_as_transaction_handler)
contiki-srf06-cc26xx.a(er-coap-observe)
                              contiki-srf06-cc26xx.a(er-coap-transac) (coap_remove_observer_by_client)
contiki-srf06-cc26xx.a(er-coap-separat)
                              obj_srf06-cc26xx/res-separate.o (coap_separate_reject)
contiki-srf06-cc26xx.a(er-coap-res-wel)
                              contiki-srf06-cc26xx.a(er-coap-engine.) (res_well_known_core)
contiki-srf06-cc26xx.a(er-coap-block1.)
                              obj_srf06-cc26xx/res-b1-sep-b2.o (coap_block1_handler)
contiki-srf06-cc26xx.a(er-coap-observe)
                              contiki-srf06-cc26xx.a(er-coap-engine.) (coap_handle_notification)
contiki-srf06-cc26xx.a(rest-engine.o)
                              er-example-server.co (rest_init_engine)
contiki-srf06-cc26xx.a(contiki-main.o)
                              obj_srf06-cc26xx/startup_gcc.o (main)
contiki-srf06-cc26xx.a(sensors.o)
                              er-example-server.co (sensors_event)
contiki-srf06-cc26xx.a(leds.o)
                              contiki-srf06-cc26xx.a(contiki-main.o) (leds_init)
contiki-srf06-cc26xx.a(leds-arch.o)
                              contiki-srf06-cc26xx.a(leds.o) (leds_arch_init)
contiki-srf06-cc26xx.a(sensortag-senso)
                              contiki-srf06-cc26xx.a(sensors.o) (sensors_flags)
contiki-srf06-cc26xx.a(bmp-280-sensor.)
                              contiki-srf06-cc26xx.a(sensortag-senso) (bmp_280_sensor)
contiki-srf06-cc26xx.a(tmp-007-sensor.)
                              contiki-srf06-cc26xx.a(sensortag-senso) (tmp_007_sensor)
contiki-srf06-cc26xx.a(opt-3001-sensor)
                              contiki-srf06-cc26xx.a(sensortag-senso) (opt_3001_sensor)
contiki-srf06-cc26xx.a(hdc-1000-sensor)
                              contiki-srf06-cc26xx.a(sensortag-senso) (hdc_1000_sensor)
contiki-srf06-cc26xx.a(mpu-9250-sensor)
                              er-example-server.co (mpu_9250_sensor)
contiki-srf06-cc26xx.a(button-sensor.o)
                              contiki-srf06-cc26xx.a(sensortag-senso) (button_right_sensor)
contiki-srf06-cc26xx.a(reed-relay.o)
                              contiki-srf06-cc26xx.a(sensortag-senso) (reed_relay_sensor)
contiki-srf06-cc26xx.a(board.o)
                              contiki-srf06-cc26xx.a(contiki-main.o) (board_init)
contiki-srf06-cc26xx.a(board-i2c.o)
                              contiki-srf06-cc26xx.a(board.o) (board_i2c_wakeup)
contiki-srf06-cc26xx.a(clock.o)
                              contiki-srf06-cc26xx.a(contiki-main.o) (clock_init)
contiki-srf06-cc26xx.a(rtimer-arch.o)
                              contiki-srf06-cc26xx.a(mpu-9250-sensor) (rtimer_arch_now)
contiki-srf06-cc26xx.a(soc-rtc.o)
                              contiki-srf06-cc26xx.a(contiki-main.o) (soc_rtc_init)
contiki-srf06-cc26xx.a(contiki-watchdo)
                              contiki-srf06-cc26xx.a(contiki-main.o) (watchdog_init)
contiki-srf06-cc26xx.a(putchar.o)
                              obj_srf06-cc26xx/res-b1-sep-b2.o (putchar)
contiki-srf06-cc26xx.a(ieee-addr.o)
                              contiki-srf06-cc26xx.a(contiki-main.o) (ieee_addr_cpy_to)
contiki-srf06-cc26xx.a(cc26xx-uart.o)
                              contiki-srf06-cc26xx.a(contiki-main.o) (cc26xx_uart_init)
contiki-srf06-cc26xx.a(lpm.o)
                              contiki-srf06-cc26xx.a(button-sensor.o) (lpm_shutdown)
contiki-srf06-cc26xx.a(gpio-interrupt.)
                              contiki-srf06-cc26xx.a(button-sensor.o) (gpio_interrupt_register_handler)
contiki-srf06-cc26xx.a(oscillators.o)
                              contiki-srf06-cc26xx.a(contiki-main.o) (oscillators_select_lf_xosc)
contiki-srf06-cc26xx.a(ieee-mode.o)
                              contiki-srf06-cc26xx.a(contiki-main.o) (ieee_mode_driver)
contiki-srf06-cc26xx.a(dbg-printf.o)
                              obj_srf06-cc26xx/res-b1-sep-b2.o (printf)
contiki-srf06-cc26xx.a(dbg-snprintf.o)
                              obj_srf06-cc26xx/res-mirror.o (snprintf)
contiki-srf06-cc26xx.a(dbg-sprintf.o)
                              obj_srf06-cc26xx/res-mpu.o (sprintf)
contiki-srf06-cc26xx.a(strformat.o)
                              contiki-srf06-cc26xx.a(dbg-printf.o) (format_str_v)
contiki-srf06-cc26xx.a(autostart.o)
                              contiki-srf06-cc26xx.a(contiki-main.o) (autostart_start)
contiki-srf06-cc26xx.a(ctimer.o)
                              contiki-srf06-cc26xx.a(contiki-main.o) (ctimer_init)
contiki-srf06-cc26xx.a(energest.o)
[...]
Memory Configuration

Name             Origin             Length             Attributes
FLASH            0x00000000         0x0001ffa8         xr
FLASH_CCFG       0x0001ffa8         0x00000058         xr
SRAM             0x20000000         0x00005000         xrw
GPRAM            0x11000000         0x00002000         xrw
*default*        0x00000000         0xffffffff

Linker script and memory map

LOAD obj_srf06-cc26xx/fault-handlers.o
LOAD obj_srf06-cc26xx/ccfg.o
LOAD obj_srf06-cc26xx/startup_gcc.o
LOAD er-example-server.co
LOAD obj_srf06-cc26xx/res-light.o
LOAD obj_srf06-cc26xx/res-hello.o
LOAD obj_srf06-cc26xx/res-mirror.o
LOAD obj_srf06-cc26xx/res-mpu.o
LOAD obj_srf06-cc26xx/res-sht11.o
LOAD obj_srf06-cc26xx/res-battery.o
LOAD obj_srf06-cc26xx/res-event.o
LOAD obj_srf06-cc26xx/res-green.o
LOAD obj_srf06-cc26xx/res-red.o
LOAD obj_srf06-cc26xx/res-temperature.o
LOAD obj_srf06-cc26xx/res-b1-sep-b2.o
LOAD obj_srf06-cc26xx/res-radio.o
LOAD obj_srf06-cc26xx/res-sub.o
LOAD obj_srf06-cc26xx/res-toggle.o
LOAD obj_srf06-cc26xx/res-separate.o
LOAD obj_srf06-cc26xx/res-push.o
LOAD obj_srf06-cc26xx/res-chunks.o
LOAD contiki-srf06-cc26xx.a
LOAD /usr/bin/../lib/gcc/arm-none-eabi/4.9.3/../../../../arm-none-eabi/lib/armv7-m/libm.a
START GROUP
LOAD /usr/bin/../lib/gcc/arm-none-eabi/4.9.3/armv7-m/libgcc.a
LOAD /usr/bin/../lib/gcc/arm-none-eabi/4.9.3/../../../../arm-none-eabi/lib/armv7-m/libc.a
END GROUP
                0x20005000                _estack = (ORIGIN (SRAM) + 0x5000)
                0x00000000                _Min_Heap_Size = 0x0
                0x00000100                _Min_Stack_Size = 0x100

.text           0x00000000    0x100b3
                0x00000000                _text = .
 *(SORT(.vectors))
 .vectors       0x00000000       0xc8 obj_srf06-cc26xx/startup_gcc.o
                0x00000000                gVectors
 *(SORT(.text*))
 .text.value    0x000000c8       0xa0 contiki-srf06-cc26xx.a(opt-3001-sensor)
 .text.value    0x00000168       0x94 contiki-srf06-cc26xx.a(hdc-1000-sensor)
 *fill*         0x000001fc        0x4 00000000
 .text.value    0x00000200      0x15c contiki-srf06-cc26xx.a(mpu-9250-sensor)
 *fill*         0x0000035c        0x4 00000000
 .text.__ieee754_pow
                0x00000360      0xaa0 /usr/bin/../lib/gcc/arm-none-eabi/4.9.3/../../../../arm-none-eabi/lib/armv7-m/libm.a(lib_a-e_pow.o)
                0x00000360                __ieee754_pow
 .text.scalbn   0x00000e00       0xec /usr/bin/../lib/gcc/arm-none-eabi/4.9.3/../../../../arm-none-eabi/lib/armv7-m/libm.a(lib_a-s_scalbn.o)
                0x00000e00                scalbn
 .text.FaultISR
                0x00000eec       0x18 obj_srf06-cc26xx/fault-handlers.o
                0x00000eec                FaultISR
 .text.ResetISR
                0x00000f04       0x4c obj_srf06-cc26xx/startup_gcc.o
                0x00000f04                ResetISR
 .text.process_thread_er_example_server
                0x00000f50       0xfc er-example-server.co
 .text.res_get_handler
                0x0000104c       0x68 obj_srf06-cc26xx/res-hello.o
 .text.res_get_handler
                0x000010b4       0xd8 obj_srf06-cc26xx/res-mpu.o
 .text.gyro_init
                0x0000118c       0x88 obj_srf06-cc26xx/res-mpu.o
 .text.res_event_handler
                0x00001214       0x1c obj_srf06-cc26xx/res-event.o
 .text.res_get_handler
                0x00001230       0x40 obj_srf06-cc26xx/res-event.o
 .text.res_post_handler
                0x00001270       0x28 obj_srf06-cc26xx/res-green.o
 .text.green_callback
                0x00001298       0x24 obj_srf06-cc26xx/res-green.o
 .text.res_post_handler
                0x000012bc       0x28 obj_srf06-cc26xx/res-red.o
 .text.red_callback
                0x000012e4       0x24 obj_srf06-cc26xx/res-red.o
 .text.res_get_handler
                0x00001308       0x80 obj_srf06-cc26xx/res-sub.o
 .text.res_get_handler
                0x00001388       0x38 obj_srf06-cc26xx/res-separate.o
 .text.res_resume_handler
                0x000013c0       0x70 obj_srf06-cc26xx/res-separate.o
 .text.res_periodic_handler
                0x00001430       0x1c obj_srf06-cc26xx/res-push.o
 .text.res_get_handler
                0x0000144c       0x54 obj_srf06-cc26xx/res-push.o
 .text.res_get_handler
                0x000014a0       0x98 obj_srf06-cc26xx/res-chunks.o
 .text.coap_init_connection
                0x00001538       0x28 contiki-srf06-cc26xx.a(er-coap.o)
                0x00001538                coap_init_connection
 .text.coap_get_mid
                0x00001560       0x10 contiki-srf06-cc26xx.a(er-coap.o)
                0x00001560                coap_get_mid
 .text.coap_serialize_message
                0x00001570      0x2e4 contiki-srf06-cc26xx.a(er-coap.o)
                0x00001570                coap_serialize_message
 .text.coap_send_message
                0x00001854       0x4c contiki-srf06-cc26xx.a(er-coap.o)
                0x00001854                coap_send_message
 .text.coap_parse_message
                0x000018a0      0x2e4 contiki-srf06-cc26xx.a(er-coap.o)
                0x000018a0                coap_parse_message
 .text.coap_set_service_callback
                0x00001b84        0xc contiki-srf06-cc26xx.a(er-coap-engine.)
                0x00001b84                coap_set_service_callback
 .text.process_thread_coap_engine
                0x00001b90      0x38c contiki-srf06-cc26xx.a(er-coap-engine.)
 .text.coap_init_engine
                0x00001f1c        0xc contiki-srf06-cc26xx.a(er-coap-engine.)
                0x00001f1c                coap_init_engine
 .text.coap_register_as_transaction_handler
                0x00001f28       0x14 contiki-srf06-cc26xx.a(er-coap-transac)
                0x00001f28                coap_register_as_transaction_handler
 .text.coap_new_transaction
                0x00001f3c       0x44 contiki-srf06-cc26xx.a(er-coap-transac)
                0x00001f3c                coap_new_transaction
 .text.coap_clear_transaction
                0x00001f80       0x2c contiki-srf06-cc26xx.a(er-coap-transac)
                0x00001f80                coap_clear_transaction
 .text.coap_send_transaction
                0x00001fac       0x98 contiki-srf06-cc26xx.a(er-coap-transac)
                0x00001fac                coap_send_transaction
 .text.coap_get_transaction_by_mid
                0x00002044       0x1c contiki-srf06-cc26xx.a(er-coap-transac)
                0x00002044                coap_get_transaction_by_mid
 .text.coap_check_transactions
                0x00002060       0x2c contiki-srf06-cc26xx.a(er-coap-transac)
                0x00002060                coap_check_transactions
 .text.coap_remove_observer
                0x0000208c       0x20 contiki-srf06-cc26xx.a(er-coap-observe)
                0x0000208c                coap_remove_observer
 .text.coap_remove_observer_by_client
                0x000020ac       0x3c contiki-srf06-cc26xx.a(er-coap-observe)
                0x000020ac                coap_remove_observer_by_client
 .text.coap_remove_observer_by_token
                0x000020e8       0x58 contiki-srf06-cc26xx.a(er-coap-observe)
                0x000020e8                coap_remove_observer_by_token
 .text.coap_remove_observer_by_uri
                0x00002140       0x5c contiki-srf06-cc26xx.a(er-coap-observe)
                0x00002140                coap_remove_observer_by_uri
 .text.coap_remove_observer_by_mid
                0x0000219c       0x48 contiki-srf06-cc26xx.a(er-coap-observe)
                0x0000219c                coap_remove_observer_by_mid
 .text.coap_notify_observers_sub
                0x000021e4      0x11c contiki-srf06-cc26xx.a(er-coap-observe)
                0x000021e4                coap_notify_observers_sub
 .text.coap_observe_handler
                0x00002300      0x10c contiki-srf06-cc26xx.a(er-coap-observe)
                0x00002300                coap_observe_handler
 .text.coap_separate_reject
                0x0000240c       0x1c contiki-srf06-cc26xx.a(er-coap-separat)
                0x0000240c                coap_separate_reject
 .text.coap_separate_accept
                0x00002428       0xd0 contiki-srf06-cc26xx.a(er-coap-separat)
                0x00002428                coap_separate_accept
 .text.well_known_core_get_handler
                0x000024f8      0x168 contiki-srf06-cc26xx.a(er-coap-res-wel)
                0x000024f8                well_known_core_get_handler
 .text.classify_notification
                0x00002660       0x54 contiki-srf06-cc26xx.a(er-coap-observe)
 .text.simple_reply.isra.1
                0x000026b4       0x38 contiki-srf06-cc26xx.a(er-coap-observe)
 .text.coap_get_obs_subject_by_token
                0x000026ec       0x40 contiki-srf06-cc26xx.a(er-coap-observe)
                0x000026ec                coap_get_obs_subject_by_token
 .text.coap_handle_notification
                0x0000272c       0xa8 contiki-srf06-cc26xx.a(er-coap-observe)
                0x0000272c                coap_handle_notification
 .text.process_thread_rest_engine_process
                0x000027d4       0x88 contiki-srf06-cc26xx.a(rest-engine.o)
 .text.rest_invoke_restful_service
                0x0000285c       0xf8 contiki-srf06-cc26xx.a(rest-engine.o)
                0x0000285c                rest_invoke_restful_service
 .text.rest_init_engine
                0x00002954       0x40 contiki-srf06-cc26xx.a(rest-engine.o)
                0x00002954                rest_init_engine
 .text.rest_activate_resource
                0x00002994       0x34 contiki-srf06-cc26xx.a(rest-engine.o)
                0x00002994                rest_activate_resource
 .text.rest_get_resources
                0x000029c8        0x8 contiki-srf06-cc26xx.a(rest-engine.o)
                0x000029c8                rest_get_resources
 .text.startup.main
                0x000029d0      0x1e0 contiki-srf06-cc26xx.a(contiki-main.o)
                0x000029d0                main
 .text.process_thread_sensors_process
                0x00002bb0       0xd4 contiki-srf06-cc26xx.a(sensors.o)
 .text.sensors_changed
                0x00002c84       0x38 contiki-srf06-cc26xx.a(sensors.o)
                0x00002c84                sensors_changed
 .text.leds_init
                0x00002cbc       0x14 contiki-srf06-cc26xx.a(leds.o)
                0x00002cbc                leds_init
 .text.leds_on  0x00002cd0       0x10 contiki-srf06-cc26xx.a(leds.o)
                0x00002cd0                leds_on
 .text.leds_off
                0x00002ce0       0x14 contiki-srf06-cc26xx.a(leds.o)
                0x00002ce0                leds_off
 .text.leds_toggle
                0x00002cf4       0x10 contiki-srf06-cc26xx.a(leds.o)
                0x00002cf4                leds_toggle
 .text.leds_arch_init
                0x00002d04       0x34 contiki-srf06-cc26xx.a(leds-arch.o)
                0x00002d04                leds_arch_init
 .text.leds_arch_set
                0x00002d38       0x34 contiki-srf06-cc26xx.a(leds-arch.o)
                0x00002d38                leds_arch_set
 .text.status   0x00002d6c       0x14 contiki-srf06-cc26xx.a(bmp-280-sensor.)
 .text.notify_ready
                0x00002d80       0x14 contiki-srf06-cc26xx.a(bmp-280-sensor.)
 .text.value    0x00002d94      0x15c contiki-srf06-cc26xx.a(bmp-280-sensor.)
 .text.configure
                0x00002ef0       0xac contiki-srf06-cc26xx.a(bmp-280-sensor.)
 .text.status   0x00002f9c       0x14 contiki-srf06-cc26xx.a(tmp-007-sensor.)
 .text.notify_ready
                0x00002fb0       0x14 contiki-srf06-cc26xx.a(tmp-007-sensor.)
 .text.enable_sensor
                0x00002fc4       0x34 contiki-srf06-cc26xx.a(tmp-007-sensor.)
 .text.configure
                0x00002ff8       0x78 contiki-srf06-cc26xx.a(tmp-007-sensor.)
 .text.value    0x00003070       0xd8 contiki-srf06-cc26xx.a(tmp-007-sensor.)
 .text.status   0x00003148        0xc contiki-srf06-cc26xx.a(opt-3001-sensor)
 .text.enable_sensor
                0x00003154       0x44 contiki-srf06-cc26xx.a(opt-3001-sensor)
 .text.configure
                0x00003198       0x44 contiki-srf06-cc26xx.a(opt-3001-sensor)
 .text.notify_ready
                0x000031dc       0x50 contiki-srf06-cc26xx.a(opt-3001-sensor)
 .text.status   0x0000322c       0x14 contiki-srf06-cc26xx.a(hdc-1000-sensor)
 .text.notify_ready
                0x00003240       0x60 contiki-srf06-cc26xx.a(hdc-1000-sensor)
 .text.configure
                0x000032a0       0xa4 contiki-srf06-cc26xx.a(hdc-1000-sensor)
 .text.acc_convert
                0x00003344       0x58 contiki-srf06-cc26xx.a(mpu-9250-sensor)
 .text.status   0x0000339c       0x14 contiki-srf06-cc26xx.a(mpu-9250-sensor)
 .text.notify_ready
                0x000033b0       0x14 contiki-srf06-cc26xx.a(mpu-9250-sensor)
 .text.sensor_sleep
                0x000033c4       0x38 contiki-srf06-cc26xx.a(mpu-9250-sensor)
 .text.int_status
                0x000033fc       0x28 contiki-srf06-cc26xx.a(mpu-9250-sensor)
 .text.configure
                0x00003424       0xd4 contiki-srf06-cc26xx.a(mpu-9250-sensor)
 .text.initialise
                0x000034f8       0xf0 contiki-srf06-cc26xx.a(mpu-9250-sensor)
 .text.convert_to_le.constprop.4
                0x000035e8       0x20 contiki-srf06-cc26xx.a(mpu-9250-sensor)
 .text.status.part.0
                0x00003608       0x14 contiki-srf06-cc26xx.a(button-sensor.o)
 .text.value_left
                0x0000361c       0x24 contiki-srf06-cc26xx.a(button-sensor.o)
 .text.value_right
                0x00003640       0x18 contiki-srf06-cc26xx.a(button-sensor.o)
 .text.button_press_handler
                0x00003658       0x60 contiki-srf06-cc26xx.a(button-sensor.o)
 .text.config_buttons
                0x000036b8       0x84 contiki-srf06-cc26xx.a(button-sensor.o)
 .text.value    0x0000373c       0x10 contiki-srf06-cc26xx.a(reed-relay.o)
 .text.status   0x0000374c       0x20 contiki-srf06-cc26xx.a(reed-relay.o)
 .text.configure
                0x0000376c       0x68 contiki-srf06-cc26xx.a(reed-relay.o)
 .text.reed_interrupt_handler
                0x000037d4       0x28 contiki-srf06-cc26xx.a(reed-relay.o)
 .text.power_domains_on
                0x000037fc       0x20 contiki-srf06-cc26xx.a(board.o)
 .text.shutdown_handler
                0x0000381c       0x64 contiki-srf06-cc26xx.a(board.o)
 .text.board_init
                0x00003880      0x118 contiki-srf06-cc26xx.a(board.o)
                0x00003880                board_init
 .text.I2CMasterBusy.isra.2
                0x00003998       0x10 contiki-srf06-cc26xx.a(board-i2c.o)
 .text.I2CMasterBusBusy.isra.3
                0x000039a8       0x10 contiki-srf06-cc26xx.a(board-i2c.o)
 .text.accessible
                0x000039b8       0x24 contiki-srf06-cc26xx.a(board-i2c.o)
 .text.I2CMasterControl.isra.7
                0x000039dc       0x10 contiki-srf06-cc26xx.a(board-i2c.o)
 .text.i2c_status
                0x000039ec       0x2c contiki-srf06-cc26xx.a(board-i2c.o)
 .text.board_i2c_wakeup
                0x00003a18       0x5c contiki-srf06-cc26xx.a(board-i2c.o)
                0x00003a18                board_i2c_wakeup
 .text.board_i2c_shutdown
                0x00003a74       0xa4 contiki-srf06-cc26xx.a(board-i2c.o)
                0x00003a74                board_i2c_shutdown
 .text.board_i2c_write
                0x00003b18       0x94 contiki-srf06-cc26xx.a(board-i2c.o)
                0x00003b18                board_i2c_write
 .text.board_i2c_write_single
                0x00003bac       0x3c contiki-srf06-cc26xx.a(board-i2c.o)
                0x00003bac                board_i2c_write_single
 .text.board_i2c_read
                0x00003be8       0x94 contiki-srf06-cc26xx.a(board-i2c.o)
                0x00003be8                board_i2c_read
 .text.board_i2c_write_read
                0x00003c7c       0xf4 contiki-srf06-cc26xx.a(board-i2c.o)
                0x00003c7c                board_i2c_write_read
 .text.board_i2c_select
                0x00003d70       0xd0 contiki-srf06-cc26xx.a(board-i2c.o)
                0x00003d70                board_i2c_select
 .text.power_domain_on
                0x00003e40       0x20 contiki-srf06-cc26xx.a(clock.o)
 .text.update_clock_variable
                0x00003e60       0x2c contiki-srf06-cc26xx.a(clock.o)
 .text.clock_init
                0x00003e8c       0x88 contiki-srf06-cc26xx.a(clock.o)
                0x00003e8c                clock_init
 .text.clock_time
                0x00003f14       0x14 contiki-srf06-cc26xx.a(clock.o)
                0x00003f14                clock_time
 .text.clock_seconds
                0x00003f28       0x18 contiki-srf06-cc26xx.a(clock.o)
                0x00003f28                clock_seconds
 .text.soc_rtc_init
                0x00003f40       0x90 contiki-srf06-cc26xx.a(soc-rtc.o)
                0x00003f40                soc_rtc_init
 .text.soc_rtc_get_next_trigger
                0x00003fd0       0x24 contiki-srf06-cc26xx.a(soc-rtc.o)
                0x00003fd0                soc_rtc_get_next_trigger
 .text.soc_rtc_schedule_one_shot
                0x00003ff4       0x44 contiki-srf06-cc26xx.a(soc-rtc.o)
                0x00003ff4                soc_rtc_schedule_one_shot
 .text.soc_rtc_last_isr_time
                0x00004038        0xc contiki-srf06-cc26xx.a(soc-rtc.o)
                0x00004038                soc_rtc_last_isr_time
 .text.AONRTCIntHandler
                0x00004044       0x64 contiki-srf06-cc26xx.a(soc-rtc.o)
                0x00004044                AONRTCIntHandler
 .text.lock_config
                0x000040a8       0x18 contiki-srf06-cc26xx.a(contiki-watchdo)
 .text.unlock_config
                0x000040c0       0x2c contiki-srf06-cc26xx.a(contiki-watchdo)
 .text.watchdog_init
                0x000040ec       0x18 contiki-srf06-cc26xx.a(contiki-watchdo)
                0x000040ec                watchdog_init
 .text.watchdog_periodic
                0x00004104       0x14 contiki-srf06-cc26xx.a(contiki-watchdo)
                0x00004104                watchdog_periodic
 .text.watchdog_start
                0x00004118       0x20 contiki-srf06-cc26xx.a(contiki-watchdo)
                0x00004118                watchdog_start
 .text.ieee_addr_cpy_to
                0x00004138       0x3c contiki-srf06-cc26xx.a(ieee-addr.o)
                0x00004138                ieee_addr_cpy_to
 .text.power_and_clock
                0x00004174       0x40 contiki-srf06-cc26xx.a(cc26xx-uart.o)
 .text.accessible
                0x000041b4       0x24 contiki-srf06-cc26xx.a(cc26xx-uart.o)
 .text.disable_interrupts
                0x000041d8       0x30 contiki-srf06-cc26xx.a(cc26xx-uart.o)
 .text.enable   0x00004208       0xcc contiki-srf06-cc26xx.a(cc26xx-uart.o)
 .text.lpm_drop_handler
                0x000042d4       0xa4 contiki-srf06-cc26xx.a(cc26xx-uart.o)
 .text.cc26xx_uart_init
                0x00004378       0x28 contiki-srf06-cc26xx.a(cc26xx-uart.o)
                0x00004378                cc26xx_uart_init
 .text.cc26xx_uart_write_byte
                0x000043a0       0x28 contiki-srf06-cc26xx.a(cc26xx-uart.o)
                0x000043a0                cc26xx_uart_write_byte
 .text.cc26xx_uart_busy
                0x000043c8       0x18 contiki-srf06-cc26xx.a(cc26xx-uart.o)
                0x000043c8                cc26xx_uart_busy
 .text.UART0IntHandler
                0x000043e0       0x50 contiki-srf06-cc26xx.a(cc26xx-uart.o)
                0x000043e0                UART0IntHandler
 .text.lpm_shutdown
                0x00004430      0x184 contiki-srf06-cc26xx.a(lpm.o)
                0x00004430                lpm_shutdown
 .text.lpm_sleep
                0x000045b4       0x14 contiki-srf06-cc26xx.a(lpm.o)
                0x000045b4                lpm_sleep
 .text.lpm_drop
                0x000045c8      0x1ac contiki-srf06-cc26xx.a(lpm.o)
                0x000045c8                lpm_drop
 .text.lpm_register_module
                0x00004774        0xc contiki-srf06-cc26xx.a(lpm.o)
                0x00004774                lpm_register_module
 .text.lpm_unregister_module
                0x00004780        0xc contiki-srf06-cc26xx.a(lpm.o)
                0x00004780                lpm_unregister_module
 .text.lpm_init
                0x0000478c       0x20 contiki-srf06-cc26xx.a(lpm.o)
                0x0000478c                lpm_init
 .text.lpm_pin_set_default_state
                0x000047ac       0x30 contiki-srf06-cc26xx.a(lpm.o)
                0x000047ac                lpm_pin_set_default_state
 .text.gpio_interrupt_register_handler
                0x000047dc       0x2c contiki-srf06-cc26xx.a(gpio-interrupt.)
                0x000047dc                gpio_interrupt_register_handler
 .text.gpio_interrupt_init
                0x00004808       0x24 contiki-srf06-cc26xx.a(gpio-interrupt.)
                0x00004808                gpio_interrupt_init
 .text.GPIOIntHandler
                0x0000482c       0x30 contiki-srf06-cc26xx.a(gpio-interrupt.)
                0x0000482c                GPIOIntHandler
 .text.osc_interface_dis
                0x0000485c       0x28 contiki-srf06-cc26xx.a(oscillators.o)
 .text.osc_interface_en
                0x00004884       0x30 contiki-srf06-cc26xx.a(oscillators.o)
 .text.oscillators_select_lf_xosc
                0x000048b4       0x44 contiki-srf06-cc26xx.a(oscillators.o)
                0x000048b4                oscillators_select_lf_xosc
 .text.oscillators_switch_to_hf_xosc
                0x000048f8       0x28 contiki-srf06-cc26xx.a(oscillators.o)
                0x000048f8                oscillators_switch_to_hf_xosc
 .text.oscillators_switch_to_hf_rc
                0x00004920       0x2c contiki-srf06-cc26xx.a(oscillators.o)
                0x00004920                oscillators_switch_to_hf_rc
 .text.release_data_entry
                0x0000494c       0x14 contiki-srf06-cc26xx.a(ieee-mode.o)
 .text.rf_is_on
                0x00004960       0x18 contiki-srf06-cc26xx.a(ieee-mode.o)
 .text.rx_on    0x00004978       0x50 contiki-srf06-cc26xx.a(ieee-mode.o)
 .text.rf_radio_setup
                0x000049c8       0x70 contiki-srf06-cc26xx.a(ieee-mode.o)
 .text.pending_packet
                0x00004a38       0x2c contiki-srf06-cc26xx.a(ieee-mode.o)
 .text.prepare  0x00004a64       0x1c contiki-srf06-cc26xx.a(ieee-mode.o)
 .text.read_frame
                0x00004a80       0x4c contiki-srf06-cc26xx.a(ieee-mode.o)
 .text.soft_off
                0x00004acc       0x2c contiki-srf06-cc26xx.a(ieee-mode.o)
 .text.get_object
                0x00004af8       0x38 contiki-srf06-cc26xx.a(ieee-mode.o)
 .text.rx_off   0x00004b30       0x48 contiki-srf06-cc26xx.a(ieee-mode.o)
 .text.off      0x00004b78       0x4c contiki-srf06-cc26xx.a(ieee-mode.o)
 .text.on       0x00004bc4       0x88 contiki-srf06-cc26xx.a(ieee-mode.o)
 .text.set_value
                0x00004c4c      0x134 contiki-srf06-cc26xx.a(ieee-mode.o)
 .text.get_value
                0x00004d80       0xf0 contiki-srf06-cc26xx.a(ieee-mode.o)
 .text.transmit
                0x00004e70       0xa8 contiki-srf06-cc26xx.a(ieee-mode.o)
 .text.set_object
                0x00004f18       0x50 contiki-srf06-cc26xx.a(ieee-mode.o)
 .text.init     0x00004f68       0xc8 contiki-srf06-cc26xx.a(ieee-mode.o)
 .text.printf   0x00005030       0x20 contiki-srf06-cc26xx.a(dbg-printf.o)
                0x00005030                printf
 .text.vsnprintf
                0x00005050       0x28 contiki-srf06-cc26xx.a(dbg-snprintf.o)
                0x00005050                vsnprintf
 .text.sprintf  0x00005078       0x30 contiki-srf06-cc26xx.a(dbg-sprintf.o)
                0x00005078                sprintf
 .text.fill_space
                0x000050a8       0x34 contiki-srf06-cc26xx.a(strformat.o)
 .text.format_str_v
                0x000050dc      0x6e8 contiki-srf06-cc26xx.a(strformat.o)
                0x000050dc                format_str_v
 .text.process_thread_ctimer_process
                0x000057c4       0x80 contiki-srf06-cc26xx.a(ctimer.o)
 .text.ctimer_init
                0x00005844       0x28 contiki-srf06-cc26xx.a(ctimer.o)
                0x00005844                ctimer_init
 .text.ctimer_set_with_process
                0x0000586c       0x44 contiki-srf06-cc26xx.a(ctimer.o)
                0x0000586c                ctimer_set_with_process
 .text.ctimer_set
                0x000058b0       0x14 contiki-srf06-cc26xx.a(ctimer.o)
                0x000058b0                ctimer_set
 .text.ctimer_reset
                0x000058c4       0x38 contiki-srf06-cc26xx.a(ctimer.o)
                0x000058c4                ctimer_reset
 .text.ctimer_stop
                0x000058fc       0x2c contiki-srf06-cc26xx.a(ctimer.o)
                0x000058fc                ctimer_stop
 .text.update_time
                0x00005928       0x44 contiki-srf06-cc26xx.a(etimer.o)
 .text.etimer_request_poll
                0x0000596c        0xc contiki-srf06-cc26xx.a(etimer.o)
                0x0000596c                etimer_request_poll
 .text.process_thread_etimer_process
                0x00005978       0x94 contiki-srf06-cc26xx.a(etimer.o)
 .text.add_timer
                0x00005a0c       0x40 contiki-srf06-cc26xx.a(etimer.o)
 .text.etimer_pending
                0x00005a4c       0x10 contiki-srf06-cc26xx.a(etimer.o)
                0x00005a4c                etimer_pending
 .text.etimer_next_expiration_time
                0x00005a5c       0x14 contiki-srf06-cc26xx.a(etimer.o)
                0x00005a5c                etimer_next_expiration_time
 .text.etimer_stop
                0x00005a70       0x34 contiki-srf06-cc26xx.a(etimer.o)
                0x00005a70                etimer_stop
 .text.call_process.part.0
                0x00005aa4       0x38 contiki-srf06-cc26xx.a(process.o)
 .text.exit_process
                0x00005adc       0x80 contiki-srf06-cc26xx.a(process.o)
 .text.do_poll  0x00005b5c       0x30 contiki-srf06-cc26xx.a(process.o)
 .text.process_alloc_event
                0x00005b8c       0x10 contiki-srf06-cc26xx.a(process.o)
                0x00005b8c                process_alloc_event
 .text.process_init
                0x00005b9c       0x30 contiki-srf06-cc26xx.a(process.o)
                0x00005b9c                process_init
 .text.process_run
                0x00005bcc       0xb0 contiki-srf06-cc26xx.a(process.o)
                0x00005bcc                process_run
 .text.process_nevents
                0x00005c7c       0x14 contiki-srf06-cc26xx.a(process.o)
                0x00005c7c                process_nevents
 .text.process_post
                0x00005c90       0x44 contiki-srf06-cc26xx.a(process.o)
                0x00005c90                process_post
 .text.process_post_synch
                0x00005cd4       0x14 contiki-srf06-cc26xx.a(process.o)
                0x00005cd4                process_post_synch
 .text.process_start
                0x00005ce8       0x30 contiki-srf06-cc26xx.a(process.o)
                0x00005ce8                process_start
 .text.process_poll
                0x00005d18       0x18 contiki-srf06-cc26xx.a(process.o)
                0x00005d18                process_poll
 .text.rtimer_run_next
                0x00005d30       0x28 contiki-srf06-cc26xx.a(rtimer.o)
                0x00005d30                rtimer_run_next
 .text.process_thread_serial_line_process
                0x00005d58       0x98 contiki-srf06-cc26xx.a(serial-line.o)
 .text.serial_line_init
                0x00005df0       0x24 contiki-srf06-cc26xx.a(serial-line.o)
                0x00005df0                serial_line_init
 .text.clear_fragments
                0x00005e14       0x3c contiki-srf06-cc26xx.a(sicslowpan.o)
 .text.sicslowpan_init
                0x00005e50       0x24 contiki-srf06-cc26xx.a(sicslowpan.o)
                0x00005e50                sicslowpan_init
 .text.set_packet_attrs
                0x00005e74       0x44 contiki-srf06-cc26xx.a(sicslowpan.o)
 .text.compress_addr_64
                0x00005eb8       0x90 contiki-srf06-cc26xx.a(sicslowpan.o)
 .text.addr_context_lookup_by_prefix
                0x00005f48       0x28 contiki-srf06-cc26xx.a(sicslowpan.o)
 .text.send_packet
                0x00005f70       0x24 contiki-srf06-cc26xx.a(sicslowpan.o)
 .text.packet_sent
                0x00005f94       0x28 contiki-srf06-cc26xx.a(sicslowpan.o)
 .text.store_fragment
                0x00005fbc       0x58 contiki-srf06-cc26xx.a(sicslowpan.o)
 .text.uncompress_addr
                0x00006014       0xa4 contiki-srf06-cc26xx.a(sicslowpan.o)
 .text.output   0x000060b8      0x6a8 contiki-srf06-cc26xx.a(sicslowpan.o)
 .text.add_fragment
                0x00006760      0x124 contiki-srf06-cc26xx.a(sicslowpan.o)
 .text.input    0x00006884      0x5a4 contiki-srf06-cc26xx.a(sicslowpan.o)
 .text.upper_layer_chksum
                0x00006e28       0x54 contiki-srf06-cc26xx.a(uip6.o)
 .text.ext_hdr_options_process
                0x00006e7c       0xb0 contiki-srf06-cc26xx.a(uip6.o)
 .text.uip_init
                0x00006f2c       0x3c contiki-srf06-cc26xx.a(uip6.o)
                0x00006f2c                uip_init
 .text.remove_ext_hdr
                0x00006f68       0x5c contiki-srf06-cc26xx.a(uip6.o)
                0x00006f68                remove_ext_hdr
 .text.uip_udp_new
                0x00006fc4       0xb0 contiki-srf06-cc26xx.a(uip6.o)
                0x00006fc4                uip_udp_new
 .text.uip_process
                0x00007074      0x464 contiki-srf06-cc26xx.a(uip6.o)
                0x00007074                uip_process
 .text.uip_ds6_prefix_add
                0x000074d8       0x64 contiki-srf06-cc26xx.a(uip-ds6.o)
                0x000074d8                uip_ds6_prefix_add
 .text.uip_ds6_is_addr_onlink
                0x0000753c       0x40 contiki-srf06-cc26xx.a(uip-ds6.o)
                0x0000753c                uip_ds6_is_addr_onlink
 .text.uip_ds6_addr_lookup
                0x0000757c       0x2c contiki-srf06-cc26xx.a(uip-ds6.o)
                0x0000757c                uip_ds6_addr_lookup
 .text.uip_ds6_get_link_local
                0x000075a8       0x40 contiki-srf06-cc26xx.a(uip-ds6.o)
                0x000075a8                uip_ds6_get_link_local
 .text.uip_ds6_maddr_add
                0x000075e8       0x4c contiki-srf06-cc26xx.a(uip-ds6.o)
                0x000075e8                uip_ds6_maddr_add
 .text.uip_ds6_addr_add
                0x00007634       0x94 contiki-srf06-cc26xx.a(uip-ds6.o)
                0x00007634                uip_ds6_addr_add
 .text.uip_ds6_maddr_lookup
                0x000076c8       0x2c contiki-srf06-cc26xx.a(uip-ds6.o)
                0x000076c8                uip_ds6_maddr_lookup
 .text.uip_ds6_addr_rm
                0x000076f4       0x44 contiki-srf06-cc26xx.a(uip-ds6.o)
                0x000076f4                uip_ds6_addr_rm
 .text.uip_ds6_periodic
                0x00007738       0x50 contiki-srf06-cc26xx.a(uip-ds6.o)
                0x00007738                uip_ds6_periodic
 .text.uip_ds6_select_src
                0x00007788       0x94 contiki-srf06-cc26xx.a(uip-ds6.o)
                0x00007788                uip_ds6_select_src
 .text.uip_ds6_compute_reachable_time
                0x0000781c       0x28 contiki-srf06-cc26xx.a(uip-ds6.o)
                0x0000781c                uip_ds6_compute_reachable_time
 .text.uip_ds6_init
                0x00007844       0xe0 contiki-srf06-cc26xx.a(uip-ds6.o)
                0x00007844                uip_ds6_init
 .text.uip_ds6_nbr_rm
                0x00007924       0x20 contiki-srf06-cc26xx.a(uip-ds6-nbr.o)
                0x00007924                uip_ds6_nbr_rm
 .text.uip_ds6_neighbors_init
                0x00007944       0x14 contiki-srf06-cc26xx.a(uip-ds6-nbr.o)
                0x00007944                uip_ds6_neighbors_init
 .text.uip_ds6_nbr_add
                0x00007958       0x60 contiki-srf06-cc26xx.a(uip-ds6-nbr.o)
                0x00007958                uip_ds6_nbr_add
 .text.uip_ds6_nbr_get_ll
                0x000079b8       0x10 contiki-srf06-cc26xx.a(uip-ds6-nbr.o)
                0x000079b8                uip_ds6_nbr_get_ll
 .text.uip_ds6_nbr_lookup
                0x000079c8       0x38 contiki-srf06-cc26xx.a(uip-ds6-nbr.o)
                0x000079c8                uip_ds6_nbr_lookup
 .text.uip_ds6_nbr_ll_lookup
                0x00007a00       0x10 contiki-srf06-cc26xx.a(uip-ds6-nbr.o)
                0x00007a00                uip_ds6_nbr_ll_lookup
 .text.uip_ds6_link_neighbor_callback
                0x00007a10       0x2c contiki-srf06-cc26xx.a(uip-ds6-nbr.o)
                0x00007a10                uip_ds6_link_neighbor_callback
 .text.uip_ds6_neighbor_periodic
                0x00007a3c       0x58 contiki-srf06-cc26xx.a(uip-ds6-nbr.o)
                0x00007a3c                uip_ds6_neighbor_periodic
 .text.call_route_callback
                0x00007a94       0x48 contiki-srf06-cc26xx.a(uip-ds6-route.o)
 .text.uip_ds6_route_init
                0x00007adc       0x4c contiki-srf06-cc26xx.a(uip-ds6-route.o)
                0x00007adc                uip_ds6_route_init
 .text.uip_ds6_route_nexthop
                0x00007b28       0x20 contiki-srf06-cc26xx.a(uip-ds6-route.o)
                0x00007b28                uip_ds6_route_nexthop
 .text.uip_ds6_route_head
                0x00007b48        0xc contiki-srf06-cc26xx.a(uip-ds6-route.o)
                0x00007b48                uip_ds6_route_head
 .text.uip_ds6_route_lookup
                0x00007b54       0x64 contiki-srf06-cc26xx.a(uip-ds6-route.o)
                0x00007b54                uip_ds6_route_lookup
 .text.uip_ds6_route_rm
                0x00007bb8       0x9c contiki-srf06-cc26xx.a(uip-ds6-route.o)
                0x00007bb8                uip_ds6_route_rm
 .text.rm_routelist
                0x00007c54       0x30 contiki-srf06-cc26xx.a(uip-ds6-route.o)
 .text.uip_ds6_route_add
                0x00007c84      0x10c contiki-srf06-cc26xx.a(uip-ds6-route.o)
                0x00007c84                uip_ds6_route_add
 .text.uip_ds6_defrt_rm
                0x00007d90       0x44 contiki-srf06-cc26xx.a(uip-ds6-route.o)
                0x00007d90                uip_ds6_defrt_rm
 .text.uip_ds6_defrt_lookup
                0x00007dd4       0x2c contiki-srf06-cc26xx.a(uip-ds6-route.o)
                0x00007dd4                uip_ds6_defrt_lookup
 .text.uip_ds6_defrt_add
                0x00007e00       0x64 contiki-srf06-cc26xx.a(uip-ds6-route.o)
                0x00007e00                uip_ds6_defrt_add
 .text.uip_ds6_defrt_choose
                0x00007e64       0x30 contiki-srf06-cc26xx.a(uip-ds6-route.o)
                0x00007e64                uip_ds6_defrt_choose
 .text.uip_ds6_defrt_periodic
                0x00007e94       0x30 contiki-srf06-cc26xx.a(uip-ds6-route.o)
                0x00007e94                uip_ds6_defrt_periodic
 .text.echo_reply_input
                0x00007ec4       0xe8 contiki-srf06-cc26xx.a(uip-icmp6.o)
 .text.echo_request_input
                0x00007fac      0x100 contiki-srf06-cc26xx.a(uip-icmp6.o)
 .text.uip_icmp6_input
                0x000080ac       0x38 contiki-srf06-cc26xx.a(uip-icmp6.o)
                0x000080ac                uip_icmp6_input
 .text.uip_icmp6_register_input_handler
                0x000080e4        0xc contiki-srf06-cc26xx.a(uip-icmp6.o)
                0x000080e4                uip_icmp6_register_input_handler
 .text.uip_icmp6_error_output
                0x000080f0      0x148 contiki-srf06-cc26xx.a(uip-icmp6.o)
                0x000080f0                uip_icmp6_error_output
 .text.uip_icmp6_send
                0x00008238       0x8c contiki-srf06-cc26xx.a(uip-icmp6.o)
                0x00008238                uip_icmp6_send
 .text.uip_icmp6_init
                0x000082c4       0x1c contiki-srf06-cc26xx.a(uip-icmp6.o)
                0x000082c4                uip_icmp6_init
 .text.tcpip_output
                0x000082e0       0x10 contiki-srf06-cc26xx.a(tcpip.o)
                0x000082e0                tcpip_output
 .text.tcpip_set_outputfunc
                0x000082f0        0xc contiki-srf06-cc26xx.a(tcpip.o)
                0x000082f0                tcpip_set_outputfunc
 .text.udp_new  0x000082fc       0x18 contiki-srf06-cc26xx.a(tcpip.o)
                0x000082fc                udp_new
 .text.tcpip_icmp6_call
                0x00008314       0x28 contiki-srf06-cc26xx.a(tcpip.o)
                0x00008314                tcpip_icmp6_call
 .text.tcpip_input
                0x0000833c       0x24 contiki-srf06-cc26xx.a(tcpip.o)
                0x0000833c                tcpip_input
 .text.tcpip_ipv6_output
                0x00008360       0xc0 contiki-srf06-cc26xx.a(tcpip.o)
                0x00008360                tcpip_ipv6_output
 .text.process_thread_tcpip_process
                0x00008420       0xdc contiki-srf06-cc26xx.a(tcpip.o)
 .text.tcpip_uipcall
                0x000084fc       0x2c contiki-srf06-cc26xx.a(tcpip.o)
                0x000084fc                tcpip_uipcall
 .text.uip_debug_ipaddr_print
                0x00008528       0xa0 contiki-srf06-cc26xx.a(uip-debug.o)
                0x00008528                uip_debug_ipaddr_print
 .text.uip_udp_packet_send
                0x000085c8       0x38 contiki-srf06-cc26xx.a(uip-udp-packet.)
                0x000085c8                uip_udp_packet_send
 .text.rpl_get_mode
                0x00008600        0xc contiki-srf06-cc26xx.a(rpl.o)
                0x00008600                rpl_get_mode
 .text.rpl_purge_routes
                0x0000860c       0x64 contiki-srf06-cc26xx.a(rpl.o)
                0x0000860c                rpl_purge_routes
 .text.rpl_link_neighbor_callback
                0x00008670       0x70 contiki-srf06-cc26xx.a(rpl.o)
                0x00008670                rpl_link_neighbor_callback
 .text.rpl_ipv6_neighbor_callback
                0x000086e0       0x28 contiki-srf06-cc26xx.a(rpl.o)
                0x000086e0                rpl_ipv6_neighbor_callback
 .text.rpl_purge_dags
                0x00008708       0x3c contiki-srf06-cc26xx.a(rpl.o)
                0x00008708                rpl_purge_dags
 .text.rpl_init
                0x00008744       0x58 contiki-srf06-cc26xx.a(rpl.o)
                0x00008744                rpl_init
 .text.rpl_set_preferred_parent
                0x0000879c       0x28 contiki-srf06-cc26xx.a(rpl-dag.o)
 .text.set_ip_from_prefix
                0x000087c4       0x2c contiki-srf06-cc26xx.a(rpl-dag.o)
 .text.find_parent_any_dag_any_instance
                0x000087f0       0x1c contiki-srf06-cc26xx.a(rpl-dag.o)
 .text.rpl_get_nbr
                0x0000880c       0x28 contiki-srf06-cc26xx.a(rpl-dag.o)
                0x0000880c                rpl_get_nbr
 .text.rpl_dag_init
                0x00008834       0x14 contiki-srf06-cc26xx.a(rpl-dag.o)
                0x00008834                rpl_dag_init
 .text.rpl_get_parent
                0x00008848       0x10 contiki-srf06-cc26xx.a(rpl-dag.o)
                0x00008848                rpl_get_parent
 .text.rpl_get_parent_ipaddr
                0x00008858       0x18 contiki-srf06-cc26xx.a(rpl-dag.o)
                0x00008858                rpl_get_parent_ipaddr
 .text.rpl_alloc_instance
                0x00008870       0x34 contiki-srf06-cc26xx.a(rpl-dag.o)
                0x00008870                rpl_alloc_instance
 .text.rpl_add_parent
                0x000088a4       0x44 contiki-srf06-cc26xx.a(rpl-dag.o)
                0x000088a4                rpl_add_parent
 .text.rpl_select_parent
                0x000088e8       0x6c contiki-srf06-cc26xx.a(rpl-dag.o)
                0x000088e8                rpl_select_parent
 .text.rpl_remove_parent
                0x00008954       0x1c contiki-srf06-cc26xx.a(rpl-dag.o)
                0x00008954                rpl_remove_parent
 .text.remove_parents.constprop.4
                0x00008970       0x2c contiki-srf06-cc26xx.a(rpl-dag.o)
 .text.rpl_get_any_dag
                0x0000899c       0x18 contiki-srf06-cc26xx.a(rpl-dag.o)
                0x0000899c                rpl_get_any_dag
 .text.rpl_get_instance
                0x000089b4       0x20 contiki-srf06-cc26xx.a(rpl-dag.o)
                0x000089b4                rpl_get_instance
 .text.rpl_find_of
                0x000089d4       0x14 contiki-srf06-cc26xx.a(rpl-dag.o)
                0x000089d4                rpl_find_of
 .text.rpl_join_instance
                0x000089e8      0x118 contiki-srf06-cc26xx.a(rpl-dag.o)
                0x000089e8                rpl_join_instance
 .text.rpl_local_repair
                0x00008b00       0x58 contiki-srf06-cc26xx.a(rpl-dag.o)
                0x00008b00                rpl_local_repair
 .text.rpl_recalculate_ranks
                0x00008b58       0x3c contiki-srf06-cc26xx.a(rpl-dag.o)
                0x00008b58                rpl_recalculate_ranks
 .text.rpl_verify_header
                0x00008b94      0x114 contiki-srf06-cc26xx.a(rpl-ext-header.)
                0x00008b94                rpl_verify_header
 .text.rpl_update_header_empty
                0x00008ca8      0x138 contiki-srf06-cc26xx.a(rpl-ext-header.)
                0x00008ca8                rpl_update_header_empty
 .text.rpl_update_header_final
                0x00008de0       0x88 contiki-srf06-cc26xx.a(rpl-ext-header.)
                0x00008de0                rpl_update_header_final
 .text.rpl_invert_header
                0x00008e68       0x68 contiki-srf06-cc26xx.a(rpl-ext-header.)
                0x00008e68                rpl_invert_header
 .text.rpl_insert_header
                0x00008ed0       0x1c contiki-srf06-cc26xx.a(rpl-ext-header.)
                0x00008ed0                rpl_insert_header
 .text.dao_ack_input
                0x00008eec       0x14 contiki-srf06-cc26xx.a(rpl-icmp6.o)
 .text.dio_input
                0x00008f00      0x288 contiki-srf06-cc26xx.a(rpl-icmp6.o)
 .text.dis_output
                0x00009188       0x54 contiki-srf06-cc26xx.a(rpl-icmp6.o)
                0x00009188                dis_output
 .text.dio_output
                0x000091dc      0x20c contiki-srf06-cc26xx.a(rpl-icmp6.o)
                0x000091dc                dio_output
 .text.dis_input
                0x000093e8       0x3c contiki-srf06-cc26xx.a(rpl-icmp6.o)
 .text.dao_output_target
                0x00009424       0xe0 contiki-srf06-cc26xx.a(rpl-icmp6.o)
                0x00009424                dao_output_target
 .text.dao_output
                0x00009504       0x64 contiki-srf06-cc26xx.a(rpl-icmp6.o)
                0x00009504                dao_output
 .text.dao_ack_output
                0x00009568       0x34 contiki-srf06-cc26xx.a(rpl-icmp6.o)
                0x00009568                dao_ack_output
 .text.dao_input
                0x0000959c      0x1e4 contiki-srf06-cc26xx.a(rpl-icmp6.o)
 .text.rpl_icmp6_register_handlers
                0x00009780       0x30 contiki-srf06-cc26xx.a(rpl-icmp6.o)
                0x00009780                rpl_icmp6_register_handlers
 .text.new_dio_interval
                0x000097b0       0x58 contiki-srf06-cc26xx.a(rpl-timers.o)
 .text.handle_periodic_timer
                0x00009808       0x3c contiki-srf06-cc26xx.a(rpl-timers.o)
 .text.set_dao_lifetime_timer
                0x00009844       0x3c contiki-srf06-cc26xx.a(rpl-timers.o)
 .text.handle_dio_timer
                0x00009880       0x80 contiki-srf06-cc26xx.a(rpl-timers.o)
 .text.schedule_dao
                0x00009900       0x54 contiki-srf06-cc26xx.a(rpl-timers.o)
 .text.handle_dao_timer
                0x00009954       0x58 contiki-srf06-cc26xx.a(rpl-timers.o)
 .text.rpl_reset_periodic_timer
                0x000099ac       0x34 contiki-srf06-cc26xx.a(rpl-timers.o)
                0x000099ac                rpl_reset_periodic_timer
 .text.rpl_schedule_unicast_dio_immediately
                0x000099e0       0x14 contiki-srf06-cc26xx.a(rpl-timers.o)
                0x000099e0                rpl_schedule_unicast_dio_immediately
 .text.rpl_schedule_probing
                0x000099f4       0x30 contiki-srf06-cc26xx.a(rpl-timers.o)
                0x000099f4                rpl_schedule_probing
 .text.handle_probing_timer
                0x00009a24       0xd0 contiki-srf06-cc26xx.a(rpl-timers.o)
 .text.NOROM_AONRTCCurrentCompareValueGet
                0x00009af4       0x20 contiki-srf06-cc26xx.a(aon_rtc.o)
                0x00009af4                NOROM_AONRTCCurrentCompareValueGet
 .text.NOROM_DDI16BitfieldWrite
                0x00009b14       0x48 contiki-srf06-cc26xx.a(ddi.o)
                0x00009b14                NOROM_DDI16BitfieldWrite
 .text.NOROM_DDI16BitfieldRead
                0x00009b5c       0x40 contiki-srf06-cc26xx.a(ddi.o)
                0x00009b5c                NOROM_DDI16BitfieldRead
 .text.NOROM_OSCClockSourceSet
                0x00009b9c       0x4c contiki-srf06-cc26xx.a(osc.o)
                0x00009b9c                NOROM_OSCClockSourceSet
 .text.NOROM_OSCClockSourceGet
                0x00009be8       0x24 contiki-srf06-cc26xx.a(osc.o)
                0x00009be8                NOROM_OSCClockSourceGet
 .text.NOROM_OSCInterfaceEnable
                0x00009c0c       0x38 contiki-srf06-cc26xx.a(osc.o)
                0x00009c0c                NOROM_OSCInterfaceEnable
 .text.NOROM_PowerCtrlSourceSet
                0x00009c44       0x2c contiki-srf06-cc26xx.a(pwr_ctrl.o)
                0x00009c44                NOROM_PowerCtrlSourceSet
 .text.AuxAdiDdiSafeWrite.constprop.1
                0x00009c70       0x28 contiki-srf06-cc26xx.a(setup.o)
 .text.HapiTrimDeviceShutDown
                0x00009c98      0x3e4 contiki-srf06-cc26xx.a(setup.o)
 .text.trimDevice
                0x0000a07c       0xf8 contiki-srf06-cc26xx.a(setup.o)
                0x0000a07c                trimDevice
 .text.SysCtrlSetRechargeBeforePowerDown
                0x0000a174      0x190 contiki-srf06-cc26xx.a(sys_ctrl.o)
                0x0000a174                SysCtrlSetRechargeBeforePowerDown
 .text.SysCtrlAdjustRechargeAfterPowerDown
                0x0000a304       0x60 contiki-srf06-cc26xx.a(sys_ctrl.o)
                0x0000a304                SysCtrlAdjustRechargeAfterPowerDown
 .text.SysCtrl_DCDC_VoltageConditionalControl
                0x0000a364       0x74 contiki-srf06-cc26xx.a(sys_ctrl.o)
                0x0000a364                SysCtrl_DCDC_VoltageConditionalControl
 .text.index_from_key
                0x0000a3d8       0x20 contiki-srf06-cc26xx.a(nbr-table.o)
 .text.index_from_lladdr
                0x0000a3f8       0x40 contiki-srf06-cc26xx.a(nbr-table.o)
 .text.key_from_item
                0x0000a438       0x2c contiki-srf06-cc26xx.a(nbr-table.o)
 .text.nbr_get_bit.constprop.0
                0x0000a464       0x30 contiki-srf06-cc26xx.a(nbr-table.o)
 .text.nbr_table_register
                0x0000a494       0x28 contiki-srf06-cc26xx.a(nbr-table.o)
                0x0000a494                nbr_table_register
 .text.nbr_table_head
                0x0000a4bc       0x34 contiki-srf06-cc26xx.a(nbr-table.o)
                0x0000a4bc                nbr_table_head
 .text.nbr_table_add_lladdr
                0x0000a4f0      0x11c contiki-srf06-cc26xx.a(nbr-table.o)
                0x0000a4f0                nbr_table_add_lladdr
 .text.nbr_table_remove
                0x0000a60c       0x2c contiki-srf06-cc26xx.a(nbr-table.o)
                0x0000a60c                nbr_table_remove
 .text.nbr_table_lock
                0x0000a638       0x14 contiki-srf06-cc26xx.a(nbr-table.o)
                0x0000a638                nbr_table_lock
 .text.nbr_table_unlock
                0x0000a64c       0x14 contiki-srf06-cc26xx.a(nbr-table.o)
                0x0000a64c                nbr_table_unlock
 .text.netstack_init
                0x0000a660       0x38 contiki-srf06-cc26xx.a(netstack.o)
                0x0000a660                netstack_init
 .text.packetbuf_copyto
                0x0000a698       0x50 contiki-srf06-cc26xx.a(packetbuf.o)
                0x0000a698                packetbuf_copyto
 .text.packetbuf_hdrreduce
                0x0000a6e8       0x2c contiki-srf06-cc26xx.a(packetbuf.o)
                0x0000a6e8                packetbuf_hdrreduce
 .text.packetbuf_set_datalen
                0x0000a714        0xc contiki-srf06-cc26xx.a(packetbuf.o)
                0x0000a714                packetbuf_set_datalen
 .text.packetbuf_dataptr
                0x0000a720       0x14 contiki-srf06-cc26xx.a(packetbuf.o)
                0x0000a720                packetbuf_dataptr
 .text.packetbuf_hdrptr
                0x0000a734       0x14 contiki-srf06-cc26xx.a(packetbuf.o)
                0x0000a734                packetbuf_hdrptr
 .text.packetbuf_datalen
                0x0000a748        0xc contiki-srf06-cc26xx.a(packetbuf.o)
                0x0000a748                packetbuf_datalen
 .text.packetbuf_hdrlen
                0x0000a754       0x1c contiki-srf06-cc26xx.a(packetbuf.o)
                0x0000a754                packetbuf_hdrlen
 .text.packetbuf_totlen
                0x0000a770       0x14 contiki-srf06-cc26xx.a(packetbuf.o)
                0x0000a770                packetbuf_totlen
 .text.packetbuf_hdralloc
                0x0000a784       0x28 contiki-srf06-cc26xx.a(packetbuf.o)
                0x0000a784                packetbuf_hdralloc
 .text.packetbuf_attr_clear
                0x0000a7ac       0x38 contiki-srf06-cc26xx.a(packetbuf.o)
                0x0000a7ac                packetbuf_attr_clear
 .text.packetbuf_clear
                0x0000a7e4       0x30 contiki-srf06-cc26xx.a(packetbuf.o)
                0x0000a7e4                packetbuf_clear
 .text.packetbuf_copyfrom
                0x0000a814       0x2c contiki-srf06-cc26xx.a(packetbuf.o)
                0x0000a814                packetbuf_copyfrom
 .text.packetbuf_attr_copyto
                0x0000a840       0x34 contiki-srf06-cc26xx.a(packetbuf.o)
                0x0000a840                packetbuf_attr_copyto
 .text.packetbuf_attr_copyfrom
                0x0000a874       0x34 contiki-srf06-cc26xx.a(packetbuf.o)
                0x0000a874                packetbuf_attr_copyfrom
 .text.packetbuf_set_attr
                0x0000a8a8       0x10 contiki-srf06-cc26xx.a(packetbuf.o)
                0x0000a8a8                packetbuf_set_attr
 .text.packetbuf_attr
                0x0000a8b8        0xc contiki-srf06-cc26xx.a(packetbuf.o)
                0x0000a8b8                packetbuf_attr
 .text.packetbuf_set_addr
                0x0000a8c4       0x18 contiki-srf06-cc26xx.a(packetbuf.o)
                0x0000a8c4                packetbuf_set_addr
 .text.packetbuf_addr
                0x0000a8dc       0x10 contiki-srf06-cc26xx.a(packetbuf.o)
                0x0000a8dc                packetbuf_addr
 .text.packetbuf_holds_broadcast
                0x0000a8ec       0x10 contiki-srf06-cc26xx.a(packetbuf.o)
                0x0000a8ec                packetbuf_holds_broadcast
 .text.queuebuf_init
                0x0000a8fc       0x1c contiki-srf06-cc26xx.a(queuebuf.o)
                0x0000a8fc                queuebuf_init
 .text.queuebuf_numfree
                0x0000a918        0xc contiki-srf06-cc26xx.a(queuebuf.o)
                0x0000a918                queuebuf_numfree
 .text.queuebuf_new_from_packetbuf
                0x0000a924       0x44 contiki-srf06-cc26xx.a(queuebuf.o)
                0x0000a924                queuebuf_new_from_packetbuf
 .text.queuebuf_free
                0x0000a968       0x2c contiki-srf06-cc26xx.a(queuebuf.o)
                0x0000a968                queuebuf_free
 .text.queuebuf_to_packetbuf
                0x0000a994       0x30 contiki-srf06-cc26xx.a(queuebuf.o)
                0x0000a994                queuebuf_to_packetbuf
 .text.create_frame.isra.0
                0x0000a9c4      0x124 contiki-srf06-cc26xx.a(framer-802154.o)
 .text.send_packet
                0x0000aae8        0xc contiki-srf06-cc26xx.a(nullmac.o)
 .text.packet_input
                0x0000aaf4        0xc contiki-srf06-cc26xx.a(nullmac.o)
 .text.on       0x0000ab00        0xc contiki-srf06-cc26xx.a(nullmac.o)
 .text.off      0x0000ab0c        0xc contiki-srf06-cc26xx.a(nullmac.o)
 .text.on       0x0000ab18        0xc contiki-srf06-cc26xx.a(nullrdc.o)
 .text.send_one_packet
                0x0000ab24      0x118 contiki-srf06-cc26xx.a(nullrdc.o)
 .text.off      0x0000ac3c       0x18 contiki-srf06-cc26xx.a(nullrdc.o)
 .text.packet_input
                0x0000ac54       0x54 contiki-srf06-cc26xx.a(nullrdc.o)
 .text.input    0x0000aca8        0xc contiki-srf06-cc26xx.a(nullsec.o)
 .text.send     0x0000acb4       0x20 contiki-srf06-cc26xx.a(nullsec.o)
 .text.sensor_common_write_reg
                0x0000acd4       0x30 contiki-srf06-cc26xx.a(sensor-common.o)
                0x0000acd4                sensor_common_write_reg
 .text.verify_part
                0x0000ad04       0x64 contiki-srf06-cc26xx.a(ext-flash.o)
 .text.wait_ready
                0x0000ad68       0x5c contiki-srf06-cc26xx.a(ext-flash.o)
 .text.ext_flash_open
                0x0000adc4       0x54 contiki-srf06-cc26xx.a(ext-flash.o)
                0x0000adc4                ext_flash_open
 .text.ext_flash_close
                0x0000ae18       0x4c contiki-srf06-cc26xx.a(ext-flash.o)
                0x0000ae18                ext_flash_close
 .text.buzzer_init
                0x0000ae64        0xc contiki-srf06-cc26xx.a(buzzer.o)
                0x0000ae64                buzzer_init
 .text.buzzer_stop
                0x0000ae70       0x74 contiki-srf06-cc26xx.a(buzzer.o)
                0x0000ae70                buzzer_stop
 .text.accessible
                0x0000aee4       0x24 contiki-srf06-cc26xx.a(board-spi.o)
 .text.board_spi_write
                0x0000af08       0x3c contiki-srf06-cc26xx.a(board-spi.o)
                0x0000af08                board_spi_write
 .text.board_spi_read
                0x0000af44       0x48 contiki-srf06-cc26xx.a(board-spi.o)
                0x0000af44                board_spi_read
 .text.board_spi_flush
                0x0000af8c       0x24 contiki-srf06-cc26xx.a(board-spi.o)
                0x0000af8c                board_spi_flush
 .text.board_spi_open
                0x0000afb0       0xbc contiki-srf06-cc26xx.a(board-spi.o)
                0x0000afb0                board_spi_open
 .text.board_spi_close
                0x0000b06c       0x70 contiki-srf06-cc26xx.a(board-spi.o)
                0x0000b06c                board_spi_close
 .text.process_thread_rf_core_process
                0x0000b0dc       0x58 contiki-srf06-cc26xx.a(rf-core.o)
 .text.rf_core_is_accessible
                0x0000b134       0x10 contiki-srf06-cc26xx.a(rf-core.o)
                0x0000b134                rf_core_is_accessible
 .text.rf_core_send_cmd
                0x0000b144       0x80 contiki-srf06-cc26xx.a(rf-core.o)
                0x0000b144                rf_core_send_cmd
 .text.rf_core_wait_cmd_done
                0x0000b1c4       0x2c contiki-srf06-cc26xx.a(rf-core.o)
                0x0000b1c4                rf_core_wait_cmd_done
 .text.rf_core_power_up
                0x0000b1f0       0xac contiki-srf06-cc26xx.a(rf-core.o)
                0x0000b1f0                rf_core_power_up
 .text.rf_core_set_modesel
                0x0000b29c       0x5c contiki-srf06-cc26xx.a(rf-core.o)
                0x0000b29c                rf_core_set_modesel
 .text.rf_core_start_rat
                0x0000b2f8       0x1c contiki-srf06-cc26xx.a(rf-core.o)
                0x0000b2f8                rf_core_start_rat
 .text.rf_core_setup_interrupts
                0x0000b314       0x5c contiki-srf06-cc26xx.a(rf-core.o)
                0x0000b314                rf_core_setup_interrupts
 .text.rf_core_cmd_done_en
                0x0000b370       0x24 contiki-srf06-cc26xx.a(rf-core.o)
                0x0000b370                rf_core_cmd_done_en
 .text.rf_core_cmd_done_dis
                0x0000b394       0x10 contiki-srf06-cc26xx.a(rf-core.o)
                0x0000b394                rf_core_cmd_done_dis
 .text.rf_core_get_last_radio_op
                0x0000b3a4        0xc contiki-srf06-cc26xx.a(rf-core.o)
                0x0000b3a4                rf_core_get_last_radio_op
 .text.rf_core_power_down
                0x0000b3b0       0xb8 contiki-srf06-cc26xx.a(rf-core.o)
                0x0000b3b0                rf_core_power_down
 .text.rf_core_primary_mode_register
                0x0000b468        0xc contiki-srf06-cc26xx.a(rf-core.o)
                0x0000b468                rf_core_primary_mode_register
 .text.RFCCPE1IntHandler
                0x0000b474       0x20 contiki-srf06-cc26xx.a(rf-core.o)
                0x0000b474                RFCCPE1IntHandler
 .text.RFCCPE0IntHandler
                0x0000b494       0x58 contiki-srf06-cc26xx.a(rf-core.o)
                0x0000b494                RFCCPE0IntHandler
 .text.rf_ble_is_active
                0x0000b4ec        0xc contiki-srf06-cc26xx.a(rf-ble.o)
                0x0000b4ec                rf_ble_is_active
 .text.stimer_expired
                0x0000b4f8       0x20 contiki-srf06-cc26xx.a(stimer.o)
                0x0000b4f8                stimer_expired
 .text.AONBatMonTemperatureGetDegC
                0x0000b518       0x30 contiki-srf06-cc26xx.a(aon_batmon.o)
                0x0000b518                AONBatMonTemperatureGetDegC
 .text.ChipInfo_GetSupportedProtocol_BV
                0x0000b548       0x10 contiki-srf06-cc26xx.a(chipinfo.o)
                0x0000b548                ChipInfo_GetSupportedProtocol_BV
 .text.ChipInfo_GetChipFamily
                0x0000b558       0x34 contiki-srf06-cc26xx.a(chipinfo.o)
                0x0000b558                ChipInfo_GetChipFamily
 .text.ChipInfo_GetHwRevision
                0x0000b58c       0x68 contiki-srf06-cc26xx.a(chipinfo.o)
                0x0000b58c                ChipInfo_GetHwRevision
 .text.frame802154_get_pan_id
                0x0000b5f4        0xc contiki-srf06-cc26xx.a(frame802154.o)
                0x0000b5f4                frame802154_get_pan_id
 .text.frame802154_parse
                0x0000b600      0x174 contiki-srf06-cc26xx.a(frame802154.o)
                0x0000b600                frame802154_parse
 .text.mac_sequence_is_duplicate
                0x0000b774       0x38 contiki-srf06-cc26xx.a(mac-sequence.o)
                0x0000b774                mac_sequence_is_duplicate
 .text.mac_sequence_register_seqno
                0x0000b7ac       0x64 contiki-srf06-cc26xx.a(mac-sequence.o)
                0x0000b7ac                mac_sequence_register_seqno
 .text.exp2     0x0000b810       0x10 /usr/bin/../lib/gcc/arm-none-eabi/4.9.3/../../../../arm-none-eabi/lib/armv7-m/libm.a(lib_a-w_exp2.o)
                0x0000b810                exp2
 .text.pow      0x0000b820      0x2f0 /usr/bin/../lib/gcc/arm-none-eabi/4.9.3/../../../../arm-none-eabi/lib/armv7-m/libm.a(lib_a-w_pow.o)
                0x0000b820                pow
 .text.__ieee754_sqrt
                0x0000bb10      0x18c /usr/bin/../lib/gcc/arm-none-eabi/4.9.3/../../../../arm-none-eabi/lib/armv7-m/libm.a(lib_a-e_sqrt.o)
                0x0000bb10                __ieee754_sqrt
 .text.fabs     0x0000bc9c        0x8 /usr/bin/../lib/gcc/arm-none-eabi/4.9.3/../../../../arm-none-eabi/lib/armv7-m/libm.a(lib_a-s_fabs.o)
                0x0000bc9c                fabs
 .text.finite   0x0000bca4        0xc /usr/bin/../lib/gcc/arm-none-eabi/4.9.3/../../../../arm-none-eabi/lib/armv7-m/libm.a(lib_a-s_finite.o)
                0x0000bca4                finite
 .text.__fpclassifyd
                0x0000bcb0       0x58 /usr/bin/../lib/gcc/arm-none-eabi/4.9.3/../../../../arm-none-eabi/lib/armv7-m/libm.a(lib_a-s_fpclassify.o)
                0x0000bcb0                __fpclassifyd
 .text.matherr  0x0000bd08        0x4 /usr/bin/../lib/gcc/arm-none-eabi/4.9.3/../../../../arm-none-eabi/lib/armv7-m/libm.a(lib_a-s_matherr.o)
                0x0000bd08                matherr
 .text.nan      0x0000bd0c        0xc /usr/bin/../lib/gcc/arm-none-eabi/4.9.3/../../../../arm-none-eabi/lib/armv7-m/libm.a(lib_a-s_nan.o)
                0x0000bd0c                nan
 .text.rint     0x0000bd18      0x11c /usr/bin/../lib/gcc/arm-none-eabi/4.9.3/../../../../arm-none-eabi/lib/armv7-m/libm.a(lib_a-s_rint.o)
                0x0000bd18                rint
 .text.copysign
                0x0000be34       0x10 /usr/bin/../lib/gcc/arm-none-eabi/4.9.3/../../../../arm-none-eabi/lib/armv7-m/libm.a(lib_a-s_copysign.o)
                0x0000be34                copysign
 .text          0x0000be44      0x370 /usr/bin/../lib/gcc/arm-none-eabi/4.9.3/armv7-m/libgcc.a(_arm_addsubdf3.o)
                0x0000be44                __aeabi_drsub
                0x0000be4c                __aeabi_dsub
                0x0000be4c                __subdf3
                0x0000be50                __adddf3
                0x0000be50                __aeabi_dadd
                0x0000c0c8                __aeabi_ui2d
                0x0000c0c8                __floatunsidf
                0x0000c0e8                __floatsidf
                0x0000c0e8                __aeabi_i2d
                0x0000c10c                __extendsfdf2
                0x0000c10c                __aeabi_f2d
                0x0000c148                __aeabi_ul2d
                0x0000c148                __floatundidf
                0x0000c158                __floatdidf
                0x0000c158                __aeabi_l2d
 .text          0x0000c1b4      0x424 /usr/bin/../lib/gcc/arm-none-eabi/4.9.3/armv7-m/libgcc.a(_arm_muldivdf3.o)
                0x0000c1b4                __aeabi_dmul
                0x0000c1b4                __muldf3
                0x0000c408                __aeabi_ddiv
                0x0000c408                __divdf3
 .text          0x0000c5d8      0x110 /usr/bin/../lib/gcc/arm-none-eabi/4.9.3/armv7-m/libgcc.a(_arm_cmpdf2.o)
                0x0000c5d8                __gtdf2
                0x0000c5d8                __gedf2
                0x0000c5e0                __ltdf2
                0x0000c5e0                __ledf2
                0x0000c5e8                __cmpdf2
                0x0000c5e8                __eqdf2
                0x0000c5e8                __nedf2
                0x0000c664                __aeabi_cdrcmple
                0x0000c674                __aeabi_cdcmple
                0x0000c674                __aeabi_cdcmpeq
                0x0000c684                __aeabi_dcmpeq
                0x0000c698                __aeabi_dcmplt
                0x0000c6ac                __aeabi_dcmple
                0x0000c6c0                __aeabi_dcmpge
                0x0000c6d4                __aeabi_dcmpgt
 .text          0x0000c6e8       0xa0 /usr/bin/../lib/gcc/arm-none-eabi/4.9.3/armv7-m/libgcc.a(_arm_truncdfsf2.o)
                0x0000c6e8                __aeabi_d2f
                0x0000c6e8                __truncdfsf2
 .text          0x0000c788      0x21c /usr/bin/../lib/gcc/arm-none-eabi/4.9.3/armv7-m/libgcc.a(_arm_addsubsf3.o)
                0x0000c788                __aeabi_frsub
                0x0000c790                __subsf3
                0x0000c790                __aeabi_fsub
                0x0000c794                __aeabi_fadd
                0x0000c794                __addsf3
                0x0000c8f4                __aeabi_ui2f
                0x0000c8f4                __floatunsisf
                0x0000c8fc                __aeabi_i2f
                0x0000c8fc                __floatsisf
                0x0000c918                __floatundisf
                0x0000c918                __aeabi_ul2f
                0x0000c928                __floatdisf
                0x0000c928                __aeabi_l2f
 .text          0x0000c9a4      0x2a0 /usr/bin/../lib/gcc/arm-none-eabi/4.9.3/armv7-m/libgcc.a(_arm_muldivsf3.o)
                0x0000c9a4                __mulsf3
                0x0000c9a4                __aeabi_fmul
                0x0000cb0c                __divsf3
                0x0000cb0c                __aeabi_fdiv
 .text          0x0000cc44       0x4c /usr/bin/../lib/gcc/arm-none-eabi/4.9.3/armv7-m/libgcc.a(_arm_fixsfsi.o)
                0x0000cc44                __fixsfsi
                0x0000cc44                __aeabi_f2iz
 .text          0x0000cc90       0x30 /usr/bin/../lib/gcc/arm-none-eabi/4.9.3/armv7-m/libgcc.a(_aeabi_uldivmod.o)
                0x0000cc90                __aeabi_uldivmod
 .text          0x0000ccc0       0x60 /usr/bin/../lib/gcc/arm-none-eabi/4.9.3/armv7-m/libgcc.a(bpabi.o)
                0x0000ccc0                __gnu_ldivmod_helper
                0x0000ccf0                __gnu_uldivmod_helper
 .text          0x0000cd20        0x4 /usr/bin/../lib/gcc/arm-none-eabi/4.9.3/armv7-m/libgcc.a(_dvmd_tls.o)
                0x0000cd20                __aeabi_ldiv0
                0x0000cd20                __aeabi_idiv0
 .text          0x0000cd24      0x2ac /usr/bin/../lib/gcc/arm-none-eabi/4.9.3/armv7-m/libgcc.a(_divdi3.o)
                0x0000cd24                __divdi3
 .text          0x0000cfd0      0x270 /usr/bin/../lib/gcc/arm-none-eabi/4.9.3/armv7-m/libgcc.a(_udivdi3.o)
                0x0000cfd0                __udivdi3
 .text.atoi     0x0000d240        0x8 /usr/bin/../lib/gcc/arm-none-eabi/4.9.3/../../../../arm-none-eabi/lib/armv7-m/libc.a(lib_a-atoi.o)
                0x0000d240                atoi
 .text.__errno  0x0000d248        0xc /usr/bin/../lib/gcc/arm-none-eabi/4.9.3/../../../../arm-none-eabi/lib/armv7-m/libc.a(lib_a-errno.o)
                0x0000d248                __errno
 .text.memchr   0x0000d254       0x94 /usr/bin/../lib/gcc/arm-none-eabi/4.9.3/../../../../arm-none-eabi/lib/armv7-m/libc.a(lib_a-memchr.o)
                0x0000d254                memchr
 .text.memcmp   0x0000d2e8       0x64 /usr/bin/../lib/gcc/arm-none-eabi/4.9.3/../../../../arm-none-eabi/lib/armv7-m/libc.a(lib_a-memcmp.o)
                0x0000d2e8                memcmp
 .text          0x0000d34c       0xec /usr/bin/../lib/gcc/arm-none-eabi/4.9.3/../../../../arm-none-eabi/lib/armv7-m/libc.a(lib_a-memcpy.o)
                0x0000d34c                memcpy
 .text.memmove  0x0000d438       0xc8 /usr/bin/../lib/gcc/arm-none-eabi/4.9.3/../../../../arm-none-eabi/lib/armv7-m/libc.a(lib_a-memmove.o)
                0x0000d438                memmove
 .text.memset   0x0000d500       0x9c /usr/bin/../lib/gcc/arm-none-eabi/4.9.3/../../../../arm-none-eabi/lib/armv7-m/libc.a(lib_a-memset.o)
                0x0000d500                memset
 .text.srand    0x0000d59c       0x14 /usr/bin/../lib/gcc/arm-none-eabi/4.9.3/../../../../arm-none-eabi/lib/armv7-m/libc.a(lib_a-rand.o)
                0x0000d59c                srand
 .text.rand     0x0000d5b0       0x40 /usr/bin/../lib/gcc/arm-none-eabi/4.9.3/../../../../arm-none-eabi/lib/armv7-m/libc.a(lib_a-rand.o)
                0x0000d5b0                rand
 .text.strchr   0x0000d5f0       0xcc /usr/bin/../lib/gcc/arm-none-eabi/4.9.3/../../../../arm-none-eabi/lib/armv7-m/libc.a(lib_a-strchr.o)
                0x0000d5f0                strchr
 .text.strcpy   0x0000d6bc       0xbc /usr/bin/../lib/gcc/arm-none-eabi/4.9.3/../../../../arm-none-eabi/lib/armv7-m/libc.a(lib_a-strcpy.o)
                0x0000d6bc                strcpy
 .text.strlen   0x0000d778       0x5c /usr/bin/../lib/gcc/arm-none-eabi/4.9.3/../../../../arm-none-eabi/lib/armv7-m/libc.a(lib_a-strlen.o)
                0x0000d778                strlen
 .text.strncmp  0x0000d7d4       0x94 /usr/bin/../lib/gcc/arm-none-eabi/4.9.3/../../../../arm-none-eabi/lib/armv7-m/libc.a(lib_a-strncmp.o)
                0x0000d7d4                strncmp
 .text.strncpy  0x0000d868       0x68 /usr/bin/../lib/gcc/arm-none-eabi/4.9.3/../../../../arm-none-eabi/lib/armv7-m/libc.a(lib_a-strncpy.o)
                0x0000d868                strncpy
 .text.strtok   0x0000d8d0       0x10 /usr/bin/../lib/gcc/arm-none-eabi/4.9.3/../../../../arm-none-eabi/lib/armv7-m/libc.a(lib_a-strtok.o)
                0x0000d8d0                strtok
 .text.__strtok_r
                0x0000d8e0       0x64 /usr/bin/../lib/gcc/arm-none-eabi/4.9.3/../../../../arm-none-eabi/lib/armv7-m/libc.a(lib_a-strtok_r.o)
                0x0000d8e0                __strtok_r
 .text._strtol_r
                0x0000d944      0x11c /usr/bin/../lib/gcc/arm-none-eabi/4.9.3/../../../../arm-none-eabi/lib/armv7-m/libc.a(lib_a-strtol.o)
                0x0000d944                _strtol_r
 .text.strtol   0x0000da60       0x18 /usr/bin/../lib/gcc/arm-none-eabi/4.9.3/../../../../arm-none-eabi/lib/armv7-m/libc.a(lib_a-strtol.o)
                0x0000da60                strtol
 .text.NmiSRHandler
                0x0000da78        0x2 obj_srf06-cc26xx/startup_gcc.o
                0x0000da78                NmiSR
 .text.IntDefaultHandler
                0x0000da7a        0x2 obj_srf06-cc26xx/startup_gcc.o
                0x0000da7a                TRNGIntHandler
                0x0000da7a                SSI0IntHandler
                0x0000da7a                SWEvent0IntHandler
                0x0000da7a                uDMAIntHandler
                0x0000da7a                WatchdogIntHandler
                0x0000da7a                RFCHardwareIntHandler
                0x0000da7a                Timer1BIntHandler
                0x0000da7a                I2SIntHandler
                0x0000da7a                Timer2BIntHandler
                0x0000da7a                Timer2AIntHandler
                0x0000da7a                Timer1AIntHandler
                0x0000da7a                AONIntHandler
                0x0000da7a                AUXSWEvent0IntHandler
                0x0000da7a                AUXADCIntHandler
                0x0000da7a                PendSVIntHandler
                0x0000da7a                AUXSWEvent1IntHandler
                0x0000da7a                SVCallIntHandler
                0x0000da7a                MPUFaultIntHandler
                0x0000da7a                SysTickIntHandler
                0x0000da7a                BusFaultIntHandler
                0x0000da7a                AONProgIntHandler
                0x0000da7a                AUXCompAIntHandler
                0x0000da7a                SSI1IntHandler
                0x0000da7a                FlashIntHandler
                0x0000da7a                uDMAErrIntHandler
                0x0000da7a                UsageFaultIntHandler
                0x0000da7a                RFCCmdAckIntHandler
                0x0000da7a                CryptoIntHandler
                0x0000da7a                Timer0AIntHandler
                0x0000da7a                I2CIntHandler
                0x0000da7a                DebugMonIntHandler
                0x0000da7a                Timer0BIntHandler
                0x0000da7a                AUXCombEventIntHandler
                0x0000da7a                Timer3AIntHandler
                0x0000da7a                DynProgIntHandler
                0x0000da7a                Timer3BIntHandler
 .text.res_post_handler
                0x0000da7c        0x6 obj_srf06-cc26xx/res-toggle.o
 .text.coap_parse_int_option
                0x0000da82       0x16 contiki-srf06-cc26xx.a(er-coap.o)
 .text.coap_merge_multi_option
                0x0000da98       0x32 contiki-srf06-cc26xx.a(er-coap.o)
 .text.coap_get_variable
                0x0000daca       0x6a contiki-srf06-cc26xx.a(er-coap.o)
 .text.coap_set_option_header
                0x0000db34       0x76 contiki-srf06-cc26xx.a(er-coap.o)
 .text.coap_serialize_int_option
                0x0000dbaa       0x60 contiki-srf06-cc26xx.a(er-coap.o)
 .text.coap_serialize_array_option.part.0
                0x0000dc0a       0x20 contiki-srf06-cc26xx.a(er-coap.o)
 .text.coap_serialize_array_option
                0x0000dc2a       0x76 contiki-srf06-cc26xx.a(er-coap.o)
 .text.coap_init_message
                0x0000dca0       0x1a contiki-srf06-cc26xx.a(er-coap.o)
                0x0000dca0                coap_init_message
 .text.coap_get_query_variable
                0x0000dcba       0x26 contiki-srf06-cc26xx.a(er-coap.o)
                0x0000dcba                coap_get_query_variable
 .text.coap_get_post_variable
                0x0000dce0       0x1e contiki-srf06-cc26xx.a(er-coap.o)
                0x0000dce0                coap_get_post_variable
 .text.coap_set_status_code
                0x0000dcfe        0xc contiki-srf06-cc26xx.a(er-coap.o)
                0x0000dcfe                coap_set_status_code
 .text.coap_set_token
                0x0000dd0a       0x16 contiki-srf06-cc26xx.a(er-coap.o)
                0x0000dd0a                coap_set_token
 .text.coap_get_header_content_format
                0x0000dd20       0x18 contiki-srf06-cc26xx.a(er-coap.o)
                0x0000dd20                coap_get_header_content_format
 .text.coap_set_header_content_format
                0x0000dd38        0xe contiki-srf06-cc26xx.a(er-coap.o)
                0x0000dd38                coap_set_header_content_format
 .text.coap_get_header_accept
                0x0000dd46       0x1a contiki-srf06-cc26xx.a(er-coap.o)
                0x0000dd46                coap_get_header_accept
 .text.coap_get_header_max_age
                0x0000dd60       0x10 contiki-srf06-cc26xx.a(er-coap.o)
                0x0000dd60                coap_get_header_max_age
 .text.coap_set_header_max_age
                0x0000dd70        0xe contiki-srf06-cc26xx.a(er-coap.o)
                0x0000dd70                coap_set_header_max_age
 .text.coap_set_header_etag
                0x0000dd7e       0x22 contiki-srf06-cc26xx.a(er-coap.o)
                0x0000dd7e                coap_set_header_etag
 .text.coap_get_header_if_match
                0x0000dda0       0x1c contiki-srf06-cc26xx.a(er-coap.o)
                0x0000dda0                coap_get_header_if_match
 .text.coap_get_header_if_none_match
                0x0000ddbc        0x8 contiki-srf06-cc26xx.a(er-coap.o)
                0x0000ddbc                coap_get_header_if_none_match
 .text.coap_get_header_uri_host
                0x0000ddc4       0x18 contiki-srf06-cc26xx.a(er-coap.o)
                0x0000ddc4                coap_get_header_uri_host
 .text.coap_get_header_uri_path
                0x0000dddc       0x18 contiki-srf06-cc26xx.a(er-coap.o)
                0x0000dddc                coap_get_header_uri_path
 .text.coap_set_header_uri_path
                0x0000ddf4       0x20 contiki-srf06-cc26xx.a(er-coap.o)
                0x0000ddf4                coap_set_header_uri_path
 .text.coap_get_header_uri_query
                0x0000de14       0x16 contiki-srf06-cc26xx.a(er-coap.o)
                0x0000de14                coap_get_header_uri_query
 .text.coap_set_header_location_query
                0x0000de2a       0x20 contiki-srf06-cc26xx.a(er-coap.o)
                0x0000de2a                coap_set_header_location_query
 .text.coap_set_header_location_path
                0x0000de4a       0x40 contiki-srf06-cc26xx.a(er-coap.o)
                0x0000de4a                coap_set_header_location_path
 .text.coap_get_header_observe
                0x0000de8a       0x18 contiki-srf06-cc26xx.a(er-coap.o)
                0x0000de8a                coap_get_header_observe
 .text.coap_set_header_observe
                0x0000dea2        0xe contiki-srf06-cc26xx.a(er-coap.o)
                0x0000dea2                coap_set_header_observe
 .text.coap_get_header_block2
                0x0000deb0       0x32 contiki-srf06-cc26xx.a(er-coap.o)
                0x0000deb0                coap_get_header_block2
 .text.coap_set_header_block2
                0x0000dee2       0x32 contiki-srf06-cc26xx.a(er-coap.o)
                0x0000dee2                coap_set_header_block2
 .text.coap_set_header_block1
                0x0000df14       0x2e contiki-srf06-cc26xx.a(er-coap.o)
                0x0000df14                coap_set_header_block1
 .text.coap_get_header_size2
                0x0000df42       0x1a contiki-srf06-cc26xx.a(er-coap.o)
                0x0000df42                coap_get_header_size2
 .text.coap_set_header_size2
                0x0000df5c       0x10 contiki-srf06-cc26xx.a(er-coap.o)
                0x0000df5c                coap_set_header_size2
 .text.coap_get_payload
                0x0000df6c       0x12 contiki-srf06-cc26xx.a(er-coap.o)
                0x0000df6c                coap_get_payload
 .text.coap_set_payload
                0x0000df7e       0x12 contiki-srf06-cc26xx.a(er-coap.o)
                0x0000df7e                coap_set_payload
 .text.coap_get_rest_method
                0x0000df90        0xc contiki-srf06-cc26xx.a(er-coap-engine.)
                0x0000df90                coap_get_rest_method
 .text.coap_notify_observers
                0x0000df9c        0x6 contiki-srf06-cc26xx.a(er-coap-observe)
                0x0000df9c                coap_notify_observers
 .text.coap_separate_resume
                0x0000dfa2       0x30 contiki-srf06-cc26xx.a(er-coap-separat)
                0x0000dfa2                coap_separate_resume
 .text.fade     0x0000dfd2       0x54 contiki-srf06-cc26xx.a(contiki-main.o)
 .text.select_on_bus
                0x0000e026        0x8 contiki-srf06-cc26xx.a(bmp-280-sensor.)
 .text.status_right
                0x0000e02e       0x10 contiki-srf06-cc26xx.a(button-sensor.o)
 .text.config_left
                0x0000e03e        0xc contiki-srf06-cc26xx.a(button-sensor.o)
 .text.config_right
                0x0000e04a        0xc contiki-srf06-cc26xx.a(button-sensor.o)
 .text.status_left
                0x0000e056       0x10 contiki-srf06-cc26xx.a(button-sensor.o)
 .text.lpm_wakeup_handler
                0x0000e066        0x4 contiki-srf06-cc26xx.a(board.o)
 .text.clock_update
                0x0000e06a       0x16 contiki-srf06-cc26xx.a(clock.o)
                0x0000e06a                clock_update
 .text.rtimer_arch_init
                0x0000e080        0x2 contiki-srf06-cc26xx.a(rtimer-arch.o)
                0x0000e080                rtimer_arch_init
 .text.rtimer_arch_schedule
                0x0000e082        0x8 contiki-srf06-cc26xx.a(rtimer-arch.o)
                0x0000e082                rtimer_arch_schedule
 .text.rtimer_arch_now
                0x0000e08a        0x4 contiki-srf06-cc26xx.a(rtimer-arch.o)
                0x0000e08a                rtimer_arch_now
 .text.putchar  0x0000e08e        0xe contiki-srf06-cc26xx.a(putchar.o)
                0x0000e08e                putchar
 .text.puts     0x0000e09c       0x2c contiki-srf06-cc26xx.a(putchar.o)
                0x0000e09c                puts
 .text.dbg_send_bytes
                0x0000e0c8       0x28 contiki-srf06-cc26xx.a(putchar.o)
                0x0000e0c8                dbg_send_bytes
 .text.IntMasterEnable
                0x0000e0f0        0xe contiki-srf06-cc26xx.a(lpm.o)
 .text.oscillators_select_lf_rcosc
                0x0000e0fe       0x30 contiki-srf06-cc26xx.a(oscillators.o)
                0x0000e0fe                oscillators_select_lf_rcosc
 .text.oscillators_request_hf_xosc
                0x0000e12e       0x24 contiki-srf06-cc26xx.a(oscillators.o)
                0x0000e12e                oscillators_request_hf_xosc
 .text.request  0x0000e152       0x10 contiki-srf06-cc26xx.a(ieee-mode.o)
 .text.soft_on  0x0000e162       0x16 contiki-srf06-cc26xx.a(ieee-mode.o)
 .text.transmitting
                0x0000e178       0x3e contiki-srf06-cc26xx.a(ieee-mode.o)
 .text.get_cca_info.part.3
                0x0000e1b6       0x30 contiki-srf06-cc26xx.a(ieee-mode.o)
 .text.send     0x0000e1e6       0x12 contiki-srf06-cc26xx.a(ieee-mode.o)
 .text.channel_clear
                0x0000e1f8       0x54 contiki-srf06-cc26xx.a(ieee-mode.o)
 .text.receiving_packet
                0x0000e24c       0x3a contiki-srf06-cc26xx.a(ieee-mode.o)
 .text.write_str
                0x0000e286       0x10 contiki-srf06-cc26xx.a(dbg-printf.o)
 .text.buffer_str
                0x0000e296       0x28 contiki-srf06-cc26xx.a(dbg-snprintf.o)
 .text.snprintf
                0x0000e2be       0x1a contiki-srf06-cc26xx.a(dbg-snprintf.o)
                0x0000e2be                snprintf
 .text.buffer_str
                0x0000e2d8       0x16 contiki-srf06-cc26xx.a(dbg-sprintf.o)
 .text.autostart_start
                0x0000e2ee       0x14 contiki-srf06-cc26xx.a(autostart.o)
                0x0000e2ee                autostart_start
 .text.energest_init
                0x0000e302        0x2 contiki-srf06-cc26xx.a(energest.o)
                0x0000e302                energest_init
 .text.etimer_set
                0x0000e304       0x12 contiki-srf06-cc26xx.a(etimer.o)
                0x0000e304                etimer_set
 .text.etimer_reset
                0x0000e316       0x12 contiki-srf06-cc26xx.a(etimer.o)
                0x0000e316                etimer_reset
 .text.etimer_restart
                0x0000e328       0x12 contiki-srf06-cc26xx.a(etimer.o)
                0x0000e328                etimer_restart
 .text.etimer_expired
                0x0000e33a        0xa contiki-srf06-cc26xx.a(etimer.o)
                0x0000e33a                etimer_expired
 .text.etimer_expiration_time
                0x0000e344        0x6 contiki-srf06-cc26xx.a(etimer.o)
                0x0000e344                etimer_expiration_time
 .text.call_process
                0x0000e34a        0xc contiki-srf06-cc26xx.a(process.o)
 .text.rtimer_init
                0x0000e356        0x4 contiki-srf06-cc26xx.a(rtimer.o)
                0x0000e356                rtimer_init
 .text.timer_set
                0x0000e35a        0xe contiki-srf06-cc26xx.a(timer.o)
                0x0000e35a                timer_set
 .text.timer_reset
                0x0000e368        0xa contiki-srf06-cc26xx.a(timer.o)
                0x0000e368                timer_reset
 .text.timer_restart
                0x0000e372        0xc contiki-srf06-cc26xx.a(timer.o)
                0x0000e372                timer_restart
 .text.timer_expired
                0x0000e37e       0x1c contiki-srf06-cc26xx.a(timer.o)
                0x0000e37e                timer_expired
 .text.list_init
                0x0000e39a        0x6 contiki-srf06-cc26xx.a(list.o)
                0x0000e39a                list_init
 .text.list_head
                0x0000e3a0        0x4 contiki-srf06-cc26xx.a(list.o)
                0x0000e3a0                list_head
 .text.list_tail
                0x0000e3a4       0x10 contiki-srf06-cc26xx.a(list.o)
                0x0000e3a4                list_tail
 .text.list_remove
                0x0000e3b4       0x28 contiki-srf06-cc26xx.a(list.o)
                0x0000e3b4                list_remove
 .text.list_add
                0x0000e3dc       0x1e contiki-srf06-cc26xx.a(list.o)
                0x0000e3dc                list_add
 .text.list_push
                0x0000e3fa       0x12 contiki-srf06-cc26xx.a(list.o)
                0x0000e3fa                list_push
 .text.list_length
                0x0000e40c        0xe contiki-srf06-cc26xx.a(list.o)
                0x0000e40c                list_length
 .text.list_item_next
                0x0000e41a        0x6 contiki-srf06-cc26xx.a(list.o)
                0x0000e41a                list_item_next
 .text.memb_init
                0x0000e420       0x20 contiki-srf06-cc26xx.a(memb.o)
                0x0000e420                memb_init
 .text.memb_alloc
                0x0000e440       0x28 contiki-srf06-cc26xx.a(memb.o)
                0x0000e440                memb_alloc
 .text.memb_free
                0x0000e468       0x2c contiki-srf06-cc26xx.a(memb.o)
                0x0000e468                memb_free
 .text.memb_inmemb
                0x0000e494       0x1c contiki-srf06-cc26xx.a(memb.o)
                0x0000e494                memb_inmemb
 .text.memb_numfree
                0x0000e4b0       0x1c contiki-srf06-cc26xx.a(memb.o)
                0x0000e4b0                memb_numfree
 .text.random_init
                0x0000e4cc        0x4 contiki-srf06-cc26xx.a(random.o)
                0x0000e4cc                random_init
 .text.random_rand
                0x0000e4d0        0xa contiki-srf06-cc26xx.a(random.o)
                0x0000e4d0                random_rand
 .text.ringbuf_init
                0x0000e4da        0xe contiki-srf06-cc26xx.a(ringbuf.o)
                0x0000e4da                ringbuf_init
 .text.ringbuf_get
                0x0000e4e8       0x20 contiki-srf06-cc26xx.a(ringbuf.o)
                0x0000e4e8                ringbuf_get
 .text.chksum   0x0000e508       0x38 contiki-srf06-cc26xx.a(uip6.o)
 .text.uip_icmp6chksum
                0x0000e540        0x6 contiki-srf06-cc26xx.a(uip6.o)
                0x0000e540                uip_icmp6chksum
 .text.uip_udpchksum
                0x0000e546        0x6 contiki-srf06-cc26xx.a(uip6.o)
                0x0000e546                uip_udpchksum
 .text.uip_htonl
                0x0000e54c       0x14 contiki-srf06-cc26xx.a(uip6.o)
                0x0000e54c                uip_htonl
 .text.uip_ds6_list_loop
                0x0000e560       0x48 contiki-srf06-cc26xx.a(uip-ds6.o)
                0x0000e560                uip_ds6_list_loop
 .text.uip_ds6_maddr_rm
                0x0000e5a8        0x8 contiki-srf06-cc26xx.a(uip-ds6.o)
                0x0000e5a8                uip_ds6_maddr_rm
 .text.uip_ds6_set_addr_iid
                0x0000e5b0       0x12 contiki-srf06-cc26xx.a(uip-ds6.o)
                0x0000e5b0                uip_ds6_set_addr_iid
 .text.get_match_length
                0x0000e5c2       0x3a contiki-srf06-cc26xx.a(uip-ds6.o)
                0x0000e5c2                get_match_length
 .text.uip_ds6_nbr_ipaddr_from_lladdr
                0x0000e5fc        0x4 contiki-srf06-cc26xx.a(uip-ds6-nbr.o)
                0x0000e5fc                uip_ds6_nbr_ipaddr_from_lladdr
 .text.uip_ds6_nbr_lladdr_from_ipaddr
                0x0000e600       0x12 contiki-srf06-cc26xx.a(uip-ds6-nbr.o)
                0x0000e600                uip_ds6_nbr_lladdr_from_ipaddr
 .text.uip_ds6_route_next
                0x0000e612        0x8 contiki-srf06-cc26xx.a(uip-ds6-route.o)
                0x0000e612                uip_ds6_route_next
 .text.rm_routelist_callback
                0x0000e61a        0x4 contiki-srf06-cc26xx.a(uip-ds6-route.o)
 .text.uip_nd6_init
                0x0000e61e        0x2 contiki-srf06-cc26xx.a(uip-nd6.o)
                0x0000e61e                uip_nd6_init
 .text.rpl_remove_routes
                0x0000e620       0x1e contiki-srf06-cc26xx.a(rpl.o)
                0x0000e620                rpl_remove_routes
 .text.rpl_remove_routes_by_nexthop
                0x0000e63e       0x36 contiki-srf06-cc26xx.a(rpl.o)
                0x0000e63e                rpl_remove_routes_by_nexthop
 .text.rpl_add_route
                0x0000e674       0x28 contiki-srf06-cc26xx.a(rpl.o)
                0x0000e674                rpl_add_route
 .text.lollipop_greater_than
                0x0000e69c       0x34 contiki-srf06-cc26xx.a(rpl-dag.o)
 .text.check_prefix
                0x0000e6d0       0x58 contiki-srf06-cc26xx.a(rpl-dag.o)
 .text.rpl_set_prefix
                0x0000e728       0x6c contiki-srf06-cc26xx.a(rpl-dag.o)
                0x0000e728                rpl_set_prefix
 .text.rpl_set_default_route
                0x0000e794       0x38 contiki-srf06-cc26xx.a(rpl-dag.o)
                0x0000e794                rpl_set_default_route
 .text.rpl_find_parent
                0x0000e7cc       0x16 contiki-srf06-cc26xx.a(rpl-dag.o)
                0x0000e7cc                rpl_find_parent
 .text.rpl_find_parent_any_dag
                0x0000e7e2       0x1e contiki-srf06-cc26xx.a(rpl-dag.o)
                0x0000e7e2                rpl_find_parent_any_dag
 .text.rpl_select_dag
                0x0000e800      0x152 contiki-srf06-cc26xx.a(rpl-dag.o)
                0x0000e800                rpl_select_dag
 .text.rpl_nullify_parent
                0x0000e952       0x48 contiki-srf06-cc26xx.a(rpl-dag.o)
                0x0000e952                rpl_nullify_parent
 .text.nbr_callback
                0x0000e99a        0x4 contiki-srf06-cc26xx.a(rpl-dag.o)
 .text.rpl_free_dag
                0x0000e99e       0x2e contiki-srf06-cc26xx.a(rpl-dag.o)
                0x0000e99e                rpl_free_dag
 .text.rpl_move_parent
                0x0000e9cc       0x48 contiki-srf06-cc26xx.a(rpl-dag.o)
                0x0000e9cc                rpl_move_parent
 .text.rpl_repair_root
                0x0000ea14       0x48 contiki-srf06-cc26xx.a(rpl-dag.o)
                0x0000ea14                rpl_repair_root
 .text.rpl_alloc_dag
                0x0000ea5c       0x48 contiki-srf06-cc26xx.a(rpl-dag.o)
                0x0000ea5c                rpl_alloc_dag
 .text.rpl_process_parent_event
                0x0000eaa4       0x60 contiki-srf06-cc26xx.a(rpl-dag.o)
                0x0000eaa4                rpl_process_parent_event
 .text.rpl_add_dag
                0x0000eb04      0x10c contiki-srf06-cc26xx.a(rpl-dag.o)
                0x0000eb04                rpl_add_dag
 .text.rpl_process_dio
                0x0000ec10      0x2bc contiki-srf06-cc26xx.a(rpl-dag.o)
                0x0000ec10                rpl_process_dio
 .text.get32    0x0000eecc       0x18 contiki-srf06-cc26xx.a(rpl-icmp6.o)
 .text.set32    0x0000eee4       0x12 contiki-srf06-cc26xx.a(rpl-icmp6.o)
 .text.get16    0x0000eef6        0xc contiki-srf06-cc26xx.a(rpl-icmp6.o)
 .text.set16    0x0000ef02        0xa contiki-srf06-cc26xx.a(rpl-icmp6.o)
 .text.reset    0x0000ef0c        0x2 contiki-srf06-cc26xx.a(rpl-mrhof.o)
 .text.update_metric_container
                0x0000ef0e        0x6 contiki-srf06-cc26xx.a(rpl-mrhof.o)
 .text.calculate_rank
                0x0000ef14       0x34 contiki-srf06-cc26xx.a(rpl-mrhof.o)
 .text.neighbor_link_callback
                0x0000ef48       0x46 contiki-srf06-cc26xx.a(rpl-mrhof.o)
 .text.best_dag
                0x0000ef8e       0x2c contiki-srf06-cc26xx.a(rpl-mrhof.o)
 .text.best_parent
                0x0000efba       0x5a contiki-srf06-cc26xx.a(rpl-mrhof.o)
 .text.handle_unicast_dio_timer
                0x0000f014       0x1c contiki-srf06-cc26xx.a(rpl-timers.o)
 .text.rpl_reset_dio_timer
                0x0000f030       0x1c contiki-srf06-cc26xx.a(rpl-timers.o)
                0x0000f030                rpl_reset_dio_timer
 .text.rpl_schedule_dao
                0x0000f04c        0x8 contiki-srf06-cc26xx.a(rpl-timers.o)
                0x0000f04c                rpl_schedule_dao
 .text.NOROM_CPUcpsid
                0x0000f054        0x8 contiki-srf06-cc26xx.a(cpu.o)
                0x0000f054                NOROM_CPUcpsid
 .text.NOROM_CPUcpsie
                0x0000f05c        0x8 contiki-srf06-cc26xx.a(cpu.o)
                0x0000f05c                NOROM_CPUcpsie
 .text.NOROM_CPUdelay
                0x0000f064        0x8 contiki-srf06-cc26xx.a(cpu.o)
                0x0000f064                NOROM_CPUdelay
 .text.linkaddr_copy
                0x0000f06c        0xa contiki-srf06-cc26xx.a(linkaddr.o)
                0x0000f06c                linkaddr_copy
 .text.linkaddr_cmp
                0x0000f076       0x10 contiki-srf06-cc26xx.a(linkaddr.o)
                0x0000f076                linkaddr_cmp
 .text.nbr_set_bit
                0x0000f086       0x38 contiki-srf06-cc26xx.a(nbr-table.o)
 .text.item_from_key
                0x0000f0be       0x22 contiki-srf06-cc26xx.a(nbr-table.o)
 .text.nbr_table_next
                0x0000f0e0       0x2e contiki-srf06-cc26xx.a(nbr-table.o)
                0x0000f0e0                nbr_table_next
 .text.nbr_table_get_from_lladdr
                0x0000f10e       0x32 contiki-srf06-cc26xx.a(nbr-table.o)
                0x0000f10e                nbr_table_get_from_lladdr
 .text.nbr_table_get_lladdr
                0x0000f140        0xc contiki-srf06-cc26xx.a(nbr-table.o)
                0x0000f140                nbr_table_get_lladdr
 .text.parse    0x0000f14c       0x94 contiki-srf06-cc26xx.a(framer-802154.o)
 .text.create   0x0000f1e0        0x6 contiki-srf06-cc26xx.a(framer-802154.o)
 .text.hdr_length
                0x0000f1e6        0x6 contiki-srf06-cc26xx.a(framer-802154.o)
 .text.channel_check_interval
                0x0000f1ec        0x4 contiki-srf06-cc26xx.a(nullmac.o)
 .text.init     0x0000f1f0        0x2 contiki-srf06-cc26xx.a(nullmac.o)
 .text.channel_check_interval
                0x0000f1f2        0x4 contiki-srf06-cc26xx.a(nullrdc.o)
 .text.init     0x0000f1f6        0x4 contiki-srf06-cc26xx.a(nullrdc.o)
 .text.send_list
                0x0000f1fa       0x20 contiki-srf06-cc26xx.a(nullrdc.o)
 .text.send_packet
                0x0000f21a        0x4 contiki-srf06-cc26xx.a(nullrdc.o)
 .text.init     0x0000f21e        0x2 contiki-srf06-cc26xx.a(nullsec.o)
 .text.sensor_common_read_reg
                0x0000f220       0x1a contiki-srf06-cc26xx.a(sensor-common.o)
                0x0000f220                sensor_common_read_reg
 .text.sensor_common_set_error_data
                0x0000f23a        0xe contiki-srf06-cc26xx.a(sensor-common.o)
                0x0000f23a                sensor_common_set_error_data
 .text.ext_flash_init
                0x0000f248        0xe contiki-srf06-cc26xx.a(ext-flash.o)
                0x0000f248                ext_flash_init
 .text.IntMasterEnable
                0x0000f256        0xe contiki-srf06-cc26xx.a(rf-core.o)
 .text.rf_core_init_radio_op
                0x0000f264       0x1e contiki-srf06-cc26xx.a(rf-core.o)
                0x0000f264                rf_core_init_radio_op
 .text.rf_core_boot
                0x0000f282       0x1c contiki-srf06-cc26xx.a(rf-core.o)
                0x0000f282                rf_core_boot
 .text.stimer_set
                0x0000f29e        0xe contiki-srf06-cc26xx.a(stimer.o)
                0x0000f29e                stimer_set
 .text.ThisCodeIsBuiltForCC26xxHwRev22AndLater_HaltIfViolated
                0x0000f2ac       0x14 contiki-srf06-cc26xx.a(chipinfo.o)
                0x0000f2ac                ThisCodeIsBuiltForCC26xxHwRev22AndLater_HaltIfViolated
 .text.frame802154_has_panid
                0x0000f2c0       0x4c contiki-srf06-cc26xx.a(frame802154.o)
                0x0000f2c0                frame802154_has_panid
 .text.field_len
                0x0000f30c       0x84 contiki-srf06-cc26xx.a(frame802154.o)
 .text.frame802154_is_broadcast_addr
                0x0000f390       0x1e contiki-srf06-cc26xx.a(frame802154.o)
                0x0000f390                frame802154_is_broadcast_addr
 .text.frame802154_hdrlen
                0x0000f3ae       0x32 contiki-srf06-cc26xx.a(frame802154.o)
                0x0000f3ae                frame802154_hdrlen
 .text.frame802154_create
                0x0000f3e0       0xe6 contiki-srf06-cc26xx.a(frame802154.o)
                0x0000f3e0                frame802154_create
 .text.mac_call_sent_callback
                0x0000f4c6       0x16 contiki-srf06-cc26xx.a(mac.o)
                0x0000f4c6                mac_call_sent_callback
 *(SORT(.rodata*))
 *fill*         0x0000f4dc        0x4 00000000