Archive member included because of file (symbol)

contiki-srf06-cc26xx.a(er-coap.o)
                              er-example-client.co (coap_init_message)
contiki-srf06-cc26xx.a(er-coap-engine.)
                              er-example-client.co (coap_init_engine)
contiki-srf06-cc26xx.a(er-coap-transac)
                              contiki-srf06-cc26xx.a(er-coap-engine.) (coap_register_as_transaction_handler)
contiki-srf06-cc26xx.a(er-coap-observe)
                              contiki-srf06-cc26xx.a(er-coap-transac) (coap_remove_observer_by_client)
contiki-srf06-cc26xx.a(er-coap-separat)
                              obj_srf06-cc26xx/res-separate.o (coap_separate_reject)
contiki-srf06-cc26xx.a(er-coap-res-wel)
                              contiki-srf06-cc26xx.a(er-coap-engine.) (res_well_known_core)
contiki-srf06-cc26xx.a(er-coap-block1.)
                              obj_srf06-cc26xx/res-b1-sep-b2.o (coap_block1_handler)
contiki-srf06-cc26xx.a(er-coap-observe)
                              contiki-srf06-cc26xx.a(er-coap-engine.) (coap_handle_notification)
contiki-srf06-cc26xx.a(rest-engine.o)
                              contiki-srf06-cc26xx.a(er-coap-engine.) (rest_activate_resource)
contiki-srf06-cc26xx.a(contiki-main.o)
                              obj_srf06-cc26xx/startup_gcc.o (main)
contiki-srf06-cc26xx.a(sensors.o)
                              er-example-client.co (sensors_event)
contiki-srf06-cc26xx.a(leds.o)
                              contiki-srf06-cc26xx.a(contiki-main.o) (leds_init)
contiki-srf06-cc26xx.a(leds-arch.o)
                              contiki-srf06-cc26xx.a(leds.o) (leds_arch_init)
contiki-srf06-cc26xx.a(sensortag-senso)
                              contiki-srf06-cc26xx.a(sensors.o) (sensors_flags)
contiki-srf06-cc26xx.a(bmp-280-sensor.)
                              contiki-srf06-cc26xx.a(sensortag-senso) (bmp_280_sensor)
contiki-srf06-cc26xx.a(tmp-007-sensor.)
                              contiki-srf06-cc26xx.a(sensortag-senso) (tmp_007_sensor)
contiki-srf06-cc26xx.a(opt-3001-sensor)
                              contiki-srf06-cc26xx.a(sensortag-senso) (opt_3001_sensor)
contiki-srf06-cc26xx.a(hdc-1000-sensor)
                              contiki-srf06-cc26xx.a(sensortag-senso) (hdc_1000_sensor)
contiki-srf06-cc26xx.a(mpu-9250-sensor)
                              obj_srf06-cc26xx/res-mpu.o (mpu_9250_sensor)
contiki-srf06-cc26xx.a(button-sensor.o)
                              contiki-srf06-cc26xx.a(sensortag-senso) (button_right_sensor)
contiki-srf06-cc26xx.a(reed-relay.o)
                              contiki-srf06-cc26xx.a(sensortag-senso) (reed_relay_sensor)
contiki-srf06-cc26xx.a(board.o)
                              contiki-srf06-cc26xx.a(contiki-main.o) (board_init)
contiki-srf06-cc26xx.a(board-i2c.o)
                              contiki-srf06-cc26xx.a(board.o) (board_i2c_wakeup)
contiki-srf06-cc26xx.a(clock.o)
                              contiki-srf06-cc26xx.a(contiki-main.o) (clock_init)
contiki-srf06-cc26xx.a(rtimer-arch.o)
                              contiki-srf06-cc26xx.a(mpu-9250-sensor) (rtimer_arch_now)
contiki-srf06-cc26xx.a(soc-rtc.o)
                              contiki-srf06-cc26xx.a(contiki-main.o) (soc_rtc_init)
contiki-srf06-cc26xx.a(contiki-watchdo)
                              contiki-srf06-cc26xx.a(contiki-main.o) (watchdog_init)
contiki-srf06-cc26xx.a(putchar.o)
                              obj_srf06-cc26xx/res-b1-sep-b2.o (putchar)
contiki-srf06-cc26xx.a(ieee-addr.o)
                              contiki-srf06-cc26xx.a(contiki-main.o) (ieee_addr_cpy_to)
contiki-srf06-cc26xx.a(cc26xx-uart.o)
                              contiki-srf06-cc26xx.a(contiki-main.o) (cc26xx_uart_init)
contiki-srf06-cc26xx.a(lpm.o)
                              contiki-srf06-cc26xx.a(button-sensor.o) (lpm_shutdown)
contiki-srf06-cc26xx.a(gpio-interrupt.)
                              contiki-srf06-cc26xx.a(button-sensor.o) (gpio_interrupt_register_handler)
contiki-srf06-cc26xx.a(oscillators.o)
                              contiki-srf06-cc26xx.a(contiki-main.o) (oscillators_select_lf_xosc)
contiki-srf06-cc26xx.a(ieee-mode.o)
                              contiki-srf06-cc26xx.a(contiki-main.o) (ieee_mode_driver)
contiki-srf06-cc26xx.a(dbg-printf.o)
                              er-example-client.co (printf)
contiki-srf06-cc26xx.a(dbg-snprintf.o)
                              obj_srf06-cc26xx/res-mirror.o (snprintf)
contiki-srf06-cc26xx.a(dbg-sprintf.o)
                              obj_srf06-cc26xx/res-mpu.o (sprintf)
contiki-srf06-cc26xx.a(strformat.o)
                              contiki-srf06-cc26xx.a(dbg-printf.o) (format_str_v)
contiki-srf06-cc26xx.a(autostart.o)
                              contiki-srf06-cc26xx.a(contiki-main.o) (autostart_start)
contiki-srf06-cc26xx.a(ctimer.o)
                              contiki-srf06-cc26xx.a(contiki-main.o) (ctimer_init)
contiki-srf06-cc26xx.a(energest.o)
[...]
Memory Configuration

Name             Origin             Length             Attributes
FLASH            0x00000000         0x0001ffa8         xr
FLASH_CCFG       0x0001ffa8         0x00000058         xr
SRAM             0x20000000         0x00005000         xrw
GPRAM            0x11000000         0x00002000         xrw
*default*        0x00000000         0xffffffff

Linker script and memory map

LOAD obj_srf06-cc26xx/fault-handlers.o
LOAD obj_srf06-cc26xx/ccfg.o
LOAD obj_srf06-cc26xx/startup_gcc.o
LOAD er-example-client.co
LOAD obj_srf06-cc26xx/res-light.o
LOAD obj_srf06-cc26xx/res-hello.o
LOAD obj_srf06-cc26xx/res-mirror.o
LOAD obj_srf06-cc26xx/res-mpu.o
LOAD obj_srf06-cc26xx/res-sht11.o
LOAD obj_srf06-cc26xx/res-battery.o
LOAD obj_srf06-cc26xx/res-event.o
LOAD obj_srf06-cc26xx/res-green.o
LOAD obj_srf06-cc26xx/res-red.o
LOAD obj_srf06-cc26xx/res-temperature.o
LOAD obj_srf06-cc26xx/res-b1-sep-b2.o
LOAD obj_srf06-cc26xx/res-radio.o
LOAD obj_srf06-cc26xx/res-sub.o
LOAD obj_srf06-cc26xx/res-toggle.o
LOAD obj_srf06-cc26xx/res-separate.o
LOAD obj_srf06-cc26xx/res-push.o
LOAD obj_srf06-cc26xx/res-chunks.o
LOAD contiki-srf06-cc26xx.a
LOAD /usr/bin/../lib/gcc/arm-none-eabi/4.9.3/../../../../arm-none-eabi/lib/armv7-m/libm.a
START GROUP
LOAD /usr/bin/../lib/gcc/arm-none-eabi/4.9.3/armv7-m/libgcc.a
LOAD /usr/bin/../lib/gcc/arm-none-eabi/4.9.3/../../../../arm-none-eabi/lib/armv7-m/libc.a
END GROUP
                0x20005000                _estack = (ORIGIN (SRAM) + 0x5000)
                0x00000000                _Min_Heap_Size = 0x0
                0x00000100                _Min_Stack_Size = 0x100

.text           0x00000000     0xec73
                0x00000000                _text = .
 *(SORT(.vectors))
 .vectors       0x00000000       0xc8 obj_srf06-cc26xx/startup_gcc.o
                0x00000000                gVectors
 *(SORT(.text*))
 .text.value    0x000000c8       0xa0 contiki-srf06-cc26xx.a(opt-3001-sensor)
 .text.value    0x00000168       0x94 contiki-srf06-cc26xx.a(hdc-1000-sensor)
 *fill*         0x000001fc        0x4 00000000
 .text.value    0x00000200      0x15c contiki-srf06-cc26xx.a(mpu-9250-sensor)
 *fill*         0x0000035c        0x4 00000000
 .text.__ieee754_pow
                0x00000360      0xaa0 /usr/bin/../lib/gcc/arm-none-eabi/4.9.3/../../../../arm-none-eabi/lib/armv7-m/libm.a(lib_a-e_pow.o)
                0x00000360                __ieee754_pow
 .text.scalbn   0x00000e00       0xec /usr/bin/../lib/gcc/arm-none-eabi/4.9.3/../../../../arm-none-eabi/lib/armv7-m/libm.a(lib_a-s_scalbn.o)
                0x00000e00                scalbn
 .text.FaultISR
                0x00000eec       0x18 obj_srf06-cc26xx/fault-handlers.o
                0x00000eec                FaultISR
 .text.ResetISR
                0x00000f04       0x4c obj_srf06-cc26xx/startup_gcc.o
                0x00000f04                ResetISR
 .text.process_thread_er_example_client
                0x00000f50      0x1b4 er-example-client.co
 .text.client_chunk_handler
                0x00001104       0x1c er-example-client.co
                0x00001104                client_chunk_handler
 .text.coap_init_connection
                0x00001120       0x28 contiki-srf06-cc26xx.a(er-coap.o)
                0x00001120                coap_init_connection
 .text.coap_get_mid
                0x00001148       0x10 contiki-srf06-cc26xx.a(er-coap.o)
                0x00001148                coap_get_mid
 .text.coap_serialize_message
                0x00001158      0x2e4 contiki-srf06-cc26xx.a(er-coap.o)
                0x00001158                coap_serialize_message
 .text.coap_send_message
                0x0000143c       0x4c contiki-srf06-cc26xx.a(er-coap.o)
                0x0000143c                coap_send_message
 .text.coap_parse_message
                0x00001488      0x2e4 contiki-srf06-cc26xx.a(er-coap.o)
                0x00001488                coap_parse_message
 .text.process_thread_coap_engine
                0x0000176c      0x38c contiki-srf06-cc26xx.a(er-coap-engine.)
 .text.coap_init_engine
                0x00001af8        0xc contiki-srf06-cc26xx.a(er-coap-engine.)
                0x00001af8                coap_init_engine
 .text.coap_blocking_request
                0x00001b04       0xec contiki-srf06-cc26xx.a(er-coap-engine.)
                0x00001b04                coap_blocking_request
 .text.coap_register_as_transaction_handler
                0x00001bf0       0x14 contiki-srf06-cc26xx.a(er-coap-transac)
                0x00001bf0                coap_register_as_transaction_handler
 .text.coap_new_transaction
                0x00001c04       0x44 contiki-srf06-cc26xx.a(er-coap-transac)
                0x00001c04                coap_new_transaction
 .text.coap_clear_transaction
                0x00001c48       0x2c contiki-srf06-cc26xx.a(er-coap-transac)
                0x00001c48                coap_clear_transaction
 .text.coap_send_transaction
                0x00001c74       0x98 contiki-srf06-cc26xx.a(er-coap-transac)
                0x00001c74                coap_send_transaction
 .text.coap_get_transaction_by_mid
                0x00001d0c       0x1c contiki-srf06-cc26xx.a(er-coap-transac)
                0x00001d0c                coap_get_transaction_by_mid
 .text.coap_check_transactions
                0x00001d28       0x2c contiki-srf06-cc26xx.a(er-coap-transac)
                0x00001d28                coap_check_transactions
 .text.coap_remove_observer
                0x00001d54       0x20 contiki-srf06-cc26xx.a(er-coap-observe)
                0x00001d54                coap_remove_observer
 .text.coap_remove_observer_by_client
                0x00001d74       0x3c contiki-srf06-cc26xx.a(er-coap-observe)
                0x00001d74                coap_remove_observer_by_client
 .text.coap_remove_observer_by_mid
                0x00001db0       0x48 contiki-srf06-cc26xx.a(er-coap-observe)
                0x00001db0                coap_remove_observer_by_mid
 .text.well_known_core_get_handler
                0x00001df8      0x168 contiki-srf06-cc26xx.a(er-coap-res-wel)
                0x00001df8                well_known_core_get_handler
 .text.classify_notification
                0x00001f60       0x54 contiki-srf06-cc26xx.a(er-coap-observe)
 .text.simple_reply.isra.1
                0x00001fb4       0x38 contiki-srf06-cc26xx.a(er-coap-observe)
 .text.coap_get_obs_subject_by_token
                0x00001fec       0x40 contiki-srf06-cc26xx.a(er-coap-observe)
                0x00001fec                coap_get_obs_subject_by_token
 .text.coap_handle_notification
                0x0000202c       0xa8 contiki-srf06-cc26xx.a(er-coap-observe)
                0x0000202c                coap_handle_notification
 .text.rest_activate_resource
                0x000020d4       0x34 contiki-srf06-cc26xx.a(rest-engine.o)
                0x000020d4                rest_activate_resource
 .text.rest_get_resources
                0x00002108        0x8 contiki-srf06-cc26xx.a(rest-engine.o)
                0x00002108                rest_get_resources
 .text.startup.main
                0x00002110      0x1e0 contiki-srf06-cc26xx.a(contiki-main.o)
                0x00002110                main
 .text.process_thread_sensors_process
                0x000022f0       0xd4 contiki-srf06-cc26xx.a(sensors.o)
 .text.sensors_changed
                0x000023c4       0x38 contiki-srf06-cc26xx.a(sensors.o)
                0x000023c4                sensors_changed
 .text.leds_init
                0x000023fc       0x14 contiki-srf06-cc26xx.a(leds.o)
                0x000023fc                leds_init
 .text.leds_on  0x00002410       0x10 contiki-srf06-cc26xx.a(leds.o)
                0x00002410                leds_on
 .text.leds_off
                0x00002420       0x14 contiki-srf06-cc26xx.a(leds.o)
                0x00002420                leds_off
 .text.leds_arch_init
                0x00002434       0x34 contiki-srf06-cc26xx.a(leds-arch.o)
                0x00002434                leds_arch_init
 .text.leds_arch_set
                0x00002468       0x34 contiki-srf06-cc26xx.a(leds-arch.o)
                0x00002468                leds_arch_set
 .text.status   0x0000249c       0x14 contiki-srf06-cc26xx.a(bmp-280-sensor.)
 .text.notify_ready
                0x000024b0       0x14 contiki-srf06-cc26xx.a(bmp-280-sensor.)
 .text.value    0x000024c4      0x15c contiki-srf06-cc26xx.a(bmp-280-sensor.)
 .text.configure
                0x00002620       0xac contiki-srf06-cc26xx.a(bmp-280-sensor.)
 .text.status   0x000026cc       0x14 contiki-srf06-cc26xx.a(tmp-007-sensor.)
 .text.notify_ready
                0x000026e0       0x14 contiki-srf06-cc26xx.a(tmp-007-sensor.)
 .text.enable_sensor
                0x000026f4       0x34 contiki-srf06-cc26xx.a(tmp-007-sensor.)
 .text.configure
                0x00002728       0x78 contiki-srf06-cc26xx.a(tmp-007-sensor.)
 .text.value    0x000027a0       0xd8 contiki-srf06-cc26xx.a(tmp-007-sensor.)
 .text.status   0x00002878        0xc contiki-srf06-cc26xx.a(opt-3001-sensor)
 .text.enable_sensor
                0x00002884       0x44 contiki-srf06-cc26xx.a(opt-3001-sensor)
 .text.configure
                0x000028c8       0x44 contiki-srf06-cc26xx.a(opt-3001-sensor)
 .text.notify_ready
                0x0000290c       0x50 contiki-srf06-cc26xx.a(opt-3001-sensor)
 .text.status   0x0000295c       0x14 contiki-srf06-cc26xx.a(hdc-1000-sensor)
 .text.notify_ready
                0x00002970       0x60 contiki-srf06-cc26xx.a(hdc-1000-sensor)
 .text.configure
                0x000029d0       0xa4 contiki-srf06-cc26xx.a(hdc-1000-sensor)
 .text.acc_convert
                0x00002a74       0x58 contiki-srf06-cc26xx.a(mpu-9250-sensor)
 .text.status   0x00002acc       0x14 contiki-srf06-cc26xx.a(mpu-9250-sensor)
 .text.notify_ready
                0x00002ae0       0x14 contiki-srf06-cc26xx.a(mpu-9250-sensor)
 .text.sensor_sleep
                0x00002af4       0x38 contiki-srf06-cc26xx.a(mpu-9250-sensor)
 .text.int_status
                0x00002b2c       0x28 contiki-srf06-cc26xx.a(mpu-9250-sensor)
 .text.configure
                0x00002b54       0xd4 contiki-srf06-cc26xx.a(mpu-9250-sensor)
 .text.initialise
                0x00002c28       0xf0 contiki-srf06-cc26xx.a(mpu-9250-sensor)
 .text.convert_to_le.constprop.4
                0x00002d18       0x20 contiki-srf06-cc26xx.a(mpu-9250-sensor)
 .text.status.part.0
                0x00002d38       0x14 contiki-srf06-cc26xx.a(button-sensor.o)
 .text.value_left
                0x00002d4c       0x24 contiki-srf06-cc26xx.a(button-sensor.o)
 .text.value_right
                0x00002d70       0x18 contiki-srf06-cc26xx.a(button-sensor.o)
 .text.button_press_handler
                0x00002d88       0x60 contiki-srf06-cc26xx.a(button-sensor.o)
 .text.config_buttons
                0x00002de8       0x84 contiki-srf06-cc26xx.a(button-sensor.o)
 .text.value    0x00002e6c       0x10 contiki-srf06-cc26xx.a(reed-relay.o)
 .text.status   0x00002e7c       0x20 contiki-srf06-cc26xx.a(reed-relay.o)
 .text.configure
                0x00002e9c       0x68 contiki-srf06-cc26xx.a(reed-relay.o)
 .text.reed_interrupt_handler
                0x00002f04       0x28 contiki-srf06-cc26xx.a(reed-relay.o)
 .text.power_domains_on
                0x00002f2c       0x20 contiki-srf06-cc26xx.a(board.o)
 .text.shutdown_handler
                0x00002f4c       0x64 contiki-srf06-cc26xx.a(board.o)
 .text.board_init
                0x00002fb0      0x118 contiki-srf06-cc26xx.a(board.o)
                0x00002fb0                board_init
 .text.I2CMasterBusy.isra.2
                0x000030c8       0x10 contiki-srf06-cc26xx.a(board-i2c.o)
 .text.I2CMasterBusBusy.isra.3
                0x000030d8       0x10 contiki-srf06-cc26xx.a(board-i2c.o)
 .text.accessible
                0x000030e8       0x24 contiki-srf06-cc26xx.a(board-i2c.o)
 .text.I2CMasterControl.isra.7
                0x0000310c       0x10 contiki-srf06-cc26xx.a(board-i2c.o)
 .text.i2c_status
                0x0000311c       0x2c contiki-srf06-cc26xx.a(board-i2c.o)
 .text.board_i2c_wakeup
                0x00003148       0x5c contiki-srf06-cc26xx.a(board-i2c.o)
                0x00003148                board_i2c_wakeup
 .text.board_i2c_shutdown
                0x000031a4       0xa4 contiki-srf06-cc26xx.a(board-i2c.o)
                0x000031a4                board_i2c_shutdown
 .text.board_i2c_write
                0x00003248       0x94 contiki-srf06-cc26xx.a(board-i2c.o)
                0x00003248                board_i2c_write
 .text.board_i2c_write_single
                0x000032dc       0x3c contiki-srf06-cc26xx.a(board-i2c.o)
                0x000032dc                board_i2c_write_single
 .text.board_i2c_read
                0x00003318       0x94 contiki-srf06-cc26xx.a(board-i2c.o)
                0x00003318                board_i2c_read
 .text.board_i2c_write_read
                0x000033ac       0xf4 contiki-srf06-cc26xx.a(board-i2c.o)
                0x000033ac                board_i2c_write_read
 .text.board_i2c_select
                0x000034a0       0xd0 contiki-srf06-cc26xx.a(board-i2c.o)
                0x000034a0                board_i2c_select
 .text.power_domain_on
                0x00003570       0x20 contiki-srf06-cc26xx.a(clock.o)
 .text.update_clock_variable
                0x00003590       0x2c contiki-srf06-cc26xx.a(clock.o)
 .text.clock_init
                0x000035bc       0x88 contiki-srf06-cc26xx.a(clock.o)
                0x000035bc                clock_init
 .text.clock_time
                0x00003644       0x14 contiki-srf06-cc26xx.a(clock.o)
                0x00003644                clock_time
 .text.clock_seconds
                0x00003658       0x18 contiki-srf06-cc26xx.a(clock.o)
                0x00003658                clock_seconds
 .text.soc_rtc_init
                0x00003670       0x90 contiki-srf06-cc26xx.a(soc-rtc.o)
                0x00003670                soc_rtc_init
 .text.soc_rtc_get_next_trigger
                0x00003700       0x24 contiki-srf06-cc26xx.a(soc-rtc.o)
                0x00003700                soc_rtc_get_next_trigger
 .text.soc_rtc_schedule_one_shot
                0x00003724       0x44 contiki-srf06-cc26xx.a(soc-rtc.o)
                0x00003724                soc_rtc_schedule_one_shot
 .text.soc_rtc_last_isr_time
                0x00003768        0xc contiki-srf06-cc26xx.a(soc-rtc.o)
                0x00003768                soc_rtc_last_isr_time
 .text.AONRTCIntHandler
                0x00003774       0x64 contiki-srf06-cc26xx.a(soc-rtc.o)
                0x00003774                AONRTCIntHandler
 .text.lock_config
                0x000037d8       0x18 contiki-srf06-cc26xx.a(contiki-watchdo)
 .text.unlock_config
                0x000037f0       0x2c contiki-srf06-cc26xx.a(contiki-watchdo)
 .text.watchdog_init
                0x0000381c       0x18 contiki-srf06-cc26xx.a(contiki-watchdo)
                0x0000381c                watchdog_init
 .text.watchdog_periodic
                0x00003834       0x14 contiki-srf06-cc26xx.a(contiki-watchdo)
                0x00003834                watchdog_periodic
 .text.watchdog_start
                0x00003848       0x20 contiki-srf06-cc26xx.a(contiki-watchdo)
                0x00003848                watchdog_start
 .text.ieee_addr_cpy_to
                0x00003868       0x3c contiki-srf06-cc26xx.a(ieee-addr.o)
                0x00003868                ieee_addr_cpy_to
 .text.power_and_clock
                0x000038a4       0x40 contiki-srf06-cc26xx.a(cc26xx-uart.o)
 .text.accessible
                0x000038e4       0x24 contiki-srf06-cc26xx.a(cc26xx-uart.o)
 .text.disable_interrupts
                0x00003908       0x30 contiki-srf06-cc26xx.a(cc26xx-uart.o)
 .text.enable   0x00003938       0xcc contiki-srf06-cc26xx.a(cc26xx-uart.o)
 .text.lpm_drop_handler
                0x00003a04       0xa4 contiki-srf06-cc26xx.a(cc26xx-uart.o)
 .text.cc26xx_uart_init
                0x00003aa8       0x28 contiki-srf06-cc26xx.a(cc26xx-uart.o)
                0x00003aa8                cc26xx_uart_init
 .text.cc26xx_uart_write_byte
                0x00003ad0       0x28 contiki-srf06-cc26xx.a(cc26xx-uart.o)
                0x00003ad0                cc26xx_uart_write_byte
 .text.cc26xx_uart_busy
                0x00003af8       0x18 contiki-srf06-cc26xx.a(cc26xx-uart.o)
                0x00003af8                cc26xx_uart_busy
 .text.UART0IntHandler
                0x00003b10       0x50 contiki-srf06-cc26xx.a(cc26xx-uart.o)
                0x00003b10                UART0IntHandler
 .text.lpm_shutdown
                0x00003b60      0x184 contiki-srf06-cc26xx.a(lpm.o)
                0x00003b60                lpm_shutdown
 .text.lpm_sleep
                0x00003ce4       0x14 contiki-srf06-cc26xx.a(lpm.o)
                0x00003ce4                lpm_sleep
 .text.lpm_drop
                0x00003cf8      0x1ac contiki-srf06-cc26xx.a(lpm.o)
                0x00003cf8                lpm_drop
 .text.lpm_register_module
                0x00003ea4        0xc contiki-srf06-cc26xx.a(lpm.o)
                0x00003ea4                lpm_register_module
 .text.lpm_unregister_module
                0x00003eb0        0xc contiki-srf06-cc26xx.a(lpm.o)
                0x00003eb0                lpm_unregister_module
 .text.lpm_init
                0x00003ebc       0x20 contiki-srf06-cc26xx.a(lpm.o)
                0x00003ebc                lpm_init
 .text.lpm_pin_set_default_state
                0x00003edc       0x30 contiki-srf06-cc26xx.a(lpm.o)
                0x00003edc                lpm_pin_set_default_state
 .text.gpio_interrupt_register_handler
                0x00003f0c       0x2c contiki-srf06-cc26xx.a(gpio-interrupt.)
                0x00003f0c                gpio_interrupt_register_handler
 .text.gpio_interrupt_init
                0x00003f38       0x24 contiki-srf06-cc26xx.a(gpio-interrupt.)
                0x00003f38                gpio_interrupt_init
 .text.GPIOIntHandler
                0x00003f5c       0x30 contiki-srf06-cc26xx.a(gpio-interrupt.)
                0x00003f5c                GPIOIntHandler
 .text.osc_interface_dis
                0x00003f8c       0x28 contiki-srf06-cc26xx.a(oscillators.o)
 .text.osc_interface_en
                0x00003fb4       0x30 contiki-srf06-cc26xx.a(oscillators.o)
 .text.oscillators_select_lf_xosc
                0x00003fe4       0x44 contiki-srf06-cc26xx.a(oscillators.o)
                0x00003fe4                oscillators_select_lf_xosc
 .text.oscillators_switch_to_hf_xosc
                0x00004028       0x28 contiki-srf06-cc26xx.a(oscillators.o)
                0x00004028                oscillators_switch_to_hf_xosc
 .text.oscillators_switch_to_hf_rc
                0x00004050       0x2c contiki-srf06-cc26xx.a(oscillators.o)
                0x00004050                oscillators_switch_to_hf_rc
 .text.release_data_entry
                0x0000407c       0x14 contiki-srf06-cc26xx.a(ieee-mode.o)
 .text.rf_is_on
                0x00004090       0x18 contiki-srf06-cc26xx.a(ieee-mode.o)
 .text.rx_on    0x000040a8       0x50 contiki-srf06-cc26xx.a(ieee-mode.o)
 .text.rf_radio_setup
                0x000040f8       0x70 contiki-srf06-cc26xx.a(ieee-mode.o)
 .text.pending_packet
                0x00004168       0x2c contiki-srf06-cc26xx.a(ieee-mode.o)
 .text.prepare  0x00004194       0x1c contiki-srf06-cc26xx.a(ieee-mode.o)
 .text.read_frame
                0x000041b0       0x4c contiki-srf06-cc26xx.a(ieee-mode.o)
 .text.soft_off
                0x000041fc       0x2c contiki-srf06-cc26xx.a(ieee-mode.o)
 .text.get_object
                0x00004228       0x38 contiki-srf06-cc26xx.a(ieee-mode.o)
 .text.rx_off   0x00004260       0x48 contiki-srf06-cc26xx.a(ieee-mode.o)
 .text.off      0x000042a8       0x4c contiki-srf06-cc26xx.a(ieee-mode.o)
 .text.on       0x000042f4       0x88 contiki-srf06-cc26xx.a(ieee-mode.o)
 .text.set_value
                0x0000437c      0x134 contiki-srf06-cc26xx.a(ieee-mode.o)
 .text.get_value
                0x000044b0       0xf0 contiki-srf06-cc26xx.a(ieee-mode.o)
 .text.transmit
                0x000045a0       0xa8 contiki-srf06-cc26xx.a(ieee-mode.o)
 .text.set_object
                0x00004648       0x50 contiki-srf06-cc26xx.a(ieee-mode.o)
 .text.init     0x00004698       0xc8 contiki-srf06-cc26xx.a(ieee-mode.o)
 .text.printf   0x00004760       0x20 contiki-srf06-cc26xx.a(dbg-printf.o)
                0x00004760                printf
 .text.vsnprintf
                0x00004780       0x28 contiki-srf06-cc26xx.a(dbg-snprintf.o)
                0x00004780                vsnprintf
 .text.fill_space
                0x000047a8       0x34 contiki-srf06-cc26xx.a(strformat.o)
 .text.format_str_v
                0x000047dc      0x6e8 contiki-srf06-cc26xx.a(strformat.o)
                0x000047dc                format_str_v
 .text.process_thread_ctimer_process
                0x00004ec4       0x80 contiki-srf06-cc26xx.a(ctimer.o)
 .text.ctimer_init
                0x00004f44       0x28 contiki-srf06-cc26xx.a(ctimer.o)
                0x00004f44                ctimer_init
 .text.ctimer_set_with_process
                0x00004f6c       0x44 contiki-srf06-cc26xx.a(ctimer.o)
                0x00004f6c                ctimer_set_with_process
 .text.ctimer_set
                0x00004fb0       0x14 contiki-srf06-cc26xx.a(ctimer.o)
                0x00004fb0                ctimer_set
 .text.ctimer_reset
                0x00004fc4       0x38 contiki-srf06-cc26xx.a(ctimer.o)
                0x00004fc4                ctimer_reset
 .text.ctimer_stop
                0x00004ffc       0x2c contiki-srf06-cc26xx.a(ctimer.o)
                0x00004ffc                ctimer_stop
 .text.update_time
                0x00005028       0x44 contiki-srf06-cc26xx.a(etimer.o)
 .text.etimer_request_poll
                0x0000506c        0xc contiki-srf06-cc26xx.a(etimer.o)
                0x0000506c                etimer_request_poll
 .text.process_thread_etimer_process
                0x00005078       0x94 contiki-srf06-cc26xx.a(etimer.o)
 .text.add_timer
                0x0000510c       0x40 contiki-srf06-cc26xx.a(etimer.o)
 .text.etimer_pending
                0x0000514c       0x10 contiki-srf06-cc26xx.a(etimer.o)
                0x0000514c                etimer_pending
 .text.etimer_next_expiration_time
                0x0000515c       0x14 contiki-srf06-cc26xx.a(etimer.o)
                0x0000515c                etimer_next_expiration_time
 .text.etimer_stop
                0x00005170       0x34 contiki-srf06-cc26xx.a(etimer.o)
                0x00005170                etimer_stop
 .text.call_process.part.0
                0x000051a4       0x38 contiki-srf06-cc26xx.a(process.o)
 .text.exit_process
                0x000051dc       0x80 contiki-srf06-cc26xx.a(process.o)
 .text.do_poll  0x0000525c       0x30 contiki-srf06-cc26xx.a(process.o)
 .text.process_alloc_event
                0x0000528c       0x10 contiki-srf06-cc26xx.a(process.o)
                0x0000528c                process_alloc_event
 .text.process_init
                0x0000529c       0x30 contiki-srf06-cc26xx.a(process.o)
                0x0000529c                process_init
 .text.process_run
                0x000052cc       0xb0 contiki-srf06-cc26xx.a(process.o)
                0x000052cc                process_run
 .text.process_nevents
                0x0000537c       0x14 contiki-srf06-cc26xx.a(process.o)
                0x0000537c                process_nevents
 .text.process_post
                0x00005390       0x44 contiki-srf06-cc26xx.a(process.o)
                0x00005390                process_post
 .text.process_post_synch
                0x000053d4       0x14 contiki-srf06-cc26xx.a(process.o)
                0x000053d4                process_post_synch
 .text.process_start
                0x000053e8       0x30 contiki-srf06-cc26xx.a(process.o)
                0x000053e8                process_start
 .text.process_poll
                0x00005418       0x18 contiki-srf06-cc26xx.a(process.o)
                0x00005418                process_poll
 .text.rtimer_run_next
                0x00005430       0x28 contiki-srf06-cc26xx.a(rtimer.o)
                0x00005430                rtimer_run_next
 .text.process_thread_serial_line_process
                0x00005458       0x98 contiki-srf06-cc26xx.a(serial-line.o)
 .text.serial_line_init
                0x000054f0       0x24 contiki-srf06-cc26xx.a(serial-line.o)
                0x000054f0                serial_line_init
 .text.clear_fragments
                0x00005514       0x3c contiki-srf06-cc26xx.a(sicslowpan.o)
 .text.sicslowpan_init
                0x00005550       0x24 contiki-srf06-cc26xx.a(sicslowpan.o)
                0x00005550                sicslowpan_init
 .text.set_packet_attrs
                0x00005574       0x44 contiki-srf06-cc26xx.a(sicslowpan.o)
 .text.compress_addr_64
                0x000055b8       0x90 contiki-srf06-cc26xx.a(sicslowpan.o)
 .text.addr_context_lookup_by_prefix
                0x00005648       0x28 contiki-srf06-cc26xx.a(sicslowpan.o)
 .text.send_packet
                0x00005670       0x24 contiki-srf06-cc26xx.a(sicslowpan.o)
 .text.packet_sent
                0x00005694       0x28 contiki-srf06-cc26xx.a(sicslowpan.o)
 .text.store_fragment
                0x000056bc       0x58 contiki-srf06-cc26xx.a(sicslowpan.o)
 .text.uncompress_addr
                0x00005714       0xa4 contiki-srf06-cc26xx.a(sicslowpan.o)
 .text.output   0x000057b8      0x6a8 contiki-srf06-cc26xx.a(sicslowpan.o)
 .text.add_fragment
                0x00005e60      0x124 contiki-srf06-cc26xx.a(sicslowpan.o)
 .text.input    0x00005f84      0x5a4 contiki-srf06-cc26xx.a(sicslowpan.o)
 .text.upper_layer_chksum
                0x00006528       0x54 contiki-srf06-cc26xx.a(uip6.o)
 .text.ext_hdr_options_process
                0x0000657c       0xb0 contiki-srf06-cc26xx.a(uip6.o)
 .text.uip_init
                0x0000662c       0x3c contiki-srf06-cc26xx.a(uip6.o)
                0x0000662c                uip_init
 .text.remove_ext_hdr
                0x00006668       0x5c contiki-srf06-cc26xx.a(uip6.o)
                0x00006668                remove_ext_hdr
 .text.uip_udp_new
                0x000066c4       0xb0 contiki-srf06-cc26xx.a(uip6.o)
                0x000066c4                uip_udp_new
 .text.uip_process
                0x00006774      0x464 contiki-srf06-cc26xx.a(uip6.o)
                0x00006774                uip_process
 .text.uip_ds6_prefix_add
                0x00006bd8       0x64 contiki-srf06-cc26xx.a(uip-ds6.o)
                0x00006bd8                uip_ds6_prefix_add
 .text.uip_ds6_is_addr_onlink
                0x00006c3c       0x40 contiki-srf06-cc26xx.a(uip-ds6.o)
                0x00006c3c                uip_ds6_is_addr_onlink
 .text.uip_ds6_addr_lookup
                0x00006c7c       0x2c contiki-srf06-cc26xx.a(uip-ds6.o)
                0x00006c7c                uip_ds6_addr_lookup
 .text.uip_ds6_get_link_local
                0x00006ca8       0x40 contiki-srf06-cc26xx.a(uip-ds6.o)
                0x00006ca8                uip_ds6_get_link_local
 .text.uip_ds6_maddr_add
                0x00006ce8       0x4c contiki-srf06-cc26xx.a(uip-ds6.o)
                0x00006ce8                uip_ds6_maddr_add
 .text.uip_ds6_addr_add
                0x00006d34       0x94 contiki-srf06-cc26xx.a(uip-ds6.o)
                0x00006d34                uip_ds6_addr_add
 .text.uip_ds6_maddr_lookup
                0x00006dc8       0x2c contiki-srf06-cc26xx.a(uip-ds6.o)
                0x00006dc8                uip_ds6_maddr_lookup
 .text.uip_ds6_addr_rm
                0x00006df4       0x44 contiki-srf06-cc26xx.a(uip-ds6.o)
                0x00006df4                uip_ds6_addr_rm
 .text.uip_ds6_periodic
                0x00006e38       0x50 contiki-srf06-cc26xx.a(uip-ds6.o)
                0x00006e38                uip_ds6_periodic
 .text.uip_ds6_select_src
                0x00006e88       0x94 contiki-srf06-cc26xx.a(uip-ds6.o)
                0x00006e88                uip_ds6_select_src
 .text.uip_ds6_compute_reachable_time
                0x00006f1c       0x28 contiki-srf06-cc26xx.a(uip-ds6.o)
                0x00006f1c                uip_ds6_compute_reachable_time
 .text.uip_ds6_init
                0x00006f44       0xe0 contiki-srf06-cc26xx.a(uip-ds6.o)
                0x00006f44                uip_ds6_init
 .text.uip_ds6_nbr_rm
                0x00007024       0x20 contiki-srf06-cc26xx.a(uip-ds6-nbr.o)
                0x00007024                uip_ds6_nbr_rm
 .text.uip_ds6_neighbors_init
                0x00007044       0x14 contiki-srf06-cc26xx.a(uip-ds6-nbr.o)
                0x00007044                uip_ds6_neighbors_init
 .text.uip_ds6_nbr_add
                0x00007058       0x60 contiki-srf06-cc26xx.a(uip-ds6-nbr.o)
                0x00007058                uip_ds6_nbr_add
 .text.uip_ds6_nbr_get_ll
                0x000070b8       0x10 contiki-srf06-cc26xx.a(uip-ds6-nbr.o)
                0x000070b8                uip_ds6_nbr_get_ll
 .text.uip_ds6_nbr_lookup
                0x000070c8       0x38 contiki-srf06-cc26xx.a(uip-ds6-nbr.o)
                0x000070c8                uip_ds6_nbr_lookup
 .text.uip_ds6_nbr_ll_lookup
                0x00007100       0x10 contiki-srf06-cc26xx.a(uip-ds6-nbr.o)
                0x00007100                uip_ds6_nbr_ll_lookup
 .text.uip_ds6_link_neighbor_callback
                0x00007110       0x2c contiki-srf06-cc26xx.a(uip-ds6-nbr.o)
                0x00007110                uip_ds6_link_neighbor_callback
 .text.uip_ds6_neighbor_periodic
                0x0000713c       0x58 contiki-srf06-cc26xx.a(uip-ds6-nbr.o)
                0x0000713c                uip_ds6_neighbor_periodic
 .text.call_route_callback
                0x00007194       0x48 contiki-srf06-cc26xx.a(uip-ds6-route.o)
 .text.uip_ds6_route_init
                0x000071dc       0x4c contiki-srf06-cc26xx.a(uip-ds6-route.o)
                0x000071dc                uip_ds6_route_init
 .text.uip_ds6_route_nexthop
                0x00007228       0x20 contiki-srf06-cc26xx.a(uip-ds6-route.o)
                0x00007228                uip_ds6_route_nexthop
 .text.uip_ds6_route_head
                0x00007248        0xc contiki-srf06-cc26xx.a(uip-ds6-route.o)
                0x00007248                uip_ds6_route_head
 .text.uip_ds6_route_lookup
                0x00007254       0x64 contiki-srf06-cc26xx.a(uip-ds6-route.o)
                0x00007254                uip_ds6_route_lookup
 .text.uip_ds6_route_rm
                0x000072b8       0x9c contiki-srf06-cc26xx.a(uip-ds6-route.o)
                0x000072b8                uip_ds6_route_rm
 .text.rm_routelist
                0x00007354       0x30 contiki-srf06-cc26xx.a(uip-ds6-route.o)
 .text.uip_ds6_route_add
                0x00007384      0x10c contiki-srf06-cc26xx.a(uip-ds6-route.o)
                0x00007384                uip_ds6_route_add
 .text.uip_ds6_defrt_rm
                0x00007490       0x44 contiki-srf06-cc26xx.a(uip-ds6-route.o)
                0x00007490                uip_ds6_defrt_rm
 .text.uip_ds6_defrt_lookup
                0x000074d4       0x2c contiki-srf06-cc26xx.a(uip-ds6-route.o)
                0x000074d4                uip_ds6_defrt_lookup
 .text.uip_ds6_defrt_add
                0x00007500       0x64 contiki-srf06-cc26xx.a(uip-ds6-route.o)
                0x00007500                uip_ds6_defrt_add
 .text.uip_ds6_defrt_choose
                0x00007564       0x30 contiki-srf06-cc26xx.a(uip-ds6-route.o)
                0x00007564                uip_ds6_defrt_choose
 .text.uip_ds6_defrt_periodic
                0x00007594       0x30 contiki-srf06-cc26xx.a(uip-ds6-route.o)
                0x00007594                uip_ds6_defrt_periodic
 .text.echo_reply_input
                0x000075c4       0xe8 contiki-srf06-cc26xx.a(uip-icmp6.o)
 .text.echo_request_input
                0x000076ac      0x100 contiki-srf06-cc26xx.a(uip-icmp6.o)
 .text.uip_icmp6_input
                0x000077ac       0x38 contiki-srf06-cc26xx.a(uip-icmp6.o)
                0x000077ac                uip_icmp6_input
 .text.uip_icmp6_register_input_handler
                0x000077e4        0xc contiki-srf06-cc26xx.a(uip-icmp6.o)
                0x000077e4                uip_icmp6_register_input_handler
 .text.uip_icmp6_error_output
                0x000077f0      0x148 contiki-srf06-cc26xx.a(uip-icmp6.o)
                0x000077f0                uip_icmp6_error_output
 .text.uip_icmp6_send
                0x00007938       0x8c contiki-srf06-cc26xx.a(uip-icmp6.o)
                0x00007938                uip_icmp6_send
 .text.uip_icmp6_init
                0x000079c4       0x1c contiki-srf06-cc26xx.a(uip-icmp6.o)
                0x000079c4                uip_icmp6_init
 .text.tcpip_output
                0x000079e0       0x10 contiki-srf06-cc26xx.a(tcpip.o)
                0x000079e0                tcpip_output
 .text.tcpip_set_outputfunc
                0x000079f0        0xc contiki-srf06-cc26xx.a(tcpip.o)
                0x000079f0                tcpip_set_outputfunc
 .text.udp_new  0x000079fc       0x18 contiki-srf06-cc26xx.a(tcpip.o)
                0x000079fc                udp_new
 .text.tcpip_icmp6_call
                0x00007a14       0x28 contiki-srf06-cc26xx.a(tcpip.o)
                0x00007a14                tcpip_icmp6_call
 .text.tcpip_input
                0x00007a3c       0x24 contiki-srf06-cc26xx.a(tcpip.o)
                0x00007a3c                tcpip_input
 .text.tcpip_ipv6_output
                0x00007a60       0xc0 contiki-srf06-cc26xx.a(tcpip.o)
                0x00007a60                tcpip_ipv6_output
 .text.process_thread_tcpip_process
                0x00007b20       0xdc contiki-srf06-cc26xx.a(tcpip.o)
 .text.tcpip_uipcall
                0x00007bfc       0x2c contiki-srf06-cc26xx.a(tcpip.o)
                0x00007bfc                tcpip_uipcall
 .text.uip_debug_ipaddr_print
                0x00007c28       0xa0 contiki-srf06-cc26xx.a(uip-debug.o)
                0x00007c28                uip_debug_ipaddr_print
 .text.uip_udp_packet_send
                0x00007cc8       0x38 contiki-srf06-cc26xx.a(uip-udp-packet.)
                0x00007cc8                uip_udp_packet_send
 .text.rpl_get_mode
                0x00007d00        0xc contiki-srf06-cc26xx.a(rpl.o)
                0x00007d00                rpl_get_mode
 .text.rpl_purge_routes
                0x00007d0c       0x64 contiki-srf06-cc26xx.a(rpl.o)
                0x00007d0c                rpl_purge_routes
 .text.rpl_link_neighbor_callback
                0x00007d70       0x70 contiki-srf06-cc26xx.a(rpl.o)
                0x00007d70                rpl_link_neighbor_callback
 .text.rpl_ipv6_neighbor_callback
                0x00007de0       0x28 contiki-srf06-cc26xx.a(rpl.o)
                0x00007de0                rpl_ipv6_neighbor_callback
 .text.rpl_purge_dags
                0x00007e08       0x3c contiki-srf06-cc26xx.a(rpl.o)
                0x00007e08                rpl_purge_dags
 .text.rpl_init
                0x00007e44       0x58 contiki-srf06-cc26xx.a(rpl.o)
                0x00007e44                rpl_init
 .text.rpl_set_preferred_parent
                0x00007e9c       0x28 contiki-srf06-cc26xx.a(rpl-dag.o)
 .text.set_ip_from_prefix
                0x00007ec4       0x2c contiki-srf06-cc26xx.a(rpl-dag.o)
 .text.find_parent_any_dag_any_instance
                0x00007ef0       0x1c contiki-srf06-cc26xx.a(rpl-dag.o)
 .text.rpl_get_nbr
                0x00007f0c       0x28 contiki-srf06-cc26xx.a(rpl-dag.o)
                0x00007f0c                rpl_get_nbr
 .text.rpl_dag_init
                0x00007f34       0x14 contiki-srf06-cc26xx.a(rpl-dag.o)
                0x00007f34                rpl_dag_init
 .text.rpl_get_parent
                0x00007f48       0x10 contiki-srf06-cc26xx.a(rpl-dag.o)
                0x00007f48                rpl_get_parent
 .text.rpl_get_parent_ipaddr
                0x00007f58       0x18 contiki-srf06-cc26xx.a(rpl-dag.o)
                0x00007f58                rpl_get_parent_ipaddr
 .text.rpl_alloc_instance
                0x00007f70       0x34 contiki-srf06-cc26xx.a(rpl-dag.o)
                0x00007f70                rpl_alloc_instance
 .text.rpl_add_parent
                0x00007fa4       0x44 contiki-srf06-cc26xx.a(rpl-dag.o)
                0x00007fa4                rpl_add_parent
 .text.rpl_select_parent
                0x00007fe8       0x6c contiki-srf06-cc26xx.a(rpl-dag.o)
                0x00007fe8                rpl_select_parent
 .text.rpl_remove_parent
                0x00008054       0x1c contiki-srf06-cc26xx.a(rpl-dag.o)
                0x00008054                rpl_remove_parent
 .text.remove_parents.constprop.4
                0x00008070       0x2c contiki-srf06-cc26xx.a(rpl-dag.o)
 .text.rpl_get_any_dag
                0x0000809c       0x18 contiki-srf06-cc26xx.a(rpl-dag.o)
                0x0000809c                rpl_get_any_dag
 .text.rpl_get_instance
                0x000080b4       0x20 contiki-srf06-cc26xx.a(rpl-dag.o)
                0x000080b4                rpl_get_instance
 .text.rpl_find_of
                0x000080d4       0x14 contiki-srf06-cc26xx.a(rpl-dag.o)
                0x000080d4                rpl_find_of
 .text.rpl_join_instance
                0x000080e8      0x118 contiki-srf06-cc26xx.a(rpl-dag.o)
                0x000080e8                rpl_join_instance
 .text.rpl_local_repair
                0x00008200       0x58 contiki-srf06-cc26xx.a(rpl-dag.o)
                0x00008200                rpl_local_repair
 .text.rpl_recalculate_ranks
                0x00008258       0x3c contiki-srf06-cc26xx.a(rpl-dag.o)
                0x00008258                rpl_recalculate_ranks
 .text.rpl_verify_header
                0x00008294      0x114 contiki-srf06-cc26xx.a(rpl-ext-header.)
                0x00008294                rpl_verify_header
 .text.rpl_update_header_empty
                0x000083a8      0x138 contiki-srf06-cc26xx.a(rpl-ext-header.)
                0x000083a8                rpl_update_header_empty
 .text.rpl_update_header_final
                0x000084e0       0x88 contiki-srf06-cc26xx.a(rpl-ext-header.)
                0x000084e0                rpl_update_header_final
 .text.rpl_invert_header
                0x00008568       0x68 contiki-srf06-cc26xx.a(rpl-ext-header.)
                0x00008568                rpl_invert_header
 .text.rpl_insert_header
                0x000085d0       0x1c contiki-srf06-cc26xx.a(rpl-ext-header.)
                0x000085d0                rpl_insert_header
 .text.dao_ack_input
                0x000085ec       0x14 contiki-srf06-cc26xx.a(rpl-icmp6.o)
 .text.dio_input
                0x00008600      0x288 contiki-srf06-cc26xx.a(rpl-icmp6.o)
 .text.dis_output
                0x00008888       0x54 contiki-srf06-cc26xx.a(rpl-icmp6.o)
                0x00008888                dis_output
 .text.dio_output
                0x000088dc      0x20c contiki-srf06-cc26xx.a(rpl-icmp6.o)
                0x000088dc                dio_output
 .text.dis_input
                0x00008ae8       0x3c contiki-srf06-cc26xx.a(rpl-icmp6.o)
 .text.dao_output_target
                0x00008b24       0xe0 contiki-srf06-cc26xx.a(rpl-icmp6.o)
                0x00008b24                dao_output_target
 .text.dao_output
                0x00008c04       0x64 contiki-srf06-cc26xx.a(rpl-icmp6.o)
                0x00008c04                dao_output
 .text.dao_ack_output
                0x00008c68       0x34 contiki-srf06-cc26xx.a(rpl-icmp6.o)
                0x00008c68                dao_ack_output
 .text.dao_input
                0x00008c9c      0x1e4 contiki-srf06-cc26xx.a(rpl-icmp6.o)
 .text.rpl_icmp6_register_handlers
                0x00008e80       0x30 contiki-srf06-cc26xx.a(rpl-icmp6.o)
                0x00008e80                rpl_icmp6_register_handlers
 .text.new_dio_interval
                0x00008eb0       0x58 contiki-srf06-cc26xx.a(rpl-timers.o)
 .text.handle_periodic_timer
                0x00008f08       0x3c contiki-srf06-cc26xx.a(rpl-timers.o)
 .text.set_dao_lifetime_timer
                0x00008f44       0x3c contiki-srf06-cc26xx.a(rpl-timers.o)
 .text.handle_dio_timer
                0x00008f80       0x80 contiki-srf06-cc26xx.a(rpl-timers.o)
 .text.schedule_dao
                0x00009000       0x54 contiki-srf06-cc26xx.a(rpl-timers.o)
 .text.handle_dao_timer
                0x00009054       0x58 contiki-srf06-cc26xx.a(rpl-timers.o)
 .text.rpl_reset_periodic_timer
                0x000090ac       0x34 contiki-srf06-cc26xx.a(rpl-timers.o)
                0x000090ac                rpl_reset_periodic_timer
 .text.rpl_schedule_unicast_dio_immediately
                0x000090e0       0x14 contiki-srf06-cc26xx.a(rpl-timers.o)
                0x000090e0                rpl_schedule_unicast_dio_immediately
 .text.rpl_schedule_probing
                0x000090f4       0x30 contiki-srf06-cc26xx.a(rpl-timers.o)
                0x000090f4                rpl_schedule_probing
 .text.handle_probing_timer
                0x00009124       0xd0 contiki-srf06-cc26xx.a(rpl-timers.o)
 .text.NOROM_AONRTCCurrentCompareValueGet
                0x000091f4       0x20 contiki-srf06-cc26xx.a(aon_rtc.o)
                0x000091f4                NOROM_AONRTCCurrentCompareValueGet
 .text.NOROM_DDI16BitfieldWrite
                0x00009214       0x48 contiki-srf06-cc26xx.a(ddi.o)
                0x00009214                NOROM_DDI16BitfieldWrite
 .text.NOROM_DDI16BitfieldRead
                0x0000925c       0x40 contiki-srf06-cc26xx.a(ddi.o)
                0x0000925c                NOROM_DDI16BitfieldRead
 .text.NOROM_OSCClockSourceSet
                0x0000929c       0x4c contiki-srf06-cc26xx.a(osc.o)
                0x0000929c                NOROM_OSCClockSourceSet
 .text.NOROM_OSCClockSourceGet
                0x000092e8       0x24 contiki-srf06-cc26xx.a(osc.o)
                0x000092e8                NOROM_OSCClockSourceGet
 .text.NOROM_OSCInterfaceEnable
                0x0000930c       0x38 contiki-srf06-cc26xx.a(osc.o)
                0x0000930c                NOROM_OSCInterfaceEnable
 .text.NOROM_PowerCtrlSourceSet
                0x00009344       0x2c contiki-srf06-cc26xx.a(pwr_ctrl.o)
                0x00009344                NOROM_PowerCtrlSourceSet
 .text.AuxAdiDdiSafeWrite.constprop.1
                0x00009370       0x28 contiki-srf06-cc26xx.a(setup.o)
 .text.HapiTrimDeviceShutDown
                0x00009398      0x3e4 contiki-srf06-cc26xx.a(setup.o)
 .text.trimDevice
                0x0000977c       0xf8 contiki-srf06-cc26xx.a(setup.o)
                0x0000977c                trimDevice
 .text.SysCtrlSetRechargeBeforePowerDown
                0x00009874      0x190 contiki-srf06-cc26xx.a(sys_ctrl.o)
                0x00009874                SysCtrlSetRechargeBeforePowerDown
 .text.SysCtrlAdjustRechargeAfterPowerDown
                0x00009a04       0x60 contiki-srf06-cc26xx.a(sys_ctrl.o)
                0x00009a04                SysCtrlAdjustRechargeAfterPowerDown
 .text.SysCtrl_DCDC_VoltageConditionalControl
                0x00009a64       0x74 contiki-srf06-cc26xx.a(sys_ctrl.o)
                0x00009a64                SysCtrl_DCDC_VoltageConditionalControl
 .text.index_from_key
                0x00009ad8       0x20 contiki-srf06-cc26xx.a(nbr-table.o)
 .text.index_from_lladdr
                0x00009af8       0x40 contiki-srf06-cc26xx.a(nbr-table.o)
 .text.key_from_item
                0x00009b38       0x2c contiki-srf06-cc26xx.a(nbr-table.o)
 .text.nbr_get_bit.constprop.0
                0x00009b64       0x30 contiki-srf06-cc26xx.a(nbr-table.o)
 .text.nbr_table_register
                0x00009b94       0x28 contiki-srf06-cc26xx.a(nbr-table.o)
                0x00009b94                nbr_table_register
 .text.nbr_table_head
                0x00009bbc       0x34 contiki-srf06-cc26xx.a(nbr-table.o)
                0x00009bbc                nbr_table_head
 .text.nbr_table_add_lladdr
                0x00009bf0      0x11c contiki-srf06-cc26xx.a(nbr-table.o)
                0x00009bf0                nbr_table_add_lladdr
 .text.nbr_table_remove
                0x00009d0c       0x2c contiki-srf06-cc26xx.a(nbr-table.o)
                0x00009d0c                nbr_table_remove
 .text.nbr_table_lock
                0x00009d38       0x14 contiki-srf06-cc26xx.a(nbr-table.o)
                0x00009d38                nbr_table_lock
 .text.nbr_table_unlock
                0x00009d4c       0x14 contiki-srf06-cc26xx.a(nbr-table.o)
                0x00009d4c                nbr_table_unlock
 .text.netstack_init
                0x00009d60       0x38 contiki-srf06-cc26xx.a(netstack.o)
                0x00009d60                netstack_init
 .text.packetbuf_copyto
                0x00009d98       0x50 contiki-srf06-cc26xx.a(packetbuf.o)
                0x00009d98                packetbuf_copyto
 .text.packetbuf_hdrreduce
                0x00009de8       0x2c contiki-srf06-cc26xx.a(packetbuf.o)
                0x00009de8                packetbuf_hdrreduce
 .text.packetbuf_set_datalen
                0x00009e14        0xc contiki-srf06-cc26xx.a(packetbuf.o)
                0x00009e14                packetbuf_set_datalen
 .text.packetbuf_dataptr
                0x00009e20       0x14 contiki-srf06-cc26xx.a(packetbuf.o)
                0x00009e20                packetbuf_dataptr
 .text.packetbuf_hdrptr
                0x00009e34       0x14 contiki-srf06-cc26xx.a(packetbuf.o)
                0x00009e34                packetbuf_hdrptr
 .text.packetbuf_datalen
                0x00009e48        0xc contiki-srf06-cc26xx.a(packetbuf.o)
                0x00009e48                packetbuf_datalen
 .text.packetbuf_hdrlen
                0x00009e54       0x1c contiki-srf06-cc26xx.a(packetbuf.o)
                0x00009e54                packetbuf_hdrlen
 .text.packetbuf_totlen
                0x00009e70       0x14 contiki-srf06-cc26xx.a(packetbuf.o)
                0x00009e70                packetbuf_totlen
 .text.packetbuf_hdralloc
                0x00009e84       0x28 contiki-srf06-cc26xx.a(packetbuf.o)
                0x00009e84                packetbuf_hdralloc
 .text.packetbuf_attr_clear
                0x00009eac       0x38 contiki-srf06-cc26xx.a(packetbuf.o)
                0x00009eac                packetbuf_attr_clear
 .text.packetbuf_clear
                0x00009ee4       0x30 contiki-srf06-cc26xx.a(packetbuf.o)
                0x00009ee4                packetbuf_clear
 .text.packetbuf_copyfrom
                0x00009f14       0x2c contiki-srf06-cc26xx.a(packetbuf.o)
                0x00009f14                packetbuf_copyfrom
 .text.packetbuf_attr_copyto
                0x00009f40       0x34 contiki-srf06-cc26xx.a(packetbuf.o)
                0x00009f40                packetbuf_attr_copyto
 .text.packetbuf_attr_copyfrom
                0x00009f74       0x34 contiki-srf06-cc26xx.a(packetbuf.o)
                0x00009f74                packetbuf_attr_copyfrom
 .text.packetbuf_set_attr
                0x00009fa8       0x10 contiki-srf06-cc26xx.a(packetbuf.o)
                0x00009fa8                packetbuf_set_attr
 .text.packetbuf_attr
                0x00009fb8        0xc contiki-srf06-cc26xx.a(packetbuf.o)
                0x00009fb8                packetbuf_attr
 .text.packetbuf_set_addr
                0x00009fc4       0x18 contiki-srf06-cc26xx.a(packetbuf.o)
                0x00009fc4                packetbuf_set_addr
 .text.packetbuf_addr
                0x00009fdc       0x10 contiki-srf06-cc26xx.a(packetbuf.o)
                0x00009fdc                packetbuf_addr
 .text.packetbuf_holds_broadcast
                0x00009fec       0x10 contiki-srf06-cc26xx.a(packetbuf.o)
                0x00009fec                packetbuf_holds_broadcast
 .text.queuebuf_init
                0x00009ffc       0x1c contiki-srf06-cc26xx.a(queuebuf.o)
                0x00009ffc                queuebuf_init
 .text.queuebuf_numfree
                0x0000a018        0xc contiki-srf06-cc26xx.a(queuebuf.o)
                0x0000a018                queuebuf_numfree
 .text.queuebuf_new_from_packetbuf
                0x0000a024       0x44 contiki-srf06-cc26xx.a(queuebuf.o)
                0x0000a024                queuebuf_new_from_packetbuf
 .text.queuebuf_free
                0x0000a068       0x2c contiki-srf06-cc26xx.a(queuebuf.o)
                0x0000a068                queuebuf_free
 .text.queuebuf_to_packetbuf
                0x0000a094       0x30 contiki-srf06-cc26xx.a(queuebuf.o)
                0x0000a094                queuebuf_to_packetbuf
 .text.create_frame.isra.0
                0x0000a0c4      0x124 contiki-srf06-cc26xx.a(framer-802154.o)
 .text.send_packet
                0x0000a1e8        0xc contiki-srf06-cc26xx.a(nullmac.o)
 .text.packet_input
                0x0000a1f4        0xc contiki-srf06-cc26xx.a(nullmac.o)
 .text.on       0x0000a200        0xc contiki-srf06-cc26xx.a(nullmac.o)
 .text.off      0x0000a20c        0xc contiki-srf06-cc26xx.a(nullmac.o)
 .text.on       0x0000a218        0xc contiki-srf06-cc26xx.a(nullrdc.o)
 .text.send_one_packet
                0x0000a224      0x118 contiki-srf06-cc26xx.a(nullrdc.o)
 .text.off      0x0000a33c       0x18 contiki-srf06-cc26xx.a(nullrdc.o)
 .text.packet_input
                0x0000a354       0x54 contiki-srf06-cc26xx.a(nullrdc.o)
 .text.input    0x0000a3a8        0xc contiki-srf06-cc26xx.a(nullsec.o)
 .text.send     0x0000a3b4       0x20 contiki-srf06-cc26xx.a(nullsec.o)
 .text.sensor_common_write_reg
                0x0000a3d4       0x30 contiki-srf06-cc26xx.a(sensor-common.o)
                0x0000a3d4                sensor_common_write_reg
 .text.verify_part
                0x0000a404       0x64 contiki-srf06-cc26xx.a(ext-flash.o)
 .text.wait_ready
                0x0000a468       0x5c contiki-srf06-cc26xx.a(ext-flash.o)
 .text.ext_flash_open
                0x0000a4c4       0x54 contiki-srf06-cc26xx.a(ext-flash.o)
                0x0000a4c4                ext_flash_open
 .text.ext_flash_close
                0x0000a518       0x4c contiki-srf06-cc26xx.a(ext-flash.o)
                0x0000a518                ext_flash_close
 .text.buzzer_init
                0x0000a564        0xc contiki-srf06-cc26xx.a(buzzer.o)
                0x0000a564                buzzer_init
 .text.buzzer_stop
                0x0000a570       0x74 contiki-srf06-cc26xx.a(buzzer.o)
                0x0000a570                buzzer_stop
 .text.accessible
                0x0000a5e4       0x24 contiki-srf06-cc26xx.a(board-spi.o)
 .text.board_spi_write
                0x0000a608       0x3c contiki-srf06-cc26xx.a(board-spi.o)
                0x0000a608                board_spi_write
 .text.board_spi_read
                0x0000a644       0x48 contiki-srf06-cc26xx.a(board-spi.o)
                0x0000a644                board_spi_read
 .text.board_spi_flush
                0x0000a68c       0x24 contiki-srf06-cc26xx.a(board-spi.o)
                0x0000a68c                board_spi_flush
 .text.board_spi_open
                0x0000a6b0       0xbc contiki-srf06-cc26xx.a(board-spi.o)
                0x0000a6b0                board_spi_open
 .text.board_spi_close
                0x0000a76c       0x70 contiki-srf06-cc26xx.a(board-spi.o)
                0x0000a76c                board_spi_close
 .text.process_thread_rf_core_process
                0x0000a7dc       0x58 contiki-srf06-cc26xx.a(rf-core.o)
 .text.rf_core_is_accessible
                0x0000a834       0x10 contiki-srf06-cc26xx.a(rf-core.o)
                0x0000a834                rf_core_is_accessible
 .text.rf_core_send_cmd
                0x0000a844       0x80 contiki-srf06-cc26xx.a(rf-core.o)
                0x0000a844                rf_core_send_cmd
 .text.rf_core_wait_cmd_done
                0x0000a8c4       0x2c contiki-srf06-cc26xx.a(rf-core.o)
                0x0000a8c4                rf_core_wait_cmd_done
 .text.rf_core_power_up
                0x0000a8f0       0xac contiki-srf06-cc26xx.a(rf-core.o)
                0x0000a8f0                rf_core_power_up
 .text.rf_core_set_modesel
                0x0000a99c       0x5c contiki-srf06-cc26xx.a(rf-core.o)
                0x0000a99c                rf_core_set_modesel
 .text.rf_core_start_rat
                0x0000a9f8       0x1c contiki-srf06-cc26xx.a(rf-core.o)
                0x0000a9f8                rf_core_start_rat
 .text.rf_core_setup_interrupts
                0x0000aa14       0x5c contiki-srf06-cc26xx.a(rf-core.o)
                0x0000aa14                rf_core_setup_interrupts
 .text.rf_core_cmd_done_en
                0x0000aa70       0x24 contiki-srf06-cc26xx.a(rf-core.o)
                0x0000aa70                rf_core_cmd_done_en
 .text.rf_core_cmd_done_dis
                0x0000aa94       0x10 contiki-srf06-cc26xx.a(rf-core.o)
                0x0000aa94                rf_core_cmd_done_dis
 .text.rf_core_get_last_radio_op
                0x0000aaa4        0xc contiki-srf06-cc26xx.a(rf-core.o)
                0x0000aaa4                rf_core_get_last_radio_op
 .text.rf_core_power_down
                0x0000aab0       0xb8 contiki-srf06-cc26xx.a(rf-core.o)
                0x0000aab0                rf_core_power_down
 .text.rf_core_primary_mode_register
                0x0000ab68        0xc contiki-srf06-cc26xx.a(rf-core.o)
                0x0000ab68                rf_core_primary_mode_register
 .text.RFCCPE1IntHandler
                0x0000ab74       0x20 contiki-srf06-cc26xx.a(rf-core.o)
                0x0000ab74                RFCCPE1IntHandler
 .text.RFCCPE0IntHandler
                0x0000ab94       0x58 contiki-srf06-cc26xx.a(rf-core.o)
                0x0000ab94                RFCCPE0IntHandler
 .text.rf_ble_is_active
                0x0000abec        0xc contiki-srf06-cc26xx.a(rf-ble.o)
                0x0000abec                rf_ble_is_active
 .text.stimer_expired
                0x0000abf8       0x20 contiki-srf06-cc26xx.a(stimer.o)
                0x0000abf8                stimer_expired
 .text.AONBatMonTemperatureGetDegC
                0x0000ac18       0x30 contiki-srf06-cc26xx.a(aon_batmon.o)
                0x0000ac18                AONBatMonTemperatureGetDegC
 .text.ChipInfo_GetSupportedProtocol_BV
                0x0000ac48       0x10 contiki-srf06-cc26xx.a(chipinfo.o)
                0x0000ac48                ChipInfo_GetSupportedProtocol_BV
 .text.ChipInfo_GetChipFamily
                0x0000ac58       0x34 contiki-srf06-cc26xx.a(chipinfo.o)
                0x0000ac58                ChipInfo_GetChipFamily
 .text.ChipInfo_GetHwRevision
                0x0000ac8c       0x68 contiki-srf06-cc26xx.a(chipinfo.o)
                0x0000ac8c                ChipInfo_GetHwRevision
 .text.frame802154_get_pan_id
                0x0000acf4        0xc contiki-srf06-cc26xx.a(frame802154.o)
                0x0000acf4                frame802154_get_pan_id
 .text.frame802154_parse
                0x0000ad00      0x174 contiki-srf06-cc26xx.a(frame802154.o)
                0x0000ad00                frame802154_parse
 .text.mac_sequence_is_duplicate
                0x0000ae74       0x38 contiki-srf06-cc26xx.a(mac-sequence.o)
                0x0000ae74                mac_sequence_is_duplicate
 .text.mac_sequence_register_seqno
                0x0000aeac       0x64 contiki-srf06-cc26xx.a(mac-sequence.o)
                0x0000aeac                mac_sequence_register_seqno
 .text.exp2     0x0000af10       0x10 /usr/bin/../lib/gcc/arm-none-eabi/4.9.3/../../../../arm-none-eabi/lib/armv7-m/libm.a(lib_a-w_exp2.o)
                0x0000af10                exp2
 .text.pow      0x0000af20      0x2f0 /usr/bin/../lib/gcc/arm-none-eabi/4.9.3/../../../../arm-none-eabi/lib/armv7-m/libm.a(lib_a-w_pow.o)
                0x0000af20                pow
 .text.__ieee754_sqrt
                0x0000b210      0x18c /usr/bin/../lib/gcc/arm-none-eabi/4.9.3/../../../../arm-none-eabi/lib/armv7-m/libm.a(lib_a-e_sqrt.o)
                0x0000b210                __ieee754_sqrt
 .text.fabs     0x0000b39c        0x8 /usr/bin/../lib/gcc/arm-none-eabi/4.9.3/../../../../arm-none-eabi/lib/armv7-m/libm.a(lib_a-s_fabs.o)
                0x0000b39c                fabs
 .text.finite   0x0000b3a4        0xc /usr/bin/../lib/gcc/arm-none-eabi/4.9.3/../../../../arm-none-eabi/lib/armv7-m/libm.a(lib_a-s_finite.o)
                0x0000b3a4                finite
 .text.__fpclassifyd
                0x0000b3b0       0x58 /usr/bin/../lib/gcc/arm-none-eabi/4.9.3/../../../../arm-none-eabi/lib/armv7-m/libm.a(lib_a-s_fpclassify.o)
                0x0000b3b0                __fpclassifyd
 .text.matherr  0x0000b408        0x4 /usr/bin/../lib/gcc/arm-none-eabi/4.9.3/../../../../arm-none-eabi/lib/armv7-m/libm.a(lib_a-s_matherr.o)
                0x0000b408                matherr
 .text.nan      0x0000b40c        0xc /usr/bin/../lib/gcc/arm-none-eabi/4.9.3/../../../../arm-none-eabi/lib/armv7-m/libm.a(lib_a-s_nan.o)
                0x0000b40c                nan
 .text.rint     0x0000b418      0x11c /usr/bin/../lib/gcc/arm-none-eabi/4.9.3/../../../../arm-none-eabi/lib/armv7-m/libm.a(lib_a-s_rint.o)
                0x0000b418                rint
 .text.copysign
                0x0000b534       0x10 /usr/bin/../lib/gcc/arm-none-eabi/4.9.3/../../../../arm-none-eabi/lib/armv7-m/libm.a(lib_a-s_copysign.o)
                0x0000b534                copysign
 .text          0x0000b544      0x370 /usr/bin/../lib/gcc/arm-none-eabi/4.9.3/armv7-m/libgcc.a(_arm_addsubdf3.o)
                0x0000b544                __aeabi_drsub
                0x0000b54c                __aeabi_dsub
                0x0000b54c                __subdf3
                0x0000b550                __adddf3
                0x0000b550                __aeabi_dadd
                0x0000b7c8                __aeabi_ui2d
                0x0000b7c8                __floatunsidf
                0x0000b7e8                __floatsidf
                0x0000b7e8                __aeabi_i2d
                0x0000b80c                __extendsfdf2
                0x0000b80c                __aeabi_f2d
                0x0000b848                __aeabi_ul2d
                0x0000b848                __floatundidf
                0x0000b858                __floatdidf
                0x0000b858                __aeabi_l2d
 .text          0x0000b8b4      0x424 /usr/bin/../lib/gcc/arm-none-eabi/4.9.3/armv7-m/libgcc.a(_arm_muldivdf3.o)
                0x0000b8b4                __aeabi_dmul
                0x0000b8b4                __muldf3
                0x0000bb08                __aeabi_ddiv
                0x0000bb08                __divdf3
 .text          0x0000bcd8      0x110 /usr/bin/../lib/gcc/arm-none-eabi/4.9.3/armv7-m/libgcc.a(_arm_cmpdf2.o)
                0x0000bcd8                __gtdf2
                0x0000bcd8                __gedf2
                0x0000bce0                __ltdf2
                0x0000bce0                __ledf2
                0x0000bce8                __cmpdf2
                0x0000bce8                __eqdf2
                0x0000bce8                __nedf2
                0x0000bd64                __aeabi_cdrcmple
                0x0000bd74                __aeabi_cdcmple
                0x0000bd74                __aeabi_cdcmpeq
                0x0000bd84                __aeabi_dcmpeq
                0x0000bd98                __aeabi_dcmplt
                0x0000bdac                __aeabi_dcmple
                0x0000bdc0                __aeabi_dcmpge
                0x0000bdd4                __aeabi_dcmpgt
 .text          0x0000bde8       0xa0 /usr/bin/../lib/gcc/arm-none-eabi/4.9.3/armv7-m/libgcc.a(_arm_truncdfsf2.o)
                0x0000bde8                __aeabi_d2f
                0x0000bde8                __truncdfsf2
 .text          0x0000be88      0x21c /usr/bin/../lib/gcc/arm-none-eabi/4.9.3/armv7-m/libgcc.a(_arm_addsubsf3.o)
                0x0000be88                __aeabi_frsub
                0x0000be90                __subsf3
                0x0000be90                __aeabi_fsub
                0x0000be94                __aeabi_fadd
                0x0000be94                __addsf3
                0x0000bff4                __aeabi_ui2f
                0x0000bff4                __floatunsisf
                0x0000bffc                __aeabi_i2f
                0x0000bffc                __floatsisf
                0x0000c018                __floatundisf
                0x0000c018                __aeabi_ul2f
                0x0000c028                __floatdisf
                0x0000c028                __aeabi_l2f
 .text          0x0000c0a4      0x2a0 /usr/bin/../lib/gcc/arm-none-eabi/4.9.3/armv7-m/libgcc.a(_arm_muldivsf3.o)
                0x0000c0a4                __mulsf3
                0x0000c0a4                __aeabi_fmul
                0x0000c20c                __divsf3
                0x0000c20c                __aeabi_fdiv
 .text          0x0000c344       0x4c /usr/bin/../lib/gcc/arm-none-eabi/4.9.3/armv7-m/libgcc.a(_arm_fixsfsi.o)
                0x0000c344                __fixsfsi
                0x0000c344                __aeabi_f2iz
 .text          0x0000c390       0x30 /usr/bin/../lib/gcc/arm-none-eabi/4.9.3/armv7-m/libgcc.a(_aeabi_uldivmod.o)
                0x0000c390                __aeabi_uldivmod
 .text          0x0000c3c0       0x60 /usr/bin/../lib/gcc/arm-none-eabi/4.9.3/armv7-m/libgcc.a(bpabi.o)
                0x0000c3c0                __gnu_ldivmod_helper
                0x0000c3f0                __gnu_uldivmod_helper
 .text          0x0000c420        0x4 /usr/bin/../lib/gcc/arm-none-eabi/4.9.3/armv7-m/libgcc.a(_dvmd_tls.o)
                0x0000c420                __aeabi_ldiv0
                0x0000c420                __aeabi_idiv0
 .text          0x0000c424      0x2ac /usr/bin/../lib/gcc/arm-none-eabi/4.9.3/armv7-m/libgcc.a(_divdi3.o)
                0x0000c424                __divdi3
 .text          0x0000c6d0      0x270 /usr/bin/../lib/gcc/arm-none-eabi/4.9.3/armv7-m/libgcc.a(_udivdi3.o)
                0x0000c6d0                __udivdi3
 .text.__errno  0x0000c940        0xc /usr/bin/../lib/gcc/arm-none-eabi/4.9.3/../../../../arm-none-eabi/lib/armv7-m/libc.a(lib_a-errno.o)
                0x0000c940                __errno
 .text.memcmp   0x0000c94c       0x64 /usr/bin/../lib/gcc/arm-none-eabi/4.9.3/../../../../arm-none-eabi/lib/armv7-m/libc.a(lib_a-memcmp.o)
                0x0000c94c                memcmp
 .text          0x0000c9b0       0xec /usr/bin/../lib/gcc/arm-none-eabi/4.9.3/../../../../arm-none-eabi/lib/armv7-m/libc.a(lib_a-memcpy.o)
                0x0000c9b0                memcpy
 .text.memmove  0x0000ca9c       0xc8 /usr/bin/../lib/gcc/arm-none-eabi/4.9.3/../../../../arm-none-eabi/lib/armv7-m/libc.a(lib_a-memmove.o)
                0x0000ca9c                memmove
 .text.memset   0x0000cb64       0x9c /usr/bin/../lib/gcc/arm-none-eabi/4.9.3/../../../../arm-none-eabi/lib/armv7-m/libc.a(lib_a-memset.o)
                0x0000cb64                memset
 .text.srand    0x0000cc00       0x14 /usr/bin/../lib/gcc/arm-none-eabi/4.9.3/../../../../arm-none-eabi/lib/armv7-m/libc.a(lib_a-rand.o)
                0x0000cc00                srand
 .text.rand     0x0000cc14       0x40 /usr/bin/../lib/gcc/arm-none-eabi/4.9.3/../../../../arm-none-eabi/lib/armv7-m/libc.a(lib_a-rand.o)
                0x0000cc14                rand
 .text.strlen   0x0000cc54       0x5c /usr/bin/../lib/gcc/arm-none-eabi/4.9.3/../../../../arm-none-eabi/lib/armv7-m/libc.a(lib_a-strlen.o)
                0x0000cc54                strlen
 .text.NmiSRHandler
                0x0000ccb0        0x2 obj_srf06-cc26xx/startup_gcc.o
                0x0000ccb0                NmiSR
 .text.IntDefaultHandler
                0x0000ccb2        0x2 obj_srf06-cc26xx/startup_gcc.o
                0x0000ccb2                TRNGIntHandler
                0x0000ccb2                SSI0IntHandler
                0x0000ccb2                SWEvent0IntHandler
                0x0000ccb2                uDMAIntHandler
                0x0000ccb2                WatchdogIntHandler
                0x0000ccb2                RFCHardwareIntHandler
                0x0000ccb2                Timer1BIntHandler
                0x0000ccb2                I2SIntHandler
                0x0000ccb2                Timer2BIntHandler
                0x0000ccb2                Timer2AIntHandler
                0x0000ccb2                Timer1AIntHandler
                0x0000ccb2                AONIntHandler
                0x0000ccb2                AUXSWEvent0IntHandler
                0x0000ccb2                AUXADCIntHandler
                0x0000ccb2                PendSVIntHandler
                0x0000ccb2                AUXSWEvent1IntHandler
                0x0000ccb2                SVCallIntHandler
                0x0000ccb2                MPUFaultIntHandler
                0x0000ccb2                SysTickIntHandler
                0x0000ccb2                BusFaultIntHandler
                0x0000ccb2                AONProgIntHandler
                0x0000ccb2                AUXCompAIntHandler
                0x0000ccb2                SSI1IntHandler
                0x0000ccb2                FlashIntHandler
                0x0000ccb2                uDMAErrIntHandler
                0x0000ccb2                UsageFaultIntHandler
                0x0000ccb2                RFCCmdAckIntHandler
                0x0000ccb2                CryptoIntHandler
                0x0000ccb2                Timer0AIntHandler
                0x0000ccb2                I2CIntHandler
                0x0000ccb2                DebugMonIntHandler
                0x0000ccb2                Timer0BIntHandler
                0x0000ccb2                AUXCombEventIntHandler
                0x0000ccb2                Timer3AIntHandler
                0x0000ccb2                DynProgIntHandler
                0x0000ccb2                Timer3BIntHandler
 .text.coap_parse_int_option
                0x0000ccb4       0x16 contiki-srf06-cc26xx.a(er-coap.o)
 .text.coap_merge_multi_option
                0x0000ccca       0x32 contiki-srf06-cc26xx.a(er-coap.o)
 .text.coap_set_option_header
                0x0000ccfc       0x76 contiki-srf06-cc26xx.a(er-coap.o)
 .text.coap_serialize_int_option
                0x0000cd72       0x60 contiki-srf06-cc26xx.a(er-coap.o)
 .text.coap_serialize_array_option.part.0
                0x0000cdd2       0x20 contiki-srf06-cc26xx.a(er-coap.o)
 .text.coap_serialize_array_option
                0x0000cdf2       0x76 contiki-srf06-cc26xx.a(er-coap.o)
 .text.coap_init_message
                0x0000ce68       0x1a contiki-srf06-cc26xx.a(er-coap.o)
                0x0000ce68                coap_init_message
 .text.coap_set_status_code
                0x0000ce82        0xc contiki-srf06-cc26xx.a(er-coap.o)
                0x0000ce82                coap_set_status_code
 .text.coap_set_token
                0x0000ce8e       0x16 contiki-srf06-cc26xx.a(er-coap.o)
                0x0000ce8e                coap_set_token
 .text.coap_set_header_content_format
                0x0000cea4        0xe contiki-srf06-cc26xx.a(er-coap.o)
                0x0000cea4                coap_set_header_content_format
 .text.coap_set_header_uri_path
                0x0000ceb2       0x20 contiki-srf06-cc26xx.a(er-coap.o)
                0x0000ceb2                coap_set_header_uri_path
 .text.coap_get_header_observe
                0x0000ced2       0x18 contiki-srf06-cc26xx.a(er-coap.o)
                0x0000ced2                coap_get_header_observe
 .text.coap_get_header_block2
                0x0000ceea       0x32 contiki-srf06-cc26xx.a(er-coap.o)
                0x0000ceea                coap_get_header_block2
 .text.coap_set_header_block2
                0x0000cf1c       0x32 contiki-srf06-cc26xx.a(er-coap.o)
                0x0000cf1c                coap_set_header_block2
 .text.coap_get_payload
                0x0000cf4e       0x12 contiki-srf06-cc26xx.a(er-coap.o)
                0x0000cf4e                coap_get_payload
 .text.coap_set_payload
                0x0000cf60       0x12 contiki-srf06-cc26xx.a(er-coap.o)
                0x0000cf60                coap_set_payload
 .text.coap_blocking_request_callback
                0x0000cf72        0x8 contiki-srf06-cc26xx.a(er-coap-engine.)
                0x0000cf72                coap_blocking_request_callback
 .text.fade     0x0000cf7a       0x54 contiki-srf06-cc26xx.a(contiki-main.o)
 .text.select_on_bus
                0x0000cfce        0x8 contiki-srf06-cc26xx.a(bmp-280-sensor.)
 .text.status_right
                0x0000cfd6       0x10 contiki-srf06-cc26xx.a(button-sensor.o)
 .text.config_left
                0x0000cfe6        0xc contiki-srf06-cc26xx.a(button-sensor.o)
 .text.config_right
                0x0000cff2        0xc contiki-srf06-cc26xx.a(button-sensor.o)
 .text.status_left
                0x0000cffe       0x10 contiki-srf06-cc26xx.a(button-sensor.o)
 .text.lpm_wakeup_handler
                0x0000d00e        0x4 contiki-srf06-cc26xx.a(board.o)
 .text.clock_update
                0x0000d012       0x16 contiki-srf06-cc26xx.a(clock.o)
                0x0000d012                clock_update
 .text.rtimer_arch_init
                0x0000d028        0x2 contiki-srf06-cc26xx.a(rtimer-arch.o)
                0x0000d028                rtimer_arch_init
 .text.rtimer_arch_schedule
                0x0000d02a        0x8 contiki-srf06-cc26xx.a(rtimer-arch.o)
                0x0000d02a                rtimer_arch_schedule
 .text.rtimer_arch_now
                0x0000d032        0x4 contiki-srf06-cc26xx.a(rtimer-arch.o)
                0x0000d032                rtimer_arch_now
 .text.putchar  0x0000d036        0xe contiki-srf06-cc26xx.a(putchar.o)
                0x0000d036                putchar
 .text.puts     0x0000d044       0x2c contiki-srf06-cc26xx.a(putchar.o)
                0x0000d044                puts
 .text.dbg_send_bytes
                0x0000d070       0x28 contiki-srf06-cc26xx.a(putchar.o)
                0x0000d070                dbg_send_bytes
 .text.IntMasterEnable
                0x0000d098        0xe contiki-srf06-cc26xx.a(lpm.o)
 .text.oscillators_select_lf_rcosc
                0x0000d0a6       0x30 contiki-srf06-cc26xx.a(oscillators.o)
                0x0000d0a6                oscillators_select_lf_rcosc
 .text.oscillators_request_hf_xosc
                0x0000d0d6       0x24 contiki-srf06-cc26xx.a(oscillators.o)
                0x0000d0d6                oscillators_request_hf_xosc
 .text.request  0x0000d0fa       0x10 contiki-srf06-cc26xx.a(ieee-mode.o)
 .text.soft_on  0x0000d10a       0x16 contiki-srf06-cc26xx.a(ieee-mode.o)
 .text.transmitting
                0x0000d120       0x3e contiki-srf06-cc26xx.a(ieee-mode.o)
 .text.get_cca_info.part.3
                0x0000d15e       0x30 contiki-srf06-cc26xx.a(ieee-mode.o)
 .text.send     0x0000d18e       0x12 contiki-srf06-cc26xx.a(ieee-mode.o)
 .text.channel_clear
                0x0000d1a0       0x54 contiki-srf06-cc26xx.a(ieee-mode.o)
 .text.receiving_packet
                0x0000d1f4       0x3a contiki-srf06-cc26xx.a(ieee-mode.o)
 .text.write_str
                0x0000d22e       0x10 contiki-srf06-cc26xx.a(dbg-printf.o)
 .text.buffer_str
                0x0000d23e       0x28 contiki-srf06-cc26xx.a(dbg-snprintf.o)
 .text.snprintf
                0x0000d266       0x1a contiki-srf06-cc26xx.a(dbg-snprintf.o)
                0x0000d266                snprintf
 .text.autostart_start
                0x0000d280       0x14 contiki-srf06-cc26xx.a(autostart.o)
                0x0000d280                autostart_start
 .text.energest_init
                0x0000d294        0x2 contiki-srf06-cc26xx.a(energest.o)
                0x0000d294                energest_init
 .text.etimer_set
                0x0000d296       0x12 contiki-srf06-cc26xx.a(etimer.o)
                0x0000d296                etimer_set
 .text.etimer_reset
                0x0000d2a8       0x12 contiki-srf06-cc26xx.a(etimer.o)
                0x0000d2a8                etimer_reset
 .text.etimer_restart
                0x0000d2ba       0x12 contiki-srf06-cc26xx.a(etimer.o)
                0x0000d2ba                etimer_restart
 .text.etimer_expired
                0x0000d2cc        0xa contiki-srf06-cc26xx.a(etimer.o)
                0x0000d2cc                etimer_expired
 .text.etimer_expiration_time
                0x0000d2d6        0x6 contiki-srf06-cc26xx.a(etimer.o)
                0x0000d2d6                etimer_expiration_time
 .text.call_process
                0x0000d2dc        0xc contiki-srf06-cc26xx.a(process.o)
 .text.rtimer_init
                0x0000d2e8        0x4 contiki-srf06-cc26xx.a(rtimer.o)
                0x0000d2e8                rtimer_init
 .text.timer_set
                0x0000d2ec        0xe contiki-srf06-cc26xx.a(timer.o)
                0x0000d2ec                timer_set
 .text.timer_reset
                0x0000d2fa        0xa contiki-srf06-cc26xx.a(timer.o)
                0x0000d2fa                timer_reset
 .text.timer_restart
                0x0000d304        0xc contiki-srf06-cc26xx.a(timer.o)
                0x0000d304                timer_restart
 .text.timer_expired
                0x0000d310       0x1c contiki-srf06-cc26xx.a(timer.o)
                0x0000d310                timer_expired
 .text.list_init
                0x0000d32c        0x6 contiki-srf06-cc26xx.a(list.o)
                0x0000d32c                list_init
 .text.list_head
                0x0000d332        0x4 contiki-srf06-cc26xx.a(list.o)
                0x0000d332                list_head
 .text.list_tail
                0x0000d336       0x10 contiki-srf06-cc26xx.a(list.o)
                0x0000d336                list_tail
 .text.list_remove
                0x0000d346       0x28 contiki-srf06-cc26xx.a(list.o)
                0x0000d346                list_remove
 .text.list_add
                0x0000d36e       0x1e contiki-srf06-cc26xx.a(list.o)
                0x0000d36e                list_add
 .text.list_push
                0x0000d38c       0x12 contiki-srf06-cc26xx.a(list.o)
                0x0000d38c                list_push
 .text.list_length
                0x0000d39e        0xe contiki-srf06-cc26xx.a(list.o)
                0x0000d39e                list_length
 .text.list_item_next
                0x0000d3ac        0x6 contiki-srf06-cc26xx.a(list.o)
                0x0000d3ac                list_item_next
 .text.memb_init
                0x0000d3b2       0x20 contiki-srf06-cc26xx.a(memb.o)
                0x0000d3b2                memb_init
 .text.memb_alloc
                0x0000d3d2       0x28 contiki-srf06-cc26xx.a(memb.o)
                0x0000d3d2                memb_alloc
 .text.memb_free
                0x0000d3fa       0x2c contiki-srf06-cc26xx.a(memb.o)
                0x0000d3fa                memb_free
 .text.memb_inmemb
                0x0000d426       0x1c contiki-srf06-cc26xx.a(memb.o)
                0x0000d426                memb_inmemb
 .text.memb_numfree
                0x0000d442       0x1c contiki-srf06-cc26xx.a(memb.o)
                0x0000d442                memb_numfree
 .text.random_init
                0x0000d45e        0x4 contiki-srf06-cc26xx.a(random.o)
                0x0000d45e                random_init
 .text.random_rand
                0x0000d462        0xa contiki-srf06-cc26xx.a(random.o)
                0x0000d462                random_rand
 .text.ringbuf_init
                0x0000d46c        0xe contiki-srf06-cc26xx.a(ringbuf.o)
                0x0000d46c                ringbuf_init
 .text.ringbuf_get
                0x0000d47a       0x20 contiki-srf06-cc26xx.a(ringbuf.o)
                0x0000d47a                ringbuf_get
 .text.chksum   0x0000d49a       0x38 contiki-srf06-cc26xx.a(uip6.o)
 .text.uip_icmp6chksum
                0x0000d4d2        0x6 contiki-srf06-cc26xx.a(uip6.o)
                0x0000d4d2                uip_icmp6chksum
 .text.uip_udpchksum
                0x0000d4d8        0x6 contiki-srf06-cc26xx.a(uip6.o)
                0x0000d4d8                uip_udpchksum
 .text.uip_htonl
                0x0000d4de       0x14 contiki-srf06-cc26xx.a(uip6.o)
                0x0000d4de                uip_htonl
 .text.uip_ds6_list_loop
                0x0000d4f2       0x48 contiki-srf06-cc26xx.a(uip-ds6.o)
                0x0000d4f2                uip_ds6_list_loop
 .text.uip_ds6_maddr_rm
                0x0000d53a        0x8 contiki-srf06-cc26xx.a(uip-ds6.o)
                0x0000d53a                uip_ds6_maddr_rm
 .text.uip_ds6_set_addr_iid
                0x0000d542       0x12 contiki-srf06-cc26xx.a(uip-ds6.o)
                0x0000d542                uip_ds6_set_addr_iid
 .text.get_match_length
                0x0000d554       0x3a contiki-srf06-cc26xx.a(uip-ds6.o)
                0x0000d554                get_match_length
 .text.uip_ds6_nbr_ipaddr_from_lladdr
                0x0000d58e        0x4 contiki-srf06-cc26xx.a(uip-ds6-nbr.o)
                0x0000d58e                uip_ds6_nbr_ipaddr_from_lladdr
 .text.uip_ds6_nbr_lladdr_from_ipaddr
                0x0000d592       0x12 contiki-srf06-cc26xx.a(uip-ds6-nbr.o)
                0x0000d592                uip_ds6_nbr_lladdr_from_ipaddr
 .text.uip_ds6_route_next
                0x0000d5a4        0x8 contiki-srf06-cc26xx.a(uip-ds6-route.o)
                0x0000d5a4                uip_ds6_route_next
 .text.rm_routelist_callback
                0x0000d5ac        0x4 contiki-srf06-cc26xx.a(uip-ds6-route.o)
 .text.uip_nd6_init
                0x0000d5b0        0x2 contiki-srf06-cc26xx.a(uip-nd6.o)
                0x0000d5b0                uip_nd6_init
 .text.rpl_remove_routes
                0x0000d5b2       0x1e contiki-srf06-cc26xx.a(rpl.o)
                0x0000d5b2                rpl_remove_routes
 .text.rpl_remove_routes_by_nexthop
                0x0000d5d0       0x36 contiki-srf06-cc26xx.a(rpl.o)
                0x0000d5d0                rpl_remove_routes_by_nexthop
 .text.rpl_add_route
                0x0000d606       0x28 contiki-srf06-cc26xx.a(rpl.o)
                0x0000d606                rpl_add_route
 .text.lollipop_greater_than
                0x0000d62e       0x34 contiki-srf06-cc26xx.a(rpl-dag.o)
 .text.check_prefix
                0x0000d662       0x58 contiki-srf06-cc26xx.a(rpl-dag.o)
 .text.rpl_set_prefix
                0x0000d6ba       0x6c contiki-srf06-cc26xx.a(rpl-dag.o)
                0x0000d6ba                rpl_set_prefix
 .text.rpl_set_default_route
                0x0000d726       0x38 contiki-srf06-cc26xx.a(rpl-dag.o)
                0x0000d726                rpl_set_default_route
 .text.rpl_find_parent
                0x0000d75e       0x16 contiki-srf06-cc26xx.a(rpl-dag.o)
                0x0000d75e                rpl_find_parent
 .text.rpl_find_parent_any_dag
                0x0000d774       0x1e contiki-srf06-cc26xx.a(rpl-dag.o)
                0x0000d774                rpl_find_parent_any_dag
 .text.rpl_select_dag
                0x0000d792      0x152 contiki-srf06-cc26xx.a(rpl-dag.o)
                0x0000d792                rpl_select_dag
 .text.rpl_nullify_parent
                0x0000d8e4       0x48 contiki-srf06-cc26xx.a(rpl-dag.o)
                0x0000d8e4                rpl_nullify_parent
 .text.nbr_callback
                0x0000d92c        0x4 contiki-srf06-cc26xx.a(rpl-dag.o)
 .text.rpl_free_dag
                0x0000d930       0x2e contiki-srf06-cc26xx.a(rpl-dag.o)
                0x0000d930                rpl_free_dag
 .text.rpl_move_parent
                0x0000d95e       0x48 contiki-srf06-cc26xx.a(rpl-dag.o)
                0x0000d95e                rpl_move_parent
 .text.rpl_repair_root
                0x0000d9a6       0x48 contiki-srf06-cc26xx.a(rpl-dag.o)
                0x0000d9a6                rpl_repair_root
 .text.rpl_alloc_dag
                0x0000d9ee       0x48 contiki-srf06-cc26xx.a(rpl-dag.o)
                0x0000d9ee                rpl_alloc_dag
 .text.rpl_process_parent_event
                0x0000da36       0x60 contiki-srf06-cc26xx.a(rpl-dag.o)
                0x0000da36                rpl_process_parent_event
 .text.rpl_add_dag
                0x0000da96      0x10c contiki-srf06-cc26xx.a(rpl-dag.o)
                0x0000da96                rpl_add_dag
 .text.rpl_process_dio
                0x0000dba2      0x2bc contiki-srf06-cc26xx.a(rpl-dag.o)
                0x0000dba2                rpl_process_dio
 .text.get32    0x0000de5e       0x18 contiki-srf06-cc26xx.a(rpl-icmp6.o)
 .text.set32    0x0000de76       0x12 contiki-srf06-cc26xx.a(rpl-icmp6.o)
 .text.get16    0x0000de88        0xc contiki-srf06-cc26xx.a(rpl-icmp6.o)
 .text.set16    0x0000de94        0xa contiki-srf06-cc26xx.a(rpl-icmp6.o)
 .text.reset    0x0000de9e        0x2 contiki-srf06-cc26xx.a(rpl-mrhof.o)
 .text.update_metric_container
                0x0000dea0        0x6 contiki-srf06-cc26xx.a(rpl-mrhof.o)
 .text.calculate_rank
                0x0000dea6       0x34 contiki-srf06-cc26xx.a(rpl-mrhof.o)
 .text.neighbor_link_callback
                0x0000deda       0x46 contiki-srf06-cc26xx.a(rpl-mrhof.o)
 .text.best_dag
                0x0000df20       0x2c contiki-srf06-cc26xx.a(rpl-mrhof.o)
 .text.best_parent
                0x0000df4c       0x5a contiki-srf06-cc26xx.a(rpl-mrhof.o)
 .text.handle_unicast_dio_timer
                0x0000dfa6       0x1c contiki-srf06-cc26xx.a(rpl-timers.o)
 .text.rpl_reset_dio_timer
                0x0000dfc2       0x1c contiki-srf06-cc26xx.a(rpl-timers.o)
                0x0000dfc2                rpl_reset_dio_timer
 .text.rpl_schedule_dao
                0x0000dfde        0x8 contiki-srf06-cc26xx.a(rpl-timers.o)
                0x0000dfde                rpl_schedule_dao
 .text.NOROM_CPUcpsid
                0x0000dfe6        0x8 contiki-srf06-cc26xx.a(cpu.o)
                0x0000dfe6                NOROM_CPUcpsid
 .text.NOROM_CPUcpsie
                0x0000dfee        0x8 contiki-srf06-cc26xx.a(cpu.o)
                0x0000dfee                NOROM_CPUcpsie
 .text.NOROM_CPUdelay
                0x0000dff6        0x8 contiki-srf06-cc26xx.a(cpu.o)
                0x0000dff6                NOROM_CPUdelay
 .text.linkaddr_copy
                0x0000dffe        0xa contiki-srf06-cc26xx.a(linkaddr.o)
                0x0000dffe                linkaddr_copy
 .text.linkaddr_cmp
                0x0000e008       0x10 contiki-srf06-cc26xx.a(linkaddr.o)
                0x0000e008                linkaddr_cmp
 .text.nbr_set_bit
                0x0000e018       0x38 contiki-srf06-cc26xx.a(nbr-table.o)
 .text.item_from_key
                0x0000e050       0x22 contiki-srf06-cc26xx.a(nbr-table.o)
 .text.nbr_table_next
                0x0000e072       0x2e contiki-srf06-cc26xx.a(nbr-table.o)
                0x0000e072                nbr_table_next
 .text.nbr_table_get_from_lladdr
                0x0000e0a0       0x32 contiki-srf06-cc26xx.a(nbr-table.o)
                0x0000e0a0                nbr_table_get_from_lladdr
 .text.nbr_table_get_lladdr
                0x0000e0d2        0xc contiki-srf06-cc26xx.a(nbr-table.o)
                0x0000e0d2                nbr_table_get_lladdr
 .text.parse    0x0000e0de       0x94 contiki-srf06-cc26xx.a(framer-802154.o)
 .text.create   0x0000e172        0x6 contiki-srf06-cc26xx.a(framer-802154.o)
 .text.hdr_length
                0x0000e178        0x6 contiki-srf06-cc26xx.a(framer-802154.o)
 .text.channel_check_interval
                0x0000e17e        0x4 contiki-srf06-cc26xx.a(nullmac.o)
 .text.init     0x0000e182        0x2 contiki-srf06-cc26xx.a(nullmac.o)
 .text.channel_check_interval
                0x0000e184        0x4 contiki-srf06-cc26xx.a(nullrdc.o)
 .text.init     0x0000e188        0x4 contiki-srf06-cc26xx.a(nullrdc.o)
 .text.send_list
                0x0000e18c       0x20 contiki-srf06-cc26xx.a(nullrdc.o)
 .text.send_packet
                0x0000e1ac        0x4 contiki-srf06-cc26xx.a(nullrdc.o)
 .text.init     0x0000e1b0        0x2 contiki-srf06-cc26xx.a(nullsec.o)
 .text.sensor_common_read_reg
                0x0000e1b2       0x1a contiki-srf06-cc26xx.a(sensor-common.o)
                0x0000e1b2                sensor_common_read_reg
 .text.sensor_common_set_error_data
                0x0000e1cc        0xe contiki-srf06-cc26xx.a(sensor-common.o)
                0x0000e1cc                sensor_common_set_error_data
 .text.ext_flash_init
                0x0000e1da        0xe contiki-srf06-cc26xx.a(ext-flash.o)
                0x0000e1da                ext_flash_init
 .text.IntMasterEnable
                0x0000e1e8        0xe contiki-srf06-cc26xx.a(rf-core.o)
 .text.rf_core_init_radio_op
                0x0000e1f6       0x1e contiki-srf06-cc26xx.a(rf-core.o)
                0x0000e1f6                rf_core_init_radio_op
 .text.rf_core_boot
                0x0000e214       0x1c contiki-srf06-cc26xx.a(rf-core.o)
                0x0000e214                rf_core_boot
 .text.stimer_set
                0x0000e230        0xe contiki-srf06-cc26xx.a(stimer.o)
                0x0000e230                stimer_set
 .text.ThisCodeIsBuiltForCC26xxHwRev22AndLater_HaltIfViolated
                0x0000e23e       0x14 contiki-srf06-cc26xx.a(chipinfo.o)
                0x0000e23e                ThisCodeIsBuiltForCC26xxHwRev22AndLater_HaltIfViolated
 .text.frame802154_has_panid
                0x0000e252       0x4c contiki-srf06-cc26xx.a(frame802154.o)
                0x0000e252                frame802154_has_panid
 .text.field_len
                0x0000e29e       0x84 contiki-srf06-cc26xx.a(frame802154.o)
 .text.frame802154_is_broadcast_addr
                0x0000e322       0x1e contiki-srf06-cc26xx.a(frame802154.o)
                0x0000e322                frame802154_is_broadcast_addr
 .text.frame802154_hdrlen
                0x0000e340       0x32 contiki-srf06-cc26xx.a(frame802154.o)
                0x0000e340                frame802154_hdrlen
 .text.frame802154_create
                0x0000e372       0xe6 contiki-srf06-cc26xx.a(frame802154.o)
                0x0000e372                frame802154_create
 .text.mac_call_sent_callback
                0x0000e458       0x16 contiki-srf06-cc26xx.a(mac.o)
                0x0000e458                mac_call_sent_callback
 *(SORT(.rodata*))
 *fill*         0x0000e46e        0x2 00000000
 .rodata.dp_h   0x0000e470       0x10 /usr/bin/../lib/gcc/arm-none-eabi/4.9.3/../../../../arm-none-eabi/lib/armv7-m/libm.a(lib_a-e_pow.o)
 .rodata.dp_l   0x0000e480       0x10 /usr/bin/../lib/gcc/arm-none-eabi/4.9.3/../../../../arm-none-eabi/lib/armv7-m/libm.a(lib_a-e_pow.o)
 .rodata.bp     0x0000e490       0x10 /usr/bin/../lib/gcc/arm-none-eabi/4.9.3/../../../../arm-none-eabi/lib/armv7-m/libm.a(lib_a-e_pow.o)
 .rodata.TWO52  0x0000e4a0       0x10 /usr/bin/../lib/gcc/arm-none-eabi/4.9.3/../../../../arm-none-eabi/lib/armv7-m/libm.a(lib_a-s_rint.o)
 .rodata.autostart_processes
                0x0000e4b0        0x8 er-example-client.co
                0x0000e4b0                autostart_processes
 .rodata.bmp_280_sensor
                0x0000e4b8       0x10 contiki-srf06-cc26xx.a(bmp-280-sensor.)
                0x0000e4b8                bmp_280_sensor
 .rodata.tmp_007_sensor
                0x0000e4c8       0x10 contiki-srf06-cc26xx.a(tmp-007-sensor.)
                0x0000e4c8                tmp_007_sensor
 .rodata.opt_3001_sensor
                0x0000e4d8       0x10 contiki-srf06-cc26xx.a(opt-3001-sensor)
                0x0000e4d8                opt_3001_sensor
 .rodata.hdc_1000_sensor
                0x0000e4e8       0x10 contiki-srf06-cc26xx.a(hdc-1000-sensor)
                0x0000e4e8                hdc_1000_sensor
 .rodata.mpu_9250_sensor
                0x0000e4f8       0x10 contiki-srf06-cc26xx.a(mpu-9250-sensor)
                0x0000e4f8                mpu_9250_sensor
 .rodata.button_left_sensor
                0x0000e508       0x10 contiki-srf06-cc26xx.a(button-sensor.o)
                0x0000e508                button_left_sensor
 .rodata.button_right_sensor
                0x0000e518       0x10 contiki-srf06-cc26xx.a(button-sensor.o)
                0x0000e518                button_right_sensor
 .rodata.reed_relay_sensor
                0x0000e528       0x10 contiki-srf06-cc26xx.a(reed-relay.o)
                0x0000e528                reed_relay_sensor
 .rodata.output_power
                0x0000e538       0x68 contiki-srf06-cc26xx.a(ieee-mode.o)
 .rodata.ieee_mode_driver
                0x0000e5a0       0x38 contiki-srf06-cc26xx.a(ieee-mode.o)
                0x0000e5a0                ieee_mode_driver
 .rodata.mode_ieee
                0x0000e5d8        0x8 contiki-srf06-cc26xx.a(ieee-mode.o)
 .rodata.sicslowpan_driver
                0x0000e5e0        0xc contiki-srf06-cc26xx.a(sicslowpan.o)
                0x0000e5e0                sicslowpan_driver
 .rodata.framer_802154
                0x0000e5ec        0xc contiki-srf06-cc26xx.a(framer-802154.o)
                0x0000e5ec                framer_802154
 .rodata.nullmac_driver
                0x0000e5f8       0x1c contiki-srf06-cc26xx.a(nullmac.o)
                0x0000e5f8                nullmac_driver
 .rodata.nullrdc_driver
                0x0000e614       0x20 contiki-srf06-cc26xx.a(nullrdc.o)
                0x0000e614                nullrdc_driver
 .rodata.nullsec_driver
                0x0000e634       0x10 contiki-srf06-cc26xx.a(nullsec.o)
                0x0000e634                nullsec_driver
 .rodata.str1.4
                0x0000e644        0x4 /usr/bin/../lib/gcc/arm-none-eabi/4.9.3/../../../../arm-none-eabi/lib/armv7-m/libm.a(lib_a-w_pow.o)
 .rodata.str1.4
                0x0000e648        0x1 /usr/bin/../lib/gcc/arm-none-eabi/4.9.3/../../../../arm-none-eabi/lib/armv7-m/libm.a(lib_a-e_pow.o)
 *fill*         0x0000e649        0x3 00000000
 .rodata.str1.4
                0x0000e64c        0x4 /usr/bin/../lib/gcc/arm-none-eabi/4.9.3/../../../../arm-none-eabi/lib/armv7-m/libc.a(lib_a-impure.o)
                                  0x2 (size before relaxing)
 .rodata.str1.1
                0x0000e650       0xab er-example-client.co
 .rodata.str1.1
                0x0000e6fb       0xae contiki-srf06-cc26xx.a(er-coap.o)
                                 0xaf (size before relaxing)
 .rodata.str1.1
                0x0000e7a9       0x55 contiki-srf06-cc26xx.a(er-coap-engine.)
                                 0x66 (size before relaxing)
 .rodata.str1.1
                0x0000e7fe        0x9 contiki-srf06-cc26xx.a(er-coap-res-wel)
                                 0x19 (size before relaxing)
 .rodata.str1.1
                0x0000e807      0x24f contiki-srf06-cc26xx.a(er-coap-observe)
 .rodata.str1.1
                0x0000ea56       0x97 contiki-srf06-cc26xx.a(contiki-main.o)
                                 0x9a (size before relaxing)
 .rodata.str1.1
                0x0000eaed        0x8 contiki-srf06-cc26xx.a(sensors.o)
 .rodata.str1.1
                0x0000eaf5        0x7 contiki-srf06-cc26xx.a(bmp-280-sensor.)
 .rodata.str1.1
                0x0000eafc        0x7 contiki-srf06-cc26xx.a(tmp-007-sensor.)
 .rodata.str1.1
                0x0000eb03        0x8 contiki-srf06-cc26xx.a(opt-3001-sensor)
 .rodata.str1.1
                0x0000eb0b        0x8 contiki-srf06-cc26xx.a(hdc-1000-sensor)
 .rodata.str1.1
                0x0000eb13        0x8 contiki-srf06-cc26xx.a(mpu-9250-sensor)
 .rodata.str1.1
                0x0000eb1b        0x7 contiki-srf06-cc26xx.a(button-sensor.o)
 .rodata.str1.1
                0x0000eb22        0x5 contiki-srf06-cc26xx.a(reed-relay.o)
 .rodata.str1.1
                0x0000eb27       0x33 contiki-srf06-cc26xx.a(strformat.o)
                                 0x37 (size before relaxing)
 .rodata.buffer.4019
                0x0000eb5a       0x10 contiki-srf06-cc26xx.a(strformat.o)
 .rodata.buffer.4028
                0x0000eb6a       0x10 contiki-srf06-cc26xx.a(strformat.o)
 .rodata.str1.1
                0x0000eb7a        0xf contiki-srf06-cc26xx.a(ctimer.o)
 .rodata.str1.1
                0x0000eb89        0xc contiki-srf06-cc26xx.a(etimer.o)
 .rodata.str1.1
                0x0000eb95        0xe contiki-srf06-cc26xx.a(serial-line.o)
 .rodata        0x0000eba3        0x2 contiki-srf06-cc26xx.a(sicslowpan.o)
 .rodata.ttl_values
                0x0000eba5        0x4 contiki-srf06-cc26xx.a(sicslowpan.o)
 .rodata.unc_llconf
                0x0000eba9        0x4 contiki-srf06-cc26xx.a(sicslowpan.o)
                0x0000eba9                unc_llconf
 .rodata.llprefix
                0x0000ebad        0x2 contiki-srf06-cc26xx.a(sicslowpan.o)
                0x0000ebad                llprefix
 .rodata.unc_mxconf
                0x0000ebaf        0x4 contiki-srf06-cc26xx.a(sicslowpan.o)
                0x0000ebaf                unc_mxconf
 .rodata.str1.1
                0x0000ebb3        0xb contiki-srf06-cc26xx.a(sicslowpan.o)
 .rodata.unc_ctxconf
                0x0000ebbe        0x4 contiki-srf06-cc26xx.a(sicslowpan.o)
                0x0000ebbe                unc_ctxconf
 .rodata.str1.1
                0x0000ebc2        0xd contiki-srf06-cc26xx.a(tcpip.o)
 .rodata.str1.1
                0x0000ebcf       0x3c contiki-srf06-cc26xx.a(uip-debug.o)
 .rodata.linkaddr_null
                0x0000ec0b        0x8 contiki-srf06-cc26xx.a(linkaddr.o)
                0x0000ec0b                linkaddr_null
 .rodata.str1.1
                0x0000ec13        0x8 contiki-srf06-cc26xx.a(nullmac.o)
 .rodata.str1.1
                0x0000ec1b        0x8 contiki-srf06-cc26xx.a(nullrdc.o)
 .rodata.str1.1
                0x0000ec23        0x8 contiki-srf06-cc26xx.a(nullsec.o)
 .rodata        0x0000ec2b        0x4 contiki-srf06-cc26xx.a(ext-flash.o)
 .rodata.str1.1
                0x0000ec2f       0x44 contiki-srf06-cc26xx.a(rf-core.o)
                0x0000ec73                _etext = .

.glue_7         0x0000ec74        0x0
 .glue_7        0x00000000        0x0 linker stubs

.glue_7t        0x0000ec74        0x0
 .glue_7t       0x00000000        0x0 linker stubs

.vfp11_veneer   0x0000ec74        0x0
 .vfp11_veneer  0x00000000        0x0 linker stubs

.v4_bx          0x0000ec74        0x0
 .v4_bx         0x00000000        0x0 linker stubs

.iplt           0x0000ec74        0x0
 .iplt          0x00000000        0x0 obj_srf06-cc26xx/startup_gcc.o

.data           0x20000000      0x695 load address 0x0000ec73
                0x20000000                _data = .
 *(SORT(vtable))
 *(SORT(.data*))
 .data.impure_data
                0x20000000      0x428 /usr/bin/../lib/gcc/arm-none-eabi/4.9.3/../../../../arm-none-eabi/lib/armv7-m/libc.a(lib_a-impure.o)
 .data.service_urls
                0x20000428       0x10 er-example-client.co
                0x20000428                service_urls
 .data.er_example_client
                0x20000438       0x10 er-example-client.co
                0x20000438                er_example_client
 .data.coap_error_message
                0x20000448        0x4 contiki-srf06-cc26xx.a(er-coap.o)
                0x20000448                coap_error_message