Archive member included because of file (symbol)

contiki-srf06-cc26xx.a(er-coap.o)
                              obj_srf06-cc26xx/res-b1-sep-b2.o (coap_serialize_message)
contiki-srf06-cc26xx.a(er-coap-engine.)
                              obj_srf06-cc26xx/res-hello.o (coap_rest_implementation)
contiki-srf06-cc26xx.a(er-coap-transac)
                              contiki-srf06-cc26xx.a(er-coap-engine.) (coap_register_as_transaction_handler)
contiki-srf06-cc26xx.a(er-coap-observe)
                              contiki-srf06-cc26xx.a(er-coap-transac) (coap_remove_observer_by_client)
contiki-srf06-cc26xx.a(er-coap-separat)
                              obj_srf06-cc26xx/res-separate.o (coap_separate_reject)
contiki-srf06-cc26xx.a(er-coap-res-wel)
                              contiki-srf06-cc26xx.a(er-coap-engine.) (res_well_known_core)
contiki-srf06-cc26xx.a(er-coap-block1.)
                              obj_srf06-cc26xx/res-b1-sep-b2.o (coap_block1_handler)
contiki-srf06-cc26xx.a(er-coap-observe)
                              contiki-srf06-cc26xx.a(er-coap-engine.) (coap_handle_notification)
contiki-srf06-cc26xx.a(rest-engine.o)
                              er-example-server.co (rest_init_engine)
contiki-srf06-cc26xx.a(contiki-main.o)
                              obj_srf06-cc26xx/startup_gcc.o (main)
contiki-srf06-cc26xx.a(sensors.o)
                              er-example-server.co (sensors_event)
contiki-srf06-cc26xx.a(leds.o)
                              contiki-srf06-cc26xx.a(contiki-main.o) (leds_init)
contiki-srf06-cc26xx.a(leds-arch.o)
                              contiki-srf06-cc26xx.a(leds.o) (leds_arch_init)
contiki-srf06-cc26xx.a(sensortag-senso)
                              contiki-srf06-cc26xx.a(sensors.o) (sensors_flags)
contiki-srf06-cc26xx.a(bmp-280-sensor.)
                              contiki-srf06-cc26xx.a(sensortag-senso) (bmp_280_sensor)
contiki-srf06-cc26xx.a(tmp-007-sensor.)
                              contiki-srf06-cc26xx.a(sensortag-senso) (tmp_007_sensor)
contiki-srf06-cc26xx.a(opt-3001-sensor)
                              contiki-srf06-cc26xx.a(sensortag-senso) (opt_3001_sensor)
contiki-srf06-cc26xx.a(hdc-1000-sensor)
                              contiki-srf06-cc26xx.a(sensortag-senso) (hdc_1000_sensor)
contiki-srf06-cc26xx.a(mpu-9250-sensor)
                              er-example-server.co (mpu_9250_sensor)
contiki-srf06-cc26xx.a(button-sensor.o)
                              contiki-srf06-cc26xx.a(sensortag-senso) (button_right_sensor)
contiki-srf06-cc26xx.a(reed-relay.o)
                              contiki-srf06-cc26xx.a(sensortag-senso) (reed_relay_sensor)
contiki-srf06-cc26xx.a(board.o)
                              contiki-srf06-cc26xx.a(contiki-main.o) (board_init)
contiki-srf06-cc26xx.a(board-i2c.o)
                              contiki-srf06-cc26xx.a(board.o) (board_i2c_wakeup)
contiki-srf06-cc26xx.a(clock.o)
                              contiki-srf06-cc26xx.a(contiki-main.o) (clock_init)
contiki-srf06-cc26xx.a(rtimer-arch.o)
                              contiki-srf06-cc26xx.a(mpu-9250-sensor) (rtimer_arch_now)
contiki-srf06-cc26xx.a(soc-rtc.o)
                              contiki-srf06-cc26xx.a(contiki-main.o) (soc_rtc_init)
contiki-srf06-cc26xx.a(contiki-watchdo)
                              contiki-srf06-cc26xx.a(contiki-main.o) (watchdog_init)
contiki-srf06-cc26xx.a(putchar.o)
                              obj_srf06-cc26xx/res-b1-sep-b2.o (putchar)
contiki-srf06-cc26xx.a(ieee-addr.o)
                              contiki-srf06-cc26xx.a(contiki-main.o) (ieee_addr_cpy_to)
contiki-srf06-cc26xx.a(cc26xx-uart.o)
                              contiki-srf06-cc26xx.a(contiki-main.o) (cc26xx_uart_init)
contiki-srf06-cc26xx.a(lpm.o)
                              contiki-srf06-cc26xx.a(button-sensor.o) (lpm_shutdown)
contiki-srf06-cc26xx.a(gpio-interrupt.)
                              contiki-srf06-cc26xx.a(button-sensor.o) (gpio_interrupt_register_handler)
contiki-srf06-cc26xx.a(oscillators.o)
                              contiki-srf06-cc26xx.a(contiki-main.o) (oscillators_select_lf_xosc)
contiki-srf06-cc26xx.a(ieee-mode.o)
                              contiki-srf06-cc26xx.a(contiki-main.o) (ieee_mode_driver)
contiki-srf06-cc26xx.a(dbg-printf.o)
                              obj_srf06-cc26xx/res-mpu.o (printf)
contiki-srf06-cc26xx.a(dbg-snprintf.o)
                              obj_srf06-cc26xx/res-mirror.o (snprintf)
contiki-srf06-cc26xx.a(strformat.o)
                              contiki-srf06-cc26xx.a(dbg-printf.o) (format_str_v)
contiki-srf06-cc26xx.a(autostart.o)
                              contiki-srf06-cc26xx.a(contiki-main.o) (autostart_start)
contiki-srf06-cc26xx.a(ctimer.o)
                              contiki-srf06-cc26xx.a(contiki-main.o) (ctimer_init)
contiki-srf06-cc26xx.a(energest.o)
                              contiki-srf06-cc26xx.a(contiki-main.o) (energest_init)
contiki-srf06-cc26xx.a(etimer.o)
[...]
Memory Configuration

Name             Origin             Length             Attributes
FLASH            0x00000000         0x0001ffa8         xr
FLASH_CCFG       0x0001ffa8         0x00000058         xr
SRAM             0x20000000         0x00005000         xrw
GPRAM            0x11000000         0x00002000         xrw
*default*        0x00000000         0xffffffff

Linker script and memory map

LOAD obj_srf06-cc26xx/fault-handlers.o
LOAD obj_srf06-cc26xx/ccfg.o
LOAD obj_srf06-cc26xx/startup_gcc.o
LOAD er-example-server.co
LOAD obj_srf06-cc26xx/res-light.o
LOAD obj_srf06-cc26xx/res-hello.o
LOAD obj_srf06-cc26xx/res-mirror.o
LOAD obj_srf06-cc26xx/res-mpu.o
LOAD obj_srf06-cc26xx/res-sht11.o
LOAD obj_srf06-cc26xx/res-battery.o
LOAD obj_srf06-cc26xx/res-event.o
LOAD obj_srf06-cc26xx/res-green.o
LOAD obj_srf06-cc26xx/res-red.o
LOAD obj_srf06-cc26xx/res-temperature.o
LOAD obj_srf06-cc26xx/res-b1-sep-b2.o
LOAD obj_srf06-cc26xx/res-radio.o
LOAD obj_srf06-cc26xx/res-sub.o
LOAD obj_srf06-cc26xx/res-toggle.o
LOAD obj_srf06-cc26xx/res-separate.o
LOAD obj_srf06-cc26xx/res-push.o
LOAD obj_srf06-cc26xx/res-chunks.o
LOAD contiki-srf06-cc26xx.a
LOAD /usr/bin/../lib/gcc/arm-none-eabi/4.9.3/../../../../arm-none-eabi/lib/armv7-m/libm.a
START GROUP
LOAD /usr/bin/../lib/gcc/arm-none-eabi/4.9.3/armv7-m/libgcc.a
LOAD /usr/bin/../lib/gcc/arm-none-eabi/4.9.3/../../../../arm-none-eabi/lib/armv7-m/libc.a
END GROUP
                0x20005000                _estack = (ORIGIN (SRAM) + 0x5000)
                0x00000000                _Min_Heap_Size = 0x0
                0x00000100                _Min_Stack_Size = 0x100

.text           0x00000000     0xfd4d
                0x00000000                _text = .
 *(SORT(.vectors))
 .vectors       0x00000000       0xc8 obj_srf06-cc26xx/startup_gcc.o
                0x00000000                gVectors
 *(SORT(.text*))
 .text.value    0x000000c8       0xa0 contiki-srf06-cc26xx.a(opt-3001-sensor)
 .text.value    0x00000168       0x94 contiki-srf06-cc26xx.a(hdc-1000-sensor)
 *fill*         0x000001fc        0x4 00000000
 .text.value    0x00000200      0x15c contiki-srf06-cc26xx.a(mpu-9250-sensor)
 *fill*         0x0000035c        0x4 00000000
 .text.__ieee754_pow
                0x00000360      0xaa0 /usr/bin/../lib/gcc/arm-none-eabi/4.9.3/../../../../arm-none-eabi/lib/armv7-m/libm.a(lib_a-e_pow.o)
                0x00000360                __ieee754_pow
 .text.scalbn   0x00000e00       0xec /usr/bin/../lib/gcc/arm-none-eabi/4.9.3/../../../../arm-none-eabi/lib/armv7-m/libm.a(lib_a-s_scalbn.o)
                0x00000e00                scalbn
 .text.FaultISR
                0x00000eec       0x18 obj_srf06-cc26xx/fault-handlers.o
                0x00000eec                FaultISR
 .text.ResetISR
                0x00000f04       0x4c obj_srf06-cc26xx/startup_gcc.o
                0x00000f04                ResetISR
 .text.process_thread_er_example_server
                0x00000f50       0xd8 er-example-server.co
 .text.res_get_handler
                0x00001028       0x68 obj_srf06-cc26xx/res-hello.o
 .text.res_get_handler
                0x00001090       0x80 obj_srf06-cc26xx/res-mpu.o
 .text.res_event_handler
                0x00001110       0x1c obj_srf06-cc26xx/res-event.o
 .text.res_get_handler
                0x0000112c       0x40 obj_srf06-cc26xx/res-event.o
 .text.res_post_handler
                0x0000116c       0x28 obj_srf06-cc26xx/res-green.o
 .text.green_callback
                0x00001194       0x24 obj_srf06-cc26xx/res-green.o
 .text.res_post_handler
                0x000011b8       0x28 obj_srf06-cc26xx/res-red.o
 .text.red_callback
                0x000011e0       0x24 obj_srf06-cc26xx/res-red.o
 .text.res_get_handler
                0x00001204       0x38 obj_srf06-cc26xx/res-separate.o
 .text.res_resume_handler
                0x0000123c       0x70 obj_srf06-cc26xx/res-separate.o
 .text.res_periodic_handler
                0x000012ac       0x1c obj_srf06-cc26xx/res-push.o
 .text.res_get_handler
                0x000012c8       0x54 obj_srf06-cc26xx/res-push.o
 .text.coap_init_connection
                0x0000131c       0x28 contiki-srf06-cc26xx.a(er-coap.o)
                0x0000131c                coap_init_connection
 .text.coap_get_mid
                0x00001344       0x10 contiki-srf06-cc26xx.a(er-coap.o)
                0x00001344                coap_get_mid
 .text.coap_serialize_message
                0x00001354      0x2e4 contiki-srf06-cc26xx.a(er-coap.o)
                0x00001354                coap_serialize_message
 .text.coap_send_message
                0x00001638       0x4c contiki-srf06-cc26xx.a(er-coap.o)
                0x00001638                coap_send_message
 .text.coap_parse_message
                0x00001684      0x2e4 contiki-srf06-cc26xx.a(er-coap.o)
                0x00001684                coap_parse_message
 .text.coap_set_service_callback
                0x00001968        0xc contiki-srf06-cc26xx.a(er-coap-engine.)
                0x00001968                coap_set_service_callback
 .text.process_thread_coap_engine
                0x00001974      0x38c contiki-srf06-cc26xx.a(er-coap-engine.)
 .text.coap_init_engine
                0x00001d00        0xc contiki-srf06-cc26xx.a(er-coap-engine.)
                0x00001d00                coap_init_engine
 .text.coap_register_as_transaction_handler
                0x00001d0c       0x14 contiki-srf06-cc26xx.a(er-coap-transac)
                0x00001d0c                coap_register_as_transaction_handler
 .text.coap_new_transaction
                0x00001d20       0x44 contiki-srf06-cc26xx.a(er-coap-transac)
                0x00001d20                coap_new_transaction
 .text.coap_clear_transaction
                0x00001d64       0x2c contiki-srf06-cc26xx.a(er-coap-transac)
                0x00001d64                coap_clear_transaction
 .text.coap_send_transaction
                0x00001d90       0x98 contiki-srf06-cc26xx.a(er-coap-transac)
                0x00001d90                coap_send_transaction
 .text.coap_get_transaction_by_mid
                0x00001e28       0x1c contiki-srf06-cc26xx.a(er-coap-transac)
                0x00001e28                coap_get_transaction_by_mid
 .text.coap_check_transactions
                0x00001e44       0x2c contiki-srf06-cc26xx.a(er-coap-transac)
                0x00001e44                coap_check_transactions
 .text.coap_remove_observer
                0x00001e70       0x20 contiki-srf06-cc26xx.a(er-coap-observe)
                0x00001e70                coap_remove_observer
 .text.coap_remove_observer_by_client
                0x00001e90       0x3c contiki-srf06-cc26xx.a(er-coap-observe)
                0x00001e90                coap_remove_observer_by_client
 .text.coap_remove_observer_by_token
                0x00001ecc       0x58 contiki-srf06-cc26xx.a(er-coap-observe)
                0x00001ecc                coap_remove_observer_by_token
 .text.coap_remove_observer_by_uri
                0x00001f24       0x5c contiki-srf06-cc26xx.a(er-coap-observe)
                0x00001f24                coap_remove_observer_by_uri
 .text.coap_remove_observer_by_mid
                0x00001f80       0x48 contiki-srf06-cc26xx.a(er-coap-observe)
                0x00001f80                coap_remove_observer_by_mid
 .text.coap_notify_observers_sub
                0x00001fc8      0x11c contiki-srf06-cc26xx.a(er-coap-observe)
                0x00001fc8                coap_notify_observers_sub
 .text.coap_observe_handler
                0x000020e4      0x10c contiki-srf06-cc26xx.a(er-coap-observe)
                0x000020e4                coap_observe_handler
 .text.coap_separate_reject
                0x000021f0       0x1c contiki-srf06-cc26xx.a(er-coap-separat)
                0x000021f0                coap_separate_reject
 .text.coap_separate_accept
                0x0000220c       0xd0 contiki-srf06-cc26xx.a(er-coap-separat)
                0x0000220c                coap_separate_accept
 .text.well_known_core_get_handler
                0x000022dc      0x168 contiki-srf06-cc26xx.a(er-coap-res-wel)
                0x000022dc                well_known_core_get_handler
 .text.classify_notification
                0x00002444       0x54 contiki-srf06-cc26xx.a(er-coap-observe)
 .text.simple_reply.isra.1
                0x00002498       0x38 contiki-srf06-cc26xx.a(er-coap-observe)
 .text.coap_get_obs_subject_by_token
                0x000024d0       0x40 contiki-srf06-cc26xx.a(er-coap-observe)
                0x000024d0                coap_get_obs_subject_by_token
 .text.coap_handle_notification
                0x00002510       0xa8 contiki-srf06-cc26xx.a(er-coap-observe)
                0x00002510                coap_handle_notification
 .text.process_thread_rest_engine_process
                0x000025b8       0x88 contiki-srf06-cc26xx.a(rest-engine.o)
 .text.rest_invoke_restful_service
                0x00002640       0xf8 contiki-srf06-cc26xx.a(rest-engine.o)
                0x00002640                rest_invoke_restful_service
 .text.rest_init_engine
                0x00002738       0x40 contiki-srf06-cc26xx.a(rest-engine.o)
                0x00002738                rest_init_engine
 .text.rest_activate_resource
                0x00002778       0x34 contiki-srf06-cc26xx.a(rest-engine.o)
                0x00002778                rest_activate_resource
 .text.rest_get_resources
                0x000027ac        0x8 contiki-srf06-cc26xx.a(rest-engine.o)
                0x000027ac                rest_get_resources
 .text.startup.main
                0x000027b4      0x1e0 contiki-srf06-cc26xx.a(contiki-main.o)
                0x000027b4                main
 .text.process_thread_sensors_process
                0x00002994       0xd4 contiki-srf06-cc26xx.a(sensors.o)
 .text.sensors_changed
                0x00002a68       0x38 contiki-srf06-cc26xx.a(sensors.o)
                0x00002a68                sensors_changed
 .text.leds_init
                0x00002aa0       0x14 contiki-srf06-cc26xx.a(leds.o)
                0x00002aa0                leds_init
 .text.leds_on  0x00002ab4       0x10 contiki-srf06-cc26xx.a(leds.o)
                0x00002ab4                leds_on
 .text.leds_off
                0x00002ac4       0x14 contiki-srf06-cc26xx.a(leds.o)
                0x00002ac4                leds_off
 .text.leds_toggle
                0x00002ad8       0x10 contiki-srf06-cc26xx.a(leds.o)
                0x00002ad8                leds_toggle
 .text.leds_arch_init
                0x00002ae8       0x34 contiki-srf06-cc26xx.a(leds-arch.o)
                0x00002ae8                leds_arch_init
 .text.leds_arch_set
                0x00002b1c       0x34 contiki-srf06-cc26xx.a(leds-arch.o)
                0x00002b1c                leds_arch_set
 .text.status   0x00002b50       0x14 contiki-srf06-cc26xx.a(bmp-280-sensor.)
 .text.notify_ready
                0x00002b64       0x14 contiki-srf06-cc26xx.a(bmp-280-sensor.)
 .text.value    0x00002b78      0x15c contiki-srf06-cc26xx.a(bmp-280-sensor.)
 .text.configure
                0x00002cd4       0xac contiki-srf06-cc26xx.a(bmp-280-sensor.)
 .text.status   0x00002d80       0x14 contiki-srf06-cc26xx.a(tmp-007-sensor.)
 .text.notify_ready
                0x00002d94       0x14 contiki-srf06-cc26xx.a(tmp-007-sensor.)
 .text.enable_sensor
                0x00002da8       0x34 contiki-srf06-cc26xx.a(tmp-007-sensor.)
 .text.configure
                0x00002ddc       0x78 contiki-srf06-cc26xx.a(tmp-007-sensor.)
 .text.value    0x00002e54       0xd8 contiki-srf06-cc26xx.a(tmp-007-sensor.)
 .text.status   0x00002f2c        0xc contiki-srf06-cc26xx.a(opt-3001-sensor)
 .text.enable_sensor
                0x00002f38       0x44 contiki-srf06-cc26xx.a(opt-3001-sensor)
 .text.configure
                0x00002f7c       0x44 contiki-srf06-cc26xx.a(opt-3001-sensor)
 .text.notify_ready
                0x00002fc0       0x50 contiki-srf06-cc26xx.a(opt-3001-sensor)
 .text.status   0x00003010       0x14 contiki-srf06-cc26xx.a(hdc-1000-sensor)
 .text.notify_ready
                0x00003024       0x60 contiki-srf06-cc26xx.a(hdc-1000-sensor)
 .text.configure
                0x00003084       0xa4 contiki-srf06-cc26xx.a(hdc-1000-sensor)
 .text.acc_convert
                0x00003128       0x58 contiki-srf06-cc26xx.a(mpu-9250-sensor)
 .text.status   0x00003180       0x14 contiki-srf06-cc26xx.a(mpu-9250-sensor)
 .text.notify_ready
                0x00003194       0x14 contiki-srf06-cc26xx.a(mpu-9250-sensor)
 .text.sensor_sleep
                0x000031a8       0x38 contiki-srf06-cc26xx.a(mpu-9250-sensor)
 .text.int_status
                0x000031e0       0x28 contiki-srf06-cc26xx.a(mpu-9250-sensor)
 .text.configure
                0x00003208       0xd4 contiki-srf06-cc26xx.a(mpu-9250-sensor)
 .text.initialise
                0x000032dc       0xf0 contiki-srf06-cc26xx.a(mpu-9250-sensor)
 .text.convert_to_le.constprop.4
                0x000033cc       0x20 contiki-srf06-cc26xx.a(mpu-9250-sensor)
 .text.status.part.0
                0x000033ec       0x14 contiki-srf06-cc26xx.a(button-sensor.o)
 .text.value_left
                0x00003400       0x24 contiki-srf06-cc26xx.a(button-sensor.o)
 .text.value_right
                0x00003424       0x18 contiki-srf06-cc26xx.a(button-sensor.o)
 .text.button_press_handler
                0x0000343c       0x60 contiki-srf06-cc26xx.a(button-sensor.o)
 .text.config_buttons
                0x0000349c       0x84 contiki-srf06-cc26xx.a(button-sensor.o)
 .text.value    0x00003520       0x10 contiki-srf06-cc26xx.a(reed-relay.o)
 .text.status   0x00003530       0x20 contiki-srf06-cc26xx.a(reed-relay.o)
 .text.configure
                0x00003550       0x68 contiki-srf06-cc26xx.a(reed-relay.o)
 .text.reed_interrupt_handler
                0x000035b8       0x28 contiki-srf06-cc26xx.a(reed-relay.o)
 .text.power_domains_on
                0x000035e0       0x20 contiki-srf06-cc26xx.a(board.o)
 .text.shutdown_handler
                0x00003600       0x64 contiki-srf06-cc26xx.a(board.o)
 .text.board_init
                0x00003664      0x118 contiki-srf06-cc26xx.a(board.o)
                0x00003664                board_init
 .text.I2CMasterBusy.isra.2
                0x0000377c       0x10 contiki-srf06-cc26xx.a(board-i2c.o)
 .text.I2CMasterBusBusy.isra.3
                0x0000378c       0x10 contiki-srf06-cc26xx.a(board-i2c.o)
 .text.accessible
                0x0000379c       0x24 contiki-srf06-cc26xx.a(board-i2c.o)
 .text.I2CMasterControl.isra.7
                0x000037c0       0x10 contiki-srf06-cc26xx.a(board-i2c.o)
 .text.i2c_status
                0x000037d0       0x2c contiki-srf06-cc26xx.a(board-i2c.o)
 .text.board_i2c_wakeup
                0x000037fc       0x5c contiki-srf06-cc26xx.a(board-i2c.o)
                0x000037fc                board_i2c_wakeup
 .text.board_i2c_shutdown
                0x00003858       0xa4 contiki-srf06-cc26xx.a(board-i2c.o)
                0x00003858                board_i2c_shutdown
 .text.board_i2c_write
                0x000038fc       0x94 contiki-srf06-cc26xx.a(board-i2c.o)
                0x000038fc                board_i2c_write
 .text.board_i2c_write_single
                0x00003990       0x3c contiki-srf06-cc26xx.a(board-i2c.o)
                0x00003990                board_i2c_write_single
 .text.board_i2c_read
                0x000039cc       0x94 contiki-srf06-cc26xx.a(board-i2c.o)
                0x000039cc                board_i2c_read
 .text.board_i2c_write_read
                0x00003a60       0xf4 contiki-srf06-cc26xx.a(board-i2c.o)
                0x00003a60                board_i2c_write_read
 .text.board_i2c_select
                0x00003b54       0xd0 contiki-srf06-cc26xx.a(board-i2c.o)
                0x00003b54                board_i2c_select
 .text.power_domain_on
                0x00003c24       0x20 contiki-srf06-cc26xx.a(clock.o)
 .text.update_clock_variable
                0x00003c44       0x2c contiki-srf06-cc26xx.a(clock.o)
 .text.clock_init
                0x00003c70       0x88 contiki-srf06-cc26xx.a(clock.o)
                0x00003c70                clock_init
 .text.clock_time
                0x00003cf8       0x14 contiki-srf06-cc26xx.a(clock.o)
                0x00003cf8                clock_time
 .text.clock_seconds
                0x00003d0c       0x18 contiki-srf06-cc26xx.a(clock.o)
                0x00003d0c                clock_seconds
 .text.soc_rtc_init
                0x00003d24       0x90 contiki-srf06-cc26xx.a(soc-rtc.o)
                0x00003d24                soc_rtc_init
 .text.soc_rtc_get_next_trigger
                0x00003db4       0x24 contiki-srf06-cc26xx.a(soc-rtc.o)
                0x00003db4                soc_rtc_get_next_trigger
 .text.soc_rtc_schedule_one_shot
                0x00003dd8       0x44 contiki-srf06-cc26xx.a(soc-rtc.o)
                0x00003dd8                soc_rtc_schedule_one_shot
 .text.soc_rtc_last_isr_time
                0x00003e1c        0xc contiki-srf06-cc26xx.a(soc-rtc.o)
                0x00003e1c                soc_rtc_last_isr_time
 .text.AONRTCIntHandler
                0x00003e28       0x64 contiki-srf06-cc26xx.a(soc-rtc.o)
                0x00003e28                AONRTCIntHandler
 .text.lock_config
                0x00003e8c       0x18 contiki-srf06-cc26xx.a(contiki-watchdo)
 .text.unlock_config
                0x00003ea4       0x2c contiki-srf06-cc26xx.a(contiki-watchdo)
 .text.watchdog_init
                0x00003ed0       0x18 contiki-srf06-cc26xx.a(contiki-watchdo)
                0x00003ed0                watchdog_init
 .text.watchdog_periodic
                0x00003ee8       0x14 contiki-srf06-cc26xx.a(contiki-watchdo)
                0x00003ee8                watchdog_periodic
 .text.watchdog_start
                0x00003efc       0x20 contiki-srf06-cc26xx.a(contiki-watchdo)
                0x00003efc                watchdog_start
 .text.ieee_addr_cpy_to
                0x00003f1c       0x3c contiki-srf06-cc26xx.a(ieee-addr.o)
                0x00003f1c                ieee_addr_cpy_to
 .text.power_and_clock
                0x00003f58       0x40 contiki-srf06-cc26xx.a(cc26xx-uart.o)
 .text.accessible
                0x00003f98       0x24 contiki-srf06-cc26xx.a(cc26xx-uart.o)
 .text.disable_interrupts
                0x00003fbc       0x30 contiki-srf06-cc26xx.a(cc26xx-uart.o)
 .text.enable   0x00003fec       0xcc contiki-srf06-cc26xx.a(cc26xx-uart.o)
 .text.lpm_drop_handler
                0x000040b8       0xa4 contiki-srf06-cc26xx.a(cc26xx-uart.o)
 .text.cc26xx_uart_init
                0x0000415c       0x28 contiki-srf06-cc26xx.a(cc26xx-uart.o)
                0x0000415c                cc26xx_uart_init
 .text.cc26xx_uart_write_byte
                0x00004184       0x28 contiki-srf06-cc26xx.a(cc26xx-uart.o)
                0x00004184                cc26xx_uart_write_byte
 .text.cc26xx_uart_busy
                0x000041ac       0x18 contiki-srf06-cc26xx.a(cc26xx-uart.o)
                0x000041ac                cc26xx_uart_busy
 .text.UART0IntHandler
                0x000041c4       0x50 contiki-srf06-cc26xx.a(cc26xx-uart.o)
                0x000041c4                UART0IntHandler
 .text.lpm_shutdown
                0x00004214      0x184 contiki-srf06-cc26xx.a(lpm.o)
                0x00004214                lpm_shutdown
 .text.lpm_sleep
                0x00004398       0x14 contiki-srf06-cc26xx.a(lpm.o)
                0x00004398                lpm_sleep
 .text.lpm_drop
                0x000043ac      0x1ac contiki-srf06-cc26xx.a(lpm.o)
                0x000043ac                lpm_drop
 .text.lpm_register_module
                0x00004558        0xc contiki-srf06-cc26xx.a(lpm.o)
                0x00004558                lpm_register_module
 .text.lpm_unregister_module
                0x00004564        0xc contiki-srf06-cc26xx.a(lpm.o)
                0x00004564                lpm_unregister_module
 .text.lpm_init
                0x00004570       0x20 contiki-srf06-cc26xx.a(lpm.o)
                0x00004570                lpm_init
 .text.lpm_pin_set_default_state
                0x00004590       0x30 contiki-srf06-cc26xx.a(lpm.o)
                0x00004590                lpm_pin_set_default_state
 .text.gpio_interrupt_register_handler
                0x000045c0       0x2c contiki-srf06-cc26xx.a(gpio-interrupt.)
                0x000045c0                gpio_interrupt_register_handler
 .text.gpio_interrupt_init
                0x000045ec       0x24 contiki-srf06-cc26xx.a(gpio-interrupt.)
                0x000045ec                gpio_interrupt_init
 .text.GPIOIntHandler
                0x00004610       0x30 contiki-srf06-cc26xx.a(gpio-interrupt.)
                0x00004610                GPIOIntHandler
 .text.osc_interface_dis
                0x00004640       0x28 contiki-srf06-cc26xx.a(oscillators.o)
 .text.osc_interface_en
                0x00004668       0x30 contiki-srf06-cc26xx.a(oscillators.o)
 .text.oscillators_select_lf_xosc
                0x00004698       0x44 contiki-srf06-cc26xx.a(oscillators.o)
                0x00004698                oscillators_select_lf_xosc
 .text.oscillators_switch_to_hf_xosc
                0x000046dc       0x28 contiki-srf06-cc26xx.a(oscillators.o)
                0x000046dc                oscillators_switch_to_hf_xosc
 .text.oscillators_switch_to_hf_rc
                0x00004704       0x2c contiki-srf06-cc26xx.a(oscillators.o)
                0x00004704                oscillators_switch_to_hf_rc
 .text.release_data_entry
                0x00004730       0x14 contiki-srf06-cc26xx.a(ieee-mode.o)
 .text.rf_is_on
                0x00004744       0x18 contiki-srf06-cc26xx.a(ieee-mode.o)
 .text.rx_on    0x0000475c       0x50 contiki-srf06-cc26xx.a(ieee-mode.o)
 .text.rf_radio_setup
                0x000047ac       0x70 contiki-srf06-cc26xx.a(ieee-mode.o)
 .text.pending_packet
                0x0000481c       0x2c contiki-srf06-cc26xx.a(ieee-mode.o)
 .text.prepare  0x00004848       0x1c contiki-srf06-cc26xx.a(ieee-mode.o)
 .text.read_frame
                0x00004864       0x4c contiki-srf06-cc26xx.a(ieee-mode.o)
 .text.soft_off
                0x000048b0       0x2c contiki-srf06-cc26xx.a(ieee-mode.o)
 .text.get_object
                0x000048dc       0x38 contiki-srf06-cc26xx.a(ieee-mode.o)
 .text.rx_off   0x00004914       0x48 contiki-srf06-cc26xx.a(ieee-mode.o)
 .text.off      0x0000495c       0x4c contiki-srf06-cc26xx.a(ieee-mode.o)
 .text.on       0x000049a8       0x88 contiki-srf06-cc26xx.a(ieee-mode.o)
 .text.set_value
                0x00004a30      0x134 contiki-srf06-cc26xx.a(ieee-mode.o)
 .text.get_value
                0x00004b64       0xf0 contiki-srf06-cc26xx.a(ieee-mode.o)
 .text.transmit
                0x00004c54       0xa8 contiki-srf06-cc26xx.a(ieee-mode.o)
 .text.set_object
                0x00004cfc       0x50 contiki-srf06-cc26xx.a(ieee-mode.o)
 .text.init     0x00004d4c       0xc8 contiki-srf06-cc26xx.a(ieee-mode.o)
 .text.printf   0x00004e14       0x20 contiki-srf06-cc26xx.a(dbg-printf.o)
                0x00004e14                printf
 .text.vsnprintf
                0x00004e34       0x28 contiki-srf06-cc26xx.a(dbg-snprintf.o)
                0x00004e34                vsnprintf
 .text.fill_space
                0x00004e5c       0x34 contiki-srf06-cc26xx.a(strformat.o)
 .text.format_str_v
                0x00004e90      0x6e8 contiki-srf06-cc26xx.a(strformat.o)
                0x00004e90                format_str_v
 .text.process_thread_ctimer_process
                0x00005578       0x80 contiki-srf06-cc26xx.a(ctimer.o)
 .text.ctimer_init
                0x000055f8       0x28 contiki-srf06-cc26xx.a(ctimer.o)
                0x000055f8                ctimer_init
 .text.ctimer_set_with_process
                0x00005620       0x44 contiki-srf06-cc26xx.a(ctimer.o)
                0x00005620                ctimer_set_with_process
 .text.ctimer_set
                0x00005664       0x14 contiki-srf06-cc26xx.a(ctimer.o)
                0x00005664                ctimer_set
 .text.ctimer_reset
                0x00005678       0x38 contiki-srf06-cc26xx.a(ctimer.o)
                0x00005678                ctimer_reset
 .text.ctimer_stop
                0x000056b0       0x2c contiki-srf06-cc26xx.a(ctimer.o)
                0x000056b0                ctimer_stop
 .text.update_time
                0x000056dc       0x44 contiki-srf06-cc26xx.a(etimer.o)
 .text.etimer_request_poll
                0x00005720        0xc contiki-srf06-cc26xx.a(etimer.o)
                0x00005720                etimer_request_poll
 .text.process_thread_etimer_process
                0x0000572c       0x94 contiki-srf06-cc26xx.a(etimer.o)
 .text.add_timer
                0x000057c0       0x40 contiki-srf06-cc26xx.a(etimer.o)
 .text.etimer_pending
                0x00005800       0x10 contiki-srf06-cc26xx.a(etimer.o)
                0x00005800                etimer_pending
 .text.etimer_next_expiration_time
                0x00005810       0x14 contiki-srf06-cc26xx.a(etimer.o)
                0x00005810                etimer_next_expiration_time
 .text.etimer_stop
                0x00005824       0x34 contiki-srf06-cc26xx.a(etimer.o)
                0x00005824                etimer_stop
 .text.call_process.part.0
                0x00005858       0x38 contiki-srf06-cc26xx.a(process.o)
 .text.exit_process
                0x00005890       0x80 contiki-srf06-cc26xx.a(process.o)
 .text.do_poll  0x00005910       0x30 contiki-srf06-cc26xx.a(process.o)
 .text.process_alloc_event
                0x00005940       0x10 contiki-srf06-cc26xx.a(process.o)
                0x00005940                process_alloc_event
 .text.process_init
                0x00005950       0x30 contiki-srf06-cc26xx.a(process.o)
                0x00005950                process_init
 .text.process_run
                0x00005980       0xb0 contiki-srf06-cc26xx.a(process.o)
                0x00005980                process_run
 .text.process_nevents
                0x00005a30       0x14 contiki-srf06-cc26xx.a(process.o)
                0x00005a30                process_nevents
 .text.process_post
                0x00005a44       0x44 contiki-srf06-cc26xx.a(process.o)
                0x00005a44                process_post
 .text.process_post_synch
                0x00005a88       0x14 contiki-srf06-cc26xx.a(process.o)
                0x00005a88                process_post_synch
 .text.process_start
                0x00005a9c       0x30 contiki-srf06-cc26xx.a(process.o)
                0x00005a9c                process_start
 .text.process_poll
                0x00005acc       0x18 contiki-srf06-cc26xx.a(process.o)
                0x00005acc                process_poll
 .text.rtimer_run_next
                0x00005ae4       0x28 contiki-srf06-cc26xx.a(rtimer.o)
                0x00005ae4                rtimer_run_next
 .text.process_thread_serial_line_process
                0x00005b0c       0x98 contiki-srf06-cc26xx.a(serial-line.o)
 .text.serial_line_init
                0x00005ba4       0x24 contiki-srf06-cc26xx.a(serial-line.o)
                0x00005ba4                serial_line_init
 .text.clear_fragments
                0x00005bc8       0x3c contiki-srf06-cc26xx.a(sicslowpan.o)
 .text.sicslowpan_init
                0x00005c04       0x24 contiki-srf06-cc26xx.a(sicslowpan.o)
                0x00005c04                sicslowpan_init
 .text.set_packet_attrs
                0x00005c28       0x44 contiki-srf06-cc26xx.a(sicslowpan.o)
 .text.compress_addr_64
                0x00005c6c       0x90 contiki-srf06-cc26xx.a(sicslowpan.o)
 .text.addr_context_lookup_by_prefix
                0x00005cfc       0x28 contiki-srf06-cc26xx.a(sicslowpan.o)
 .text.send_packet
                0x00005d24       0x24 contiki-srf06-cc26xx.a(sicslowpan.o)
 .text.packet_sent
                0x00005d48       0x28 contiki-srf06-cc26xx.a(sicslowpan.o)
 .text.store_fragment
                0x00005d70       0x58 contiki-srf06-cc26xx.a(sicslowpan.o)
 .text.uncompress_addr
                0x00005dc8       0xa4 contiki-srf06-cc26xx.a(sicslowpan.o)
 .text.output   0x00005e6c      0x6a8 contiki-srf06-cc26xx.a(sicslowpan.o)
 .text.add_fragment
                0x00006514      0x124 contiki-srf06-cc26xx.a(sicslowpan.o)
 .text.input    0x00006638      0x5a4 contiki-srf06-cc26xx.a(sicslowpan.o)
 .text.upper_layer_chksum
                0x00006bdc       0x54 contiki-srf06-cc26xx.a(uip6.o)
 .text.ext_hdr_options_process
                0x00006c30       0xb0 contiki-srf06-cc26xx.a(uip6.o)
 .text.uip_init
                0x00006ce0       0x3c contiki-srf06-cc26xx.a(uip6.o)
                0x00006ce0                uip_init
 .text.remove_ext_hdr
                0x00006d1c       0x5c contiki-srf06-cc26xx.a(uip6.o)
                0x00006d1c                remove_ext_hdr
 .text.uip_udp_new
                0x00006d78       0xb0 contiki-srf06-cc26xx.a(uip6.o)
                0x00006d78                uip_udp_new
 .text.uip_process
                0x00006e28      0x464 contiki-srf06-cc26xx.a(uip6.o)
                0x00006e28                uip_process
 .text.uip_ds6_prefix_add
                0x0000728c       0x64 contiki-srf06-cc26xx.a(uip-ds6.o)
                0x0000728c                uip_ds6_prefix_add
 .text.uip_ds6_is_addr_onlink
                0x000072f0       0x40 contiki-srf06-cc26xx.a(uip-ds6.o)
                0x000072f0                uip_ds6_is_addr_onlink
 .text.uip_ds6_addr_lookup
                0x00007330       0x2c contiki-srf06-cc26xx.a(uip-ds6.o)
                0x00007330                uip_ds6_addr_lookup
 .text.uip_ds6_get_link_local
                0x0000735c       0x40 contiki-srf06-cc26xx.a(uip-ds6.o)
                0x0000735c                uip_ds6_get_link_local
 .text.uip_ds6_maddr_add
                0x0000739c       0x4c contiki-srf06-cc26xx.a(uip-ds6.o)
                0x0000739c                uip_ds6_maddr_add
 .text.uip_ds6_addr_add
                0x000073e8       0x94 contiki-srf06-cc26xx.a(uip-ds6.o)
                0x000073e8                uip_ds6_addr_add
 .text.uip_ds6_maddr_lookup
                0x0000747c       0x2c contiki-srf06-cc26xx.a(uip-ds6.o)
                0x0000747c                uip_ds6_maddr_lookup
 .text.uip_ds6_addr_rm
                0x000074a8       0x44 contiki-srf06-cc26xx.a(uip-ds6.o)
                0x000074a8                uip_ds6_addr_rm
 .text.uip_ds6_periodic
                0x000074ec       0x50 contiki-srf06-cc26xx.a(uip-ds6.o)
                0x000074ec                uip_ds6_periodic
 .text.uip_ds6_select_src
                0x0000753c       0x94 contiki-srf06-cc26xx.a(uip-ds6.o)
                0x0000753c                uip_ds6_select_src
 .text.uip_ds6_compute_reachable_time
                0x000075d0       0x28 contiki-srf06-cc26xx.a(uip-ds6.o)
                0x000075d0                uip_ds6_compute_reachable_time
 .text.uip_ds6_init
                0x000075f8       0xe0 contiki-srf06-cc26xx.a(uip-ds6.o)
                0x000075f8                uip_ds6_init
 .text.uip_ds6_nbr_rm
                0x000076d8       0x20 contiki-srf06-cc26xx.a(uip-ds6-nbr.o)
                0x000076d8                uip_ds6_nbr_rm
 .text.uip_ds6_neighbors_init
                0x000076f8       0x14 contiki-srf06-cc26xx.a(uip-ds6-nbr.o)
                0x000076f8                uip_ds6_neighbors_init
 .text.uip_ds6_nbr_add
                0x0000770c       0x60 contiki-srf06-cc26xx.a(uip-ds6-nbr.o)
                0x0000770c                uip_ds6_nbr_add
 .text.uip_ds6_nbr_get_ll
                0x0000776c       0x10 contiki-srf06-cc26xx.a(uip-ds6-nbr.o)
                0x0000776c                uip_ds6_nbr_get_ll
 .text.uip_ds6_nbr_lookup
                0x0000777c       0x38 contiki-srf06-cc26xx.a(uip-ds6-nbr.o)
                0x0000777c                uip_ds6_nbr_lookup
 .text.uip_ds6_nbr_ll_lookup
                0x000077b4       0x10 contiki-srf06-cc26xx.a(uip-ds6-nbr.o)
                0x000077b4                uip_ds6_nbr_ll_lookup
 .text.uip_ds6_link_neighbor_callback
                0x000077c4       0x2c contiki-srf06-cc26xx.a(uip-ds6-nbr.o)
                0x000077c4                uip_ds6_link_neighbor_callback
 .text.uip_ds6_neighbor_periodic
                0x000077f0       0x58 contiki-srf06-cc26xx.a(uip-ds6-nbr.o)
                0x000077f0                uip_ds6_neighbor_periodic
 .text.call_route_callback
                0x00007848       0x48 contiki-srf06-cc26xx.a(uip-ds6-route.o)
 .text.uip_ds6_route_init
                0x00007890       0x4c contiki-srf06-cc26xx.a(uip-ds6-route.o)
                0x00007890                uip_ds6_route_init
 .text.uip_ds6_route_nexthop
                0x000078dc       0x20 contiki-srf06-cc26xx.a(uip-ds6-route.o)
                0x000078dc                uip_ds6_route_nexthop
 .text.uip_ds6_route_head
                0x000078fc        0xc contiki-srf06-cc26xx.a(uip-ds6-route.o)
                0x000078fc                uip_ds6_route_head
 .text.uip_ds6_route_lookup
                0x00007908       0x64 contiki-srf06-cc26xx.a(uip-ds6-route.o)
                0x00007908                uip_ds6_route_lookup
 .text.uip_ds6_route_rm
                0x0000796c       0x9c contiki-srf06-cc26xx.a(uip-ds6-route.o)
                0x0000796c                uip_ds6_route_rm
 .text.rm_routelist
                0x00007a08       0x30 contiki-srf06-cc26xx.a(uip-ds6-route.o)
 .text.uip_ds6_route_add
                0x00007a38      0x10c contiki-srf06-cc26xx.a(uip-ds6-route.o)
                0x00007a38                uip_ds6_route_add
 .text.uip_ds6_defrt_rm
                0x00007b44       0x44 contiki-srf06-cc26xx.a(uip-ds6-route.o)
                0x00007b44                uip_ds6_defrt_rm
 .text.uip_ds6_defrt_lookup
                0x00007b88       0x2c contiki-srf06-cc26xx.a(uip-ds6-route.o)
                0x00007b88                uip_ds6_defrt_lookup
 .text.uip_ds6_defrt_add
                0x00007bb4       0x64 contiki-srf06-cc26xx.a(uip-ds6-route.o)
                0x00007bb4                uip_ds6_defrt_add
 .text.uip_ds6_defrt_choose
                0x00007c18       0x30 contiki-srf06-cc26xx.a(uip-ds6-route.o)
                0x00007c18                uip_ds6_defrt_choose
 .text.uip_ds6_defrt_periodic
                0x00007c48       0x30 contiki-srf06-cc26xx.a(uip-ds6-route.o)
                0x00007c48                uip_ds6_defrt_periodic
 .text.echo_reply_input
                0x00007c78       0xe8 contiki-srf06-cc26xx.a(uip-icmp6.o)
 .text.echo_request_input
                0x00007d60      0x100 contiki-srf06-cc26xx.a(uip-icmp6.o)
 .text.uip_icmp6_input
                0x00007e60       0x38 contiki-srf06-cc26xx.a(uip-icmp6.o)
                0x00007e60                uip_icmp6_input
 .text.uip_icmp6_register_input_handler
                0x00007e98        0xc contiki-srf06-cc26xx.a(uip-icmp6.o)
                0x00007e98                uip_icmp6_register_input_handler
 .text.uip_icmp6_error_output
                0x00007ea4      0x148 contiki-srf06-cc26xx.a(uip-icmp6.o)
                0x00007ea4                uip_icmp6_error_output
 .text.uip_icmp6_send
                0x00007fec       0x8c contiki-srf06-cc26xx.a(uip-icmp6.o)
                0x00007fec                uip_icmp6_send
 .text.uip_icmp6_init
                0x00008078       0x1c contiki-srf06-cc26xx.a(uip-icmp6.o)
                0x00008078                uip_icmp6_init
 .text.tcpip_output
                0x00008094       0x10 contiki-srf06-cc26xx.a(tcpip.o)
                0x00008094                tcpip_output
 .text.tcpip_set_outputfunc
                0x000080a4        0xc contiki-srf06-cc26xx.a(tcpip.o)
                0x000080a4                tcpip_set_outputfunc
 .text.udp_new  0x000080b0       0x18 contiki-srf06-cc26xx.a(tcpip.o)
                0x000080b0                udp_new
 .text.tcpip_icmp6_call
                0x000080c8       0x28 contiki-srf06-cc26xx.a(tcpip.o)
                0x000080c8                tcpip_icmp6_call
 .text.tcpip_input
                0x000080f0       0x24 contiki-srf06-cc26xx.a(tcpip.o)
                0x000080f0                tcpip_input
 .text.tcpip_ipv6_output
                0x00008114       0xc0 contiki-srf06-cc26xx.a(tcpip.o)
                0x00008114                tcpip_ipv6_output
 .text.process_thread_tcpip_process
                0x000081d4       0xdc contiki-srf06-cc26xx.a(tcpip.o)
 .text.tcpip_uipcall
                0x000082b0       0x2c contiki-srf06-cc26xx.a(tcpip.o)
                0x000082b0                tcpip_uipcall
 .text.uip_debug_ipaddr_print
                0x000082dc       0xa0 contiki-srf06-cc26xx.a(uip-debug.o)
                0x000082dc                uip_debug_ipaddr_print
 .text.uip_udp_packet_send
                0x0000837c       0x38 contiki-srf06-cc26xx.a(uip-udp-packet.)
                0x0000837c                uip_udp_packet_send
 .text.rpl_get_mode
                0x000083b4        0xc contiki-srf06-cc26xx.a(rpl.o)
                0x000083b4                rpl_get_mode
 .text.rpl_purge_routes
                0x000083c0       0x64 contiki-srf06-cc26xx.a(rpl.o)
                0x000083c0                rpl_purge_routes
 .text.rpl_link_neighbor_callback
                0x00008424       0x70 contiki-srf06-cc26xx.a(rpl.o)
                0x00008424                rpl_link_neighbor_callback
 .text.rpl_ipv6_neighbor_callback
                0x00008494       0x28 contiki-srf06-cc26xx.a(rpl.o)
                0x00008494                rpl_ipv6_neighbor_callback
 .text.rpl_purge_dags
                0x000084bc       0x3c contiki-srf06-cc26xx.a(rpl.o)
                0x000084bc                rpl_purge_dags
 .text.rpl_init
                0x000084f8       0x58 contiki-srf06-cc26xx.a(rpl.o)
                0x000084f8                rpl_init
 .text.rpl_set_preferred_parent
                0x00008550       0x28 contiki-srf06-cc26xx.a(rpl-dag.o)
 .text.set_ip_from_prefix
                0x00008578       0x2c contiki-srf06-cc26xx.a(rpl-dag.o)
 .text.find_parent_any_dag_any_instance
                0x000085a4       0x1c contiki-srf06-cc26xx.a(rpl-dag.o)
 .text.rpl_get_nbr
                0x000085c0       0x28 contiki-srf06-cc26xx.a(rpl-dag.o)
                0x000085c0                rpl_get_nbr
 .text.rpl_dag_init
                0x000085e8       0x14 contiki-srf06-cc26xx.a(rpl-dag.o)
                0x000085e8                rpl_dag_init
 .text.rpl_get_parent
                0x000085fc       0x10 contiki-srf06-cc26xx.a(rpl-dag.o)
                0x000085fc                rpl_get_parent
 .text.rpl_get_parent_ipaddr
                0x0000860c       0x18 contiki-srf06-cc26xx.a(rpl-dag.o)
                0x0000860c                rpl_get_parent_ipaddr
 .text.rpl_alloc_instance
                0x00008624       0x34 contiki-srf06-cc26xx.a(rpl-dag.o)
                0x00008624                rpl_alloc_instance
 .text.rpl_add_parent
                0x00008658       0x44 contiki-srf06-cc26xx.a(rpl-dag.o)
                0x00008658                rpl_add_parent
 .text.rpl_select_parent
                0x0000869c       0x6c contiki-srf06-cc26xx.a(rpl-dag.o)
                0x0000869c                rpl_select_parent
 .text.rpl_remove_parent
                0x00008708       0x1c contiki-srf06-cc26xx.a(rpl-dag.o)
                0x00008708                rpl_remove_parent
 .text.remove_parents.constprop.4
                0x00008724       0x2c contiki-srf06-cc26xx.a(rpl-dag.o)
 .text.rpl_get_any_dag
                0x00008750       0x18 contiki-srf06-cc26xx.a(rpl-dag.o)
                0x00008750                rpl_get_any_dag
 .text.rpl_get_instance
                0x00008768       0x20 contiki-srf06-cc26xx.a(rpl-dag.o)
                0x00008768                rpl_get_instance
 .text.rpl_find_of
                0x00008788       0x14 contiki-srf06-cc26xx.a(rpl-dag.o)
                0x00008788                rpl_find_of
 .text.rpl_join_instance
                0x0000879c      0x118 contiki-srf06-cc26xx.a(rpl-dag.o)
                0x0000879c                rpl_join_instance
 .text.rpl_local_repair
                0x000088b4       0x58 contiki-srf06-cc26xx.a(rpl-dag.o)
                0x000088b4                rpl_local_repair
 .text.rpl_recalculate_ranks
                0x0000890c       0x3c contiki-srf06-cc26xx.a(rpl-dag.o)
                0x0000890c                rpl_recalculate_ranks
 .text.rpl_verify_header
                0x00008948      0x114 contiki-srf06-cc26xx.a(rpl-ext-header.)
                0x00008948                rpl_verify_header
 .text.rpl_update_header_empty
                0x00008a5c      0x138 contiki-srf06-cc26xx.a(rpl-ext-header.)
                0x00008a5c                rpl_update_header_empty
 .text.rpl_update_header_final
                0x00008b94       0x88 contiki-srf06-cc26xx.a(rpl-ext-header.)
                0x00008b94                rpl_update_header_final
 .text.rpl_invert_header
                0x00008c1c       0x68 contiki-srf06-cc26xx.a(rpl-ext-header.)
                0x00008c1c                rpl_invert_header
 .text.rpl_insert_header
                0x00008c84       0x1c contiki-srf06-cc26xx.a(rpl-ext-header.)
                0x00008c84                rpl_insert_header
 .text.dao_ack_input
                0x00008ca0       0x14 contiki-srf06-cc26xx.a(rpl-icmp6.o)
 .text.dio_input
                0x00008cb4      0x288 contiki-srf06-cc26xx.a(rpl-icmp6.o)
 .text.dis_output
                0x00008f3c       0x54 contiki-srf06-cc26xx.a(rpl-icmp6.o)
                0x00008f3c                dis_output
 .text.dio_output
                0x00008f90      0x20c contiki-srf06-cc26xx.a(rpl-icmp6.o)
                0x00008f90                dio_output
 .text.dis_input
                0x0000919c       0x3c contiki-srf06-cc26xx.a(rpl-icmp6.o)
 .text.dao_output_target
                0x000091d8       0xe0 contiki-srf06-cc26xx.a(rpl-icmp6.o)
                0x000091d8                dao_output_target
 .text.dao_output
                0x000092b8       0x64 contiki-srf06-cc26xx.a(rpl-icmp6.o)
                0x000092b8                dao_output
 .text.dao_ack_output
                0x0000931c       0x34 contiki-srf06-cc26xx.a(rpl-icmp6.o)
                0x0000931c                dao_ack_output
 .text.dao_input
                0x00009350      0x1e4 contiki-srf06-cc26xx.a(rpl-icmp6.o)
 .text.rpl_icmp6_register_handlers
                0x00009534       0x30 contiki-srf06-cc26xx.a(rpl-icmp6.o)
                0x00009534                rpl_icmp6_register_handlers
 .text.new_dio_interval
                0x00009564       0x58 contiki-srf06-cc26xx.a(rpl-timers.o)
 .text.handle_periodic_timer
                0x000095bc       0x3c contiki-srf06-cc26xx.a(rpl-timers.o)
 .text.set_dao_lifetime_timer
                0x000095f8       0x3c contiki-srf06-cc26xx.a(rpl-timers.o)
 .text.handle_dio_timer
                0x00009634       0x80 contiki-srf06-cc26xx.a(rpl-timers.o)
 .text.schedule_dao
                0x000096b4       0x54 contiki-srf06-cc26xx.a(rpl-timers.o)
 .text.handle_dao_timer
                0x00009708       0x58 contiki-srf06-cc26xx.a(rpl-timers.o)
 .text.rpl_reset_periodic_timer
                0x00009760       0x34 contiki-srf06-cc26xx.a(rpl-timers.o)
                0x00009760                rpl_reset_periodic_timer
 .text.rpl_schedule_unicast_dio_immediately
                0x00009794       0x14 contiki-srf06-cc26xx.a(rpl-timers.o)
                0x00009794                rpl_schedule_unicast_dio_immediately
 .text.rpl_schedule_probing
                0x000097a8       0x30 contiki-srf06-cc26xx.a(rpl-timers.o)
                0x000097a8                rpl_schedule_probing
 .text.handle_probing_timer
                0x000097d8       0xd0 contiki-srf06-cc26xx.a(rpl-timers.o)
 .text.NOROM_AONRTCCurrentCompareValueGet
                0x000098a8       0x20 contiki-srf06-cc26xx.a(aon_rtc.o)
                0x000098a8                NOROM_AONRTCCurrentCompareValueGet
 .text.NOROM_DDI16BitfieldWrite
                0x000098c8       0x48 contiki-srf06-cc26xx.a(ddi.o)
                0x000098c8                NOROM_DDI16BitfieldWrite
 .text.NOROM_DDI16BitfieldRead
                0x00009910       0x40 contiki-srf06-cc26xx.a(ddi.o)
                0x00009910                NOROM_DDI16BitfieldRead
 .text.NOROM_OSCClockSourceSet
                0x00009950       0x4c contiki-srf06-cc26xx.a(osc.o)
                0x00009950                NOROM_OSCClockSourceSet
 .text.NOROM_OSCClockSourceGet
                0x0000999c       0x24 contiki-srf06-cc26xx.a(osc.o)
                0x0000999c                NOROM_OSCClockSourceGet
 .text.NOROM_OSCInterfaceEnable
                0x000099c0       0x38 contiki-srf06-cc26xx.a(osc.o)
                0x000099c0                NOROM_OSCInterfaceEnable
 .text.NOROM_PowerCtrlSourceSet
                0x000099f8       0x2c contiki-srf06-cc26xx.a(pwr_ctrl.o)
                0x000099f8                NOROM_PowerCtrlSourceSet
 .text.AuxAdiDdiSafeWrite.constprop.1
                0x00009a24       0x28 contiki-srf06-cc26xx.a(setup.o)
 .text.HapiTrimDeviceShutDown
                0x00009a4c      0x3e4 contiki-srf06-cc26xx.a(setup.o)
 .text.trimDevice
                0x00009e30       0xf8 contiki-srf06-cc26xx.a(setup.o)
                0x00009e30                trimDevice
 .text.SysCtrlSetRechargeBeforePowerDown
                0x00009f28      0x190 contiki-srf06-cc26xx.a(sys_ctrl.o)
                0x00009f28                SysCtrlSetRechargeBeforePowerDown
 .text.SysCtrlAdjustRechargeAfterPowerDown
                0x0000a0b8       0x60 contiki-srf06-cc26xx.a(sys_ctrl.o)
                0x0000a0b8                SysCtrlAdjustRechargeAfterPowerDown
 .text.SysCtrl_DCDC_VoltageConditionalControl
                0x0000a118       0x74 contiki-srf06-cc26xx.a(sys_ctrl.o)
                0x0000a118                SysCtrl_DCDC_VoltageConditionalControl
 .text.index_from_key
                0x0000a18c       0x20 contiki-srf06-cc26xx.a(nbr-table.o)
 .text.index_from_lladdr
                0x0000a1ac       0x40 contiki-srf06-cc26xx.a(nbr-table.o)
 .text.key_from_item
                0x0000a1ec       0x2c contiki-srf06-cc26xx.a(nbr-table.o)
 .text.nbr_get_bit.constprop.0
                0x0000a218       0x30 contiki-srf06-cc26xx.a(nbr-table.o)
 .text.nbr_table_register
                0x0000a248       0x28 contiki-srf06-cc26xx.a(nbr-table.o)
                0x0000a248                nbr_table_register
 .text.nbr_table_head
                0x0000a270       0x34 contiki-srf06-cc26xx.a(nbr-table.o)
                0x0000a270                nbr_table_head
 .text.nbr_table_add_lladdr
                0x0000a2a4      0x11c contiki-srf06-cc26xx.a(nbr-table.o)
                0x0000a2a4                nbr_table_add_lladdr
 .text.nbr_table_remove
                0x0000a3c0       0x2c contiki-srf06-cc26xx.a(nbr-table.o)
                0x0000a3c0                nbr_table_remove
 .text.nbr_table_lock
                0x0000a3ec       0x14 contiki-srf06-cc26xx.a(nbr-table.o)
                0x0000a3ec                nbr_table_lock
 .text.nbr_table_unlock
                0x0000a400       0x14 contiki-srf06-cc26xx.a(nbr-table.o)
                0x0000a400                nbr_table_unlock
 .text.netstack_init
                0x0000a414       0x38 contiki-srf06-cc26xx.a(netstack.o)
                0x0000a414                netstack_init
 .text.packetbuf_copyto
                0x0000a44c       0x50 contiki-srf06-cc26xx.a(packetbuf.o)
                0x0000a44c                packetbuf_copyto
 .text.packetbuf_hdrreduce
                0x0000a49c       0x2c contiki-srf06-cc26xx.a(packetbuf.o)
                0x0000a49c                packetbuf_hdrreduce
 .text.packetbuf_set_datalen
                0x0000a4c8        0xc contiki-srf06-cc26xx.a(packetbuf.o)
                0x0000a4c8                packetbuf_set_datalen
 .text.packetbuf_dataptr
                0x0000a4d4       0x14 contiki-srf06-cc26xx.a(packetbuf.o)
                0x0000a4d4                packetbuf_dataptr
 .text.packetbuf_hdrptr
                0x0000a4e8       0x14 contiki-srf06-cc26xx.a(packetbuf.o)
                0x0000a4e8                packetbuf_hdrptr
 .text.packetbuf_datalen
                0x0000a4fc        0xc contiki-srf06-cc26xx.a(packetbuf.o)
                0x0000a4fc                packetbuf_datalen
 .text.packetbuf_hdrlen
                0x0000a508       0x1c contiki-srf06-cc26xx.a(packetbuf.o)
                0x0000a508                packetbuf_hdrlen
 .text.packetbuf_totlen
                0x0000a524       0x14 contiki-srf06-cc26xx.a(packetbuf.o)
                0x0000a524                packetbuf_totlen
 .text.packetbuf_hdralloc
                0x0000a538       0x28 contiki-srf06-cc26xx.a(packetbuf.o)
                0x0000a538                packetbuf_hdralloc
 .text.packetbuf_attr_clear
                0x0000a560       0x38 contiki-srf06-cc26xx.a(packetbuf.o)
                0x0000a560                packetbuf_attr_clear
 .text.packetbuf_clear
                0x0000a598       0x30 contiki-srf06-cc26xx.a(packetbuf.o)
                0x0000a598                packetbuf_clear
 .text.packetbuf_copyfrom
                0x0000a5c8       0x2c contiki-srf06-cc26xx.a(packetbuf.o)
                0x0000a5c8                packetbuf_copyfrom
 .text.packetbuf_attr_copyto
                0x0000a5f4       0x34 contiki-srf06-cc26xx.a(packetbuf.o)
                0x0000a5f4                packetbuf_attr_copyto
 .text.packetbuf_attr_copyfrom
                0x0000a628       0x34 contiki-srf06-cc26xx.a(packetbuf.o)
                0x0000a628                packetbuf_attr_copyfrom
 .text.packetbuf_set_attr
                0x0000a65c       0x10 contiki-srf06-cc26xx.a(packetbuf.o)
                0x0000a65c                packetbuf_set_attr
 .text.packetbuf_attr
                0x0000a66c        0xc contiki-srf06-cc26xx.a(packetbuf.o)
                0x0000a66c                packetbuf_attr
 .text.packetbuf_set_addr
                0x0000a678       0x18 contiki-srf06-cc26xx.a(packetbuf.o)
                0x0000a678                packetbuf_set_addr
 .text.packetbuf_addr
                0x0000a690       0x10 contiki-srf06-cc26xx.a(packetbuf.o)
                0x0000a690                packetbuf_addr
 .text.packetbuf_holds_broadcast
                0x0000a6a0       0x10 contiki-srf06-cc26xx.a(packetbuf.o)
                0x0000a6a0                packetbuf_holds_broadcast
 .text.queuebuf_init
                0x0000a6b0       0x1c contiki-srf06-cc26xx.a(queuebuf.o)
                0x0000a6b0                queuebuf_init
 .text.queuebuf_numfree
                0x0000a6cc        0xc contiki-srf06-cc26xx.a(queuebuf.o)
                0x0000a6cc                queuebuf_numfree
 .text.queuebuf_new_from_packetbuf
                0x0000a6d8       0x44 contiki-srf06-cc26xx.a(queuebuf.o)
                0x0000a6d8                queuebuf_new_from_packetbuf
 .text.queuebuf_free
                0x0000a71c       0x2c contiki-srf06-cc26xx.a(queuebuf.o)
                0x0000a71c                queuebuf_free
 .text.queuebuf_to_packetbuf
                0x0000a748       0x30 contiki-srf06-cc26xx.a(queuebuf.o)
                0x0000a748                queuebuf_to_packetbuf
 .text.create_frame.isra.0
                0x0000a778      0x124 contiki-srf06-cc26xx.a(framer-802154.o)
 .text.send_packet
                0x0000a89c        0xc contiki-srf06-cc26xx.a(nullmac.o)
 .text.packet_input
                0x0000a8a8        0xc contiki-srf06-cc26xx.a(nullmac.o)
 .text.on       0x0000a8b4        0xc contiki-srf06-cc26xx.a(nullmac.o)
 .text.off      0x0000a8c0        0xc contiki-srf06-cc26xx.a(nullmac.o)
 .text.on       0x0000a8cc        0xc contiki-srf06-cc26xx.a(nullrdc.o)
 .text.send_one_packet
                0x0000a8d8      0x118 contiki-srf06-cc26xx.a(nullrdc.o)
 .text.off      0x0000a9f0       0x18 contiki-srf06-cc26xx.a(nullrdc.o)
 .text.packet_input
                0x0000aa08       0x54 contiki-srf06-cc26xx.a(nullrdc.o)
 .text.input    0x0000aa5c        0xc contiki-srf06-cc26xx.a(nullsec.o)
 .text.send     0x0000aa68       0x20 contiki-srf06-cc26xx.a(nullsec.o)
 .text.sensor_common_write_reg
                0x0000aa88       0x30 contiki-srf06-cc26xx.a(sensor-common.o)
                0x0000aa88                sensor_common_write_reg
 .text.verify_part
                0x0000aab8       0x64 contiki-srf06-cc26xx.a(ext-flash.o)
 .text.wait_ready
                0x0000ab1c       0x5c contiki-srf06-cc26xx.a(ext-flash.o)
 .text.ext_flash_open
                0x0000ab78       0x54 contiki-srf06-cc26xx.a(ext-flash.o)
                0x0000ab78                ext_flash_open
 .text.ext_flash_close
                0x0000abcc       0x4c contiki-srf06-cc26xx.a(ext-flash.o)
                0x0000abcc                ext_flash_close
 .text.buzzer_init
                0x0000ac18        0xc contiki-srf06-cc26xx.a(buzzer.o)
                0x0000ac18                buzzer_init
 .text.buzzer_stop
                0x0000ac24       0x74 contiki-srf06-cc26xx.a(buzzer.o)
                0x0000ac24                buzzer_stop
 .text.accessible
                0x0000ac98       0x24 contiki-srf06-cc26xx.a(board-spi.o)
 .text.board_spi_write
                0x0000acbc       0x3c contiki-srf06-cc26xx.a(board-spi.o)
                0x0000acbc                board_spi_write
 .text.board_spi_read
                0x0000acf8       0x48 contiki-srf06-cc26xx.a(board-spi.o)
                0x0000acf8                board_spi_read
 .text.board_spi_flush
                0x0000ad40       0x24 contiki-srf06-cc26xx.a(board-spi.o)
                0x0000ad40                board_spi_flush
 .text.board_spi_open
                0x0000ad64       0xbc contiki-srf06-cc26xx.a(board-spi.o)
                0x0000ad64                board_spi_open
 .text.board_spi_close
                0x0000ae20       0x70 contiki-srf06-cc26xx.a(board-spi.o)
                0x0000ae20                board_spi_close
 .text.process_thread_rf_core_process
                0x0000ae90       0x58 contiki-srf06-cc26xx.a(rf-core.o)
 .text.rf_core_is_accessible
                0x0000aee8       0x10 contiki-srf06-cc26xx.a(rf-core.o)
                0x0000aee8                rf_core_is_accessible
 .text.rf_core_send_cmd
                0x0000aef8       0x80 contiki-srf06-cc26xx.a(rf-core.o)
                0x0000aef8                rf_core_send_cmd
 .text.rf_core_wait_cmd_done
                0x0000af78       0x2c contiki-srf06-cc26xx.a(rf-core.o)
                0x0000af78                rf_core_wait_cmd_done
 .text.rf_core_power_up
                0x0000afa4       0xac contiki-srf06-cc26xx.a(rf-core.o)
                0x0000afa4                rf_core_power_up
 .text.rf_core_set_modesel
                0x0000b050       0x5c contiki-srf06-cc26xx.a(rf-core.o)
                0x0000b050                rf_core_set_modesel
 .text.rf_core_start_rat
                0x0000b0ac       0x1c contiki-srf06-cc26xx.a(rf-core.o)
                0x0000b0ac                rf_core_start_rat
 .text.rf_core_setup_interrupts
                0x0000b0c8       0x5c contiki-srf06-cc26xx.a(rf-core.o)
                0x0000b0c8                rf_core_setup_interrupts
 .text.rf_core_cmd_done_en
                0x0000b124       0x24 contiki-srf06-cc26xx.a(rf-core.o)
                0x0000b124                rf_core_cmd_done_en
 .text.rf_core_cmd_done_dis
                0x0000b148       0x10 contiki-srf06-cc26xx.a(rf-core.o)
                0x0000b148                rf_core_cmd_done_dis
 .text.rf_core_get_last_radio_op
                0x0000b158        0xc contiki-srf06-cc26xx.a(rf-core.o)
                0x0000b158                rf_core_get_last_radio_op
 .text.rf_core_power_down
                0x0000b164       0xb8 contiki-srf06-cc26xx.a(rf-core.o)
                0x0000b164                rf_core_power_down
 .text.rf_core_primary_mode_register
                0x0000b21c        0xc contiki-srf06-cc26xx.a(rf-core.o)
                0x0000b21c                rf_core_primary_mode_register
 .text.RFCCPE1IntHandler
                0x0000b228       0x20 contiki-srf06-cc26xx.a(rf-core.o)
                0x0000b228                RFCCPE1IntHandler
 .text.RFCCPE0IntHandler
                0x0000b248       0x58 contiki-srf06-cc26xx.a(rf-core.o)
                0x0000b248                RFCCPE0IntHandler
 .text.rf_ble_is_active
                0x0000b2a0        0xc contiki-srf06-cc26xx.a(rf-ble.o)
                0x0000b2a0                rf_ble_is_active
 .text.stimer_expired
                0x0000b2ac       0x20 contiki-srf06-cc26xx.a(stimer.o)
                0x0000b2ac                stimer_expired
 .text.AONBatMonTemperatureGetDegC
                0x0000b2cc       0x30 contiki-srf06-cc26xx.a(aon_batmon.o)
                0x0000b2cc                AONBatMonTemperatureGetDegC
 .text.ChipInfo_GetSupportedProtocol_BV
                0x0000b2fc       0x10 contiki-srf06-cc26xx.a(chipinfo.o)
                0x0000b2fc                ChipInfo_GetSupportedProtocol_BV
 .text.ChipInfo_GetChipFamily
                0x0000b30c       0x34 contiki-srf06-cc26xx.a(chipinfo.o)
                0x0000b30c                ChipInfo_GetChipFamily
 .text.ChipInfo_GetHwRevision
                0x0000b340       0x68 contiki-srf06-cc26xx.a(chipinfo.o)
                0x0000b340                ChipInfo_GetHwRevision
 .text.frame802154_get_pan_id
                0x0000b3a8        0xc contiki-srf06-cc26xx.a(frame802154.o)
                0x0000b3a8                frame802154_get_pan_id
 .text.frame802154_parse
                0x0000b3b4      0x174 contiki-srf06-cc26xx.a(frame802154.o)
                0x0000b3b4                frame802154_parse
 .text.mac_sequence_is_duplicate
                0x0000b528       0x38 contiki-srf06-cc26xx.a(mac-sequence.o)
                0x0000b528                mac_sequence_is_duplicate
 .text.mac_sequence_register_seqno
                0x0000b560       0x64 contiki-srf06-cc26xx.a(mac-sequence.o)
                0x0000b560                mac_sequence_register_seqno
 .text.exp2     0x0000b5c4       0x10 /usr/bin/../lib/gcc/arm-none-eabi/4.9.3/../../../../arm-none-eabi/lib/armv7-m/libm.a(lib_a-w_exp2.o)
                0x0000b5c4                exp2
 .text.pow      0x0000b5d4      0x2f0 /usr/bin/../lib/gcc/arm-none-eabi/4.9.3/../../../../arm-none-eabi/lib/armv7-m/libm.a(lib_a-w_pow.o)
                0x0000b5d4                pow
 .text.__ieee754_sqrt
                0x0000b8c4      0x18c /usr/bin/../lib/gcc/arm-none-eabi/4.9.3/../../../../arm-none-eabi/lib/armv7-m/libm.a(lib_a-e_sqrt.o)
                0x0000b8c4                __ieee754_sqrt
 .text.fabs     0x0000ba50        0x8 /usr/bin/../lib/gcc/arm-none-eabi/4.9.3/../../../../arm-none-eabi/lib/armv7-m/libm.a(lib_a-s_fabs.o)
                0x0000ba50                fabs
 .text.finite   0x0000ba58        0xc /usr/bin/../lib/gcc/arm-none-eabi/4.9.3/../../../../arm-none-eabi/lib/armv7-m/libm.a(lib_a-s_finite.o)
                0x0000ba58                finite
 .text.__fpclassifyd
                0x0000ba64       0x58 /usr/bin/../lib/gcc/arm-none-eabi/4.9.3/../../../../arm-none-eabi/lib/armv7-m/libm.a(lib_a-s_fpclassify.o)
                0x0000ba64                __fpclassifyd
 .text.matherr  0x0000babc        0x4 /usr/bin/../lib/gcc/arm-none-eabi/4.9.3/../../../../arm-none-eabi/lib/armv7-m/libm.a(lib_a-s_matherr.o)
                0x0000babc                matherr
 .text.nan      0x0000bac0        0xc /usr/bin/../lib/gcc/arm-none-eabi/4.9.3/../../../../arm-none-eabi/lib/armv7-m/libm.a(lib_a-s_nan.o)
                0x0000bac0                nan
 .text.rint     0x0000bacc      0x11c /usr/bin/../lib/gcc/arm-none-eabi/4.9.3/../../../../arm-none-eabi/lib/armv7-m/libm.a(lib_a-s_rint.o)
                0x0000bacc                rint
 .text.copysign
                0x0000bbe8       0x10 /usr/bin/../lib/gcc/arm-none-eabi/4.9.3/../../../../arm-none-eabi/lib/armv7-m/libm.a(lib_a-s_copysign.o)
                0x0000bbe8                copysign
 .text          0x0000bbf8      0x370 /usr/bin/../lib/gcc/arm-none-eabi/4.9.3/armv7-m/libgcc.a(_arm_addsubdf3.o)
                0x0000bbf8                __aeabi_drsub
                0x0000bc00                __aeabi_dsub
                0x0000bc00                __subdf3
                0x0000bc04                __adddf3
                0x0000bc04                __aeabi_dadd
                0x0000be7c                __aeabi_ui2d
                0x0000be7c                __floatunsidf
                0x0000be9c                __floatsidf
                0x0000be9c                __aeabi_i2d
                0x0000bec0                __extendsfdf2
                0x0000bec0                __aeabi_f2d
                0x0000befc                __aeabi_ul2d
                0x0000befc                __floatundidf
                0x0000bf0c                __floatdidf
                0x0000bf0c                __aeabi_l2d
 .text          0x0000bf68      0x424 /usr/bin/../lib/gcc/arm-none-eabi/4.9.3/armv7-m/libgcc.a(_arm_muldivdf3.o)
                0x0000bf68                __aeabi_dmul
                0x0000bf68                __muldf3
                0x0000c1bc                __aeabi_ddiv
                0x0000c1bc                __divdf3
 .text          0x0000c38c      0x110 /usr/bin/../lib/gcc/arm-none-eabi/4.9.3/armv7-m/libgcc.a(_arm_cmpdf2.o)
                0x0000c38c                __gtdf2
                0x0000c38c                __gedf2
                0x0000c394                __ltdf2
                0x0000c394                __ledf2
                0x0000c39c                __cmpdf2
                0x0000c39c                __eqdf2
                0x0000c39c                __nedf2
                0x0000c418                __aeabi_cdrcmple
                0x0000c428                __aeabi_cdcmple
                0x0000c428                __aeabi_cdcmpeq
                0x0000c438                __aeabi_dcmpeq
                0x0000c44c                __aeabi_dcmplt
                0x0000c460                __aeabi_dcmple
                0x0000c474                __aeabi_dcmpge
                0x0000c488                __aeabi_dcmpgt
 .text          0x0000c49c       0xa0 /usr/bin/../lib/gcc/arm-none-eabi/4.9.3/armv7-m/libgcc.a(_arm_truncdfsf2.o)
                0x0000c49c                __aeabi_d2f
                0x0000c49c                __truncdfsf2
 .text          0x0000c53c      0x21c /usr/bin/../lib/gcc/arm-none-eabi/4.9.3/armv7-m/libgcc.a(_arm_addsubsf3.o)
                0x0000c53c                __aeabi_frsub
                0x0000c544                __subsf3
                0x0000c544                __aeabi_fsub
                0x0000c548                __aeabi_fadd
                0x0000c548                __addsf3
                0x0000c6a8                __aeabi_ui2f
                0x0000c6a8                __floatunsisf
                0x0000c6b0                __aeabi_i2f
                0x0000c6b0                __floatsisf
                0x0000c6cc                __floatundisf
                0x0000c6cc                __aeabi_ul2f
                0x0000c6dc                __floatdisf
                0x0000c6dc                __aeabi_l2f
 .text          0x0000c758      0x2a0 /usr/bin/../lib/gcc/arm-none-eabi/4.9.3/armv7-m/libgcc.a(_arm_muldivsf3.o)
                0x0000c758                __mulsf3
                0x0000c758                __aeabi_fmul
                0x0000c8c0                __divsf3
                0x0000c8c0                __aeabi_fdiv
 .text          0x0000c9f8       0x4c /usr/bin/../lib/gcc/arm-none-eabi/4.9.3/armv7-m/libgcc.a(_arm_fixsfsi.o)
                0x0000c9f8                __fixsfsi
                0x0000c9f8                __aeabi_f2iz
 .text          0x0000ca44       0x30 /usr/bin/../lib/gcc/arm-none-eabi/4.9.3/armv7-m/libgcc.a(_aeabi_uldivmod.o)
                0x0000ca44                __aeabi_uldivmod
 .text          0x0000ca74       0x60 /usr/bin/../lib/gcc/arm-none-eabi/4.9.3/armv7-m/libgcc.a(bpabi.o)
                0x0000ca74                __gnu_ldivmod_helper
                0x0000caa4                __gnu_uldivmod_helper
 .text          0x0000cad4        0x4 /usr/bin/../lib/gcc/arm-none-eabi/4.9.3/armv7-m/libgcc.a(_dvmd_tls.o)
                0x0000cad4                __aeabi_ldiv0
                0x0000cad4                __aeabi_idiv0
 .text          0x0000cad8      0x2ac /usr/bin/../lib/gcc/arm-none-eabi/4.9.3/armv7-m/libgcc.a(_divdi3.o)
                0x0000cad8                __divdi3
 .text          0x0000cd84      0x270 /usr/bin/../lib/gcc/arm-none-eabi/4.9.3/armv7-m/libgcc.a(_udivdi3.o)
                0x0000cd84                __udivdi3
 .text.atoi     0x0000cff4        0x8 /usr/bin/../lib/gcc/arm-none-eabi/4.9.3/../../../../arm-none-eabi/lib/armv7-m/libc.a(lib_a-atoi.o)
                0x0000cff4                atoi
 .text.__errno  0x0000cffc        0xc /usr/bin/../lib/gcc/arm-none-eabi/4.9.3/../../../../arm-none-eabi/lib/armv7-m/libc.a(lib_a-errno.o)
                0x0000cffc                __errno
 .text.memchr   0x0000d008       0x94 /usr/bin/../lib/gcc/arm-none-eabi/4.9.3/../../../../arm-none-eabi/lib/armv7-m/libc.a(lib_a-memchr.o)
                0x0000d008                memchr
 .text.memcmp   0x0000d09c       0x64 /usr/bin/../lib/gcc/arm-none-eabi/4.9.3/../../../../arm-none-eabi/lib/armv7-m/libc.a(lib_a-memcmp.o)
                0x0000d09c                memcmp
 .text          0x0000d100       0xec /usr/bin/../lib/gcc/arm-none-eabi/4.9.3/../../../../arm-none-eabi/lib/armv7-m/libc.a(lib_a-memcpy.o)
                0x0000d100                memcpy
 .text.memmove  0x0000d1ec       0xc8 /usr/bin/../lib/gcc/arm-none-eabi/4.9.3/../../../../arm-none-eabi/lib/armv7-m/libc.a(lib_a-memmove.o)
                0x0000d1ec                memmove
 .text.memset   0x0000d2b4       0x9c /usr/bin/../lib/gcc/arm-none-eabi/4.9.3/../../../../arm-none-eabi/lib/armv7-m/libc.a(lib_a-memset.o)
                0x0000d2b4                memset
 .text.srand    0x0000d350       0x14 /usr/bin/../lib/gcc/arm-none-eabi/4.9.3/../../../../arm-none-eabi/lib/armv7-m/libc.a(lib_a-rand.o)
                0x0000d350                srand
 .text.rand     0x0000d364       0x40 /usr/bin/../lib/gcc/arm-none-eabi/4.9.3/../../../../arm-none-eabi/lib/armv7-m/libc.a(lib_a-rand.o)
                0x0000d364                rand
 .text.strchr   0x0000d3a4       0xcc /usr/bin/../lib/gcc/arm-none-eabi/4.9.3/../../../../arm-none-eabi/lib/armv7-m/libc.a(lib_a-strchr.o)
                0x0000d3a4                strchr
 .text.strcpy   0x0000d470       0xbc /usr/bin/../lib/gcc/arm-none-eabi/4.9.3/../../../../arm-none-eabi/lib/armv7-m/libc.a(lib_a-strcpy.o)
                0x0000d470                strcpy
 .text.strlen   0x0000d52c       0x5c /usr/bin/../lib/gcc/arm-none-eabi/4.9.3/../../../../arm-none-eabi/lib/armv7-m/libc.a(lib_a-strlen.o)
                0x0000d52c                strlen
 .text.strncmp  0x0000d588       0x94 /usr/bin/../lib/gcc/arm-none-eabi/4.9.3/../../../../arm-none-eabi/lib/armv7-m/libc.a(lib_a-strncmp.o)
                0x0000d588                strncmp
 .text.strncpy  0x0000d61c       0x68 /usr/bin/../lib/gcc/arm-none-eabi/4.9.3/../../../../arm-none-eabi/lib/armv7-m/libc.a(lib_a-strncpy.o)
                0x0000d61c                strncpy
 .text._strtol_r
                0x0000d684      0x11c /usr/bin/../lib/gcc/arm-none-eabi/4.9.3/../../../../arm-none-eabi/lib/armv7-m/libc.a(lib_a-strtol.o)
                0x0000d684                _strtol_r
 .text.strtol   0x0000d7a0       0x18 /usr/bin/../lib/gcc/arm-none-eabi/4.9.3/../../../../arm-none-eabi/lib/armv7-m/libc.a(lib_a-strtol.o)
                0x0000d7a0                strtol
 .text.NmiSRHandler
                0x0000d7b8        0x2 obj_srf06-cc26xx/startup_gcc.o
                0x0000d7b8                NmiSR
 .text.IntDefaultHandler
                0x0000d7ba        0x2 obj_srf06-cc26xx/startup_gcc.o
                0x0000d7ba                TRNGIntHandler
                0x0000d7ba                SSI0IntHandler
                0x0000d7ba                SWEvent0IntHandler
                0x0000d7ba                uDMAIntHandler
                0x0000d7ba                WatchdogIntHandler
                0x0000d7ba                RFCHardwareIntHandler
                0x0000d7ba                Timer1BIntHandler
                0x0000d7ba                I2SIntHandler
                0x0000d7ba                Timer2BIntHandler
                0x0000d7ba                Timer2AIntHandler
                0x0000d7ba                Timer1AIntHandler
                0x0000d7ba                AONIntHandler
                0x0000d7ba                AUXSWEvent0IntHandler
                0x0000d7ba                AUXADCIntHandler
                0x0000d7ba                PendSVIntHandler
                0x0000d7ba                AUXSWEvent1IntHandler
                0x0000d7ba                SVCallIntHandler
                0x0000d7ba                MPUFaultIntHandler
                0x0000d7ba                SysTickIntHandler
                0x0000d7ba                BusFaultIntHandler
                0x0000d7ba                AONProgIntHandler
                0x0000d7ba                AUXCompAIntHandler
                0x0000d7ba                SSI1IntHandler
                0x0000d7ba                FlashIntHandler
                0x0000d7ba                uDMAErrIntHandler
                0x0000d7ba                UsageFaultIntHandler
                0x0000d7ba                RFCCmdAckIntHandler
                0x0000d7ba                CryptoIntHandler
                0x0000d7ba                Timer0AIntHandler
                0x0000d7ba                I2CIntHandler
                0x0000d7ba                DebugMonIntHandler
                0x0000d7ba                Timer0BIntHandler
                0x0000d7ba                AUXCombEventIntHandler
                0x0000d7ba                Timer3AIntHandler
                0x0000d7ba                DynProgIntHandler
                0x0000d7ba                Timer3BIntHandler
 .text.res_post_handler
                0x0000d7bc        0x6 obj_srf06-cc26xx/res-toggle.o
 .text.coap_parse_int_option
                0x0000d7c2       0x16 contiki-srf06-cc26xx.a(er-coap.o)
 .text.coap_merge_multi_option
                0x0000d7d8       0x32 contiki-srf06-cc26xx.a(er-coap.o)
 .text.coap_get_variable
                0x0000d80a       0x6a contiki-srf06-cc26xx.a(er-coap.o)
 .text.coap_set_option_header
                0x0000d874       0x76 contiki-srf06-cc26xx.a(er-coap.o)
 .text.coap_serialize_int_option
                0x0000d8ea       0x60 contiki-srf06-cc26xx.a(er-coap.o)
 .text.coap_serialize_array_option.part.0
                0x0000d94a       0x20 contiki-srf06-cc26xx.a(er-coap.o)
 .text.coap_serialize_array_option
                0x0000d96a       0x76 contiki-srf06-cc26xx.a(er-coap.o)
 .text.coap_init_message
                0x0000d9e0       0x1a contiki-srf06-cc26xx.a(er-coap.o)
                0x0000d9e0                coap_init_message
 .text.coap_get_query_variable
                0x0000d9fa       0x26 contiki-srf06-cc26xx.a(er-coap.o)
                0x0000d9fa                coap_get_query_variable
 .text.coap_get_post_variable
                0x0000da20       0x1e contiki-srf06-cc26xx.a(er-coap.o)
                0x0000da20                coap_get_post_variable
 .text.coap_set_status_code
                0x0000da3e        0xc contiki-srf06-cc26xx.a(er-coap.o)
                0x0000da3e                coap_set_status_code
 .text.coap_set_token
                0x0000da4a       0x16 contiki-srf06-cc26xx.a(er-coap.o)
                0x0000da4a                coap_set_token
 .text.coap_get_header_content_format
                0x0000da60       0x18 contiki-srf06-cc26xx.a(er-coap.o)
                0x0000da60                coap_get_header_content_format
 .text.coap_set_header_content_format
                0x0000da78        0xe contiki-srf06-cc26xx.a(er-coap.o)
                0x0000da78                coap_set_header_content_format
 .text.coap_get_header_accept
                0x0000da86       0x1a contiki-srf06-cc26xx.a(er-coap.o)
                0x0000da86                coap_get_header_accept
 .text.coap_get_header_max_age
                0x0000daa0       0x10 contiki-srf06-cc26xx.a(er-coap.o)
                0x0000daa0                coap_get_header_max_age
 .text.coap_set_header_max_age
                0x0000dab0        0xe contiki-srf06-cc26xx.a(er-coap.o)
                0x0000dab0                coap_set_header_max_age
 .text.coap_set_header_etag
                0x0000dabe       0x22 contiki-srf06-cc26xx.a(er-coap.o)
                0x0000dabe                coap_set_header_etag
 .text.coap_get_header_if_match
                0x0000dae0       0x1c contiki-srf06-cc26xx.a(er-coap.o)
                0x0000dae0                coap_get_header_if_match
 .text.coap_get_header_if_none_match
                0x0000dafc        0x8 contiki-srf06-cc26xx.a(er-coap.o)
                0x0000dafc                coap_get_header_if_none_match
 .text.coap_get_header_uri_host
                0x0000db04       0x18 contiki-srf06-cc26xx.a(er-coap.o)
                0x0000db04                coap_get_header_uri_host
 .text.coap_get_header_uri_path
                0x0000db1c       0x18 contiki-srf06-cc26xx.a(er-coap.o)
                0x0000db1c                coap_get_header_uri_path
 .text.coap_set_header_uri_path
                0x0000db34       0x20 contiki-srf06-cc26xx.a(er-coap.o)
                0x0000db34                coap_set_header_uri_path
 .text.coap_get_header_uri_query
                0x0000db54       0x16 contiki-srf06-cc26xx.a(er-coap.o)
                0x0000db54                coap_get_header_uri_query
 .text.coap_set_header_location_query
                0x0000db6a       0x20 contiki-srf06-cc26xx.a(er-coap.o)
                0x0000db6a                coap_set_header_location_query
 .text.coap_set_header_location_path
                0x0000db8a       0x40 contiki-srf06-cc26xx.a(er-coap.o)
                0x0000db8a                coap_set_header_location_path
 .text.coap_get_header_observe
                0x0000dbca       0x18 contiki-srf06-cc26xx.a(er-coap.o)
                0x0000dbca                coap_get_header_observe
 .text.coap_set_header_observe
                0x0000dbe2        0xe contiki-srf06-cc26xx.a(er-coap.o)
                0x0000dbe2                coap_set_header_observe
 .text.coap_get_header_block2
                0x0000dbf0       0x32 contiki-srf06-cc26xx.a(er-coap.o)
                0x0000dbf0                coap_get_header_block2
 .text.coap_set_header_block2
                0x0000dc22       0x32 contiki-srf06-cc26xx.a(er-coap.o)
                0x0000dc22                coap_set_header_block2
 .text.coap_set_header_block1
                0x0000dc54       0x2e contiki-srf06-cc26xx.a(er-coap.o)
                0x0000dc54                coap_set_header_block1
 .text.coap_get_header_size2
                0x0000dc82       0x1a contiki-srf06-cc26xx.a(er-coap.o)
                0x0000dc82                coap_get_header_size2
 .text.coap_set_header_size2
                0x0000dc9c       0x10 contiki-srf06-cc26xx.a(er-coap.o)
                0x0000dc9c                coap_set_header_size2
 .text.coap_get_payload
                0x0000dcac       0x12 contiki-srf06-cc26xx.a(er-coap.o)
                0x0000dcac                coap_get_payload
 .text.coap_set_payload
                0x0000dcbe       0x12 contiki-srf06-cc26xx.a(er-coap.o)
                0x0000dcbe                coap_set_payload
 .text.coap_get_rest_method
                0x0000dcd0        0xc contiki-srf06-cc26xx.a(er-coap-engine.)
                0x0000dcd0                coap_get_rest_method
 .text.coap_notify_observers
                0x0000dcdc        0x6 contiki-srf06-cc26xx.a(er-coap-observe)
                0x0000dcdc                coap_notify_observers
 .text.coap_separate_resume
                0x0000dce2       0x30 contiki-srf06-cc26xx.a(er-coap-separat)
                0x0000dce2                coap_separate_resume
 .text.fade     0x0000dd12       0x54 contiki-srf06-cc26xx.a(contiki-main.o)
 .text.select_on_bus
                0x0000dd66        0x8 contiki-srf06-cc26xx.a(bmp-280-sensor.)
 .text.status_right
                0x0000dd6e       0x10 contiki-srf06-cc26xx.a(button-sensor.o)
 .text.config_left
                0x0000dd7e        0xc contiki-srf06-cc26xx.a(button-sensor.o)
 .text.config_right
                0x0000dd8a        0xc contiki-srf06-cc26xx.a(button-sensor.o)
 .text.status_left
                0x0000dd96       0x10 contiki-srf06-cc26xx.a(button-sensor.o)
 .text.lpm_wakeup_handler
                0x0000dda6        0x4 contiki-srf06-cc26xx.a(board.o)
 .text.clock_update
                0x0000ddaa       0x16 contiki-srf06-cc26xx.a(clock.o)
                0x0000ddaa                clock_update
 .text.rtimer_arch_init
                0x0000ddc0        0x2 contiki-srf06-cc26xx.a(rtimer-arch.o)
                0x0000ddc0                rtimer_arch_init
 .text.rtimer_arch_schedule
                0x0000ddc2        0x8 contiki-srf06-cc26xx.a(rtimer-arch.o)
                0x0000ddc2                rtimer_arch_schedule
 .text.rtimer_arch_now
                0x0000ddca        0x4 contiki-srf06-cc26xx.a(rtimer-arch.o)
                0x0000ddca                rtimer_arch_now
 .text.putchar  0x0000ddce        0xe contiki-srf06-cc26xx.a(putchar.o)
                0x0000ddce                putchar
 .text.puts     0x0000dddc       0x2c contiki-srf06-cc26xx.a(putchar.o)
                0x0000dddc                puts
 .text.dbg_send_bytes
                0x0000de08       0x28 contiki-srf06-cc26xx.a(putchar.o)
                0x0000de08                dbg_send_bytes
 .text.IntMasterEnable
                0x0000de30        0xe contiki-srf06-cc26xx.a(lpm.o)
 .text.oscillators_select_lf_rcosc
                0x0000de3e       0x30 contiki-srf06-cc26xx.a(oscillators.o)
                0x0000de3e                oscillators_select_lf_rcosc
 .text.oscillators_request_hf_xosc
                0x0000de6e       0x24 contiki-srf06-cc26xx.a(oscillators.o)
                0x0000de6e                oscillators_request_hf_xosc
 .text.request  0x0000de92       0x10 contiki-srf06-cc26xx.a(ieee-mode.o)
 .text.soft_on  0x0000dea2       0x16 contiki-srf06-cc26xx.a(ieee-mode.o)
 .text.transmitting
                0x0000deb8       0x3e contiki-srf06-cc26xx.a(ieee-mode.o)
 .text.get_cca_info.part.3
                0x0000def6       0x30 contiki-srf06-cc26xx.a(ieee-mode.o)
 .text.send     0x0000df26       0x12 contiki-srf06-cc26xx.a(ieee-mode.o)
 .text.channel_clear
                0x0000df38       0x54 contiki-srf06-cc26xx.a(ieee-mode.o)
 .text.receiving_packet
                0x0000df8c       0x3a contiki-srf06-cc26xx.a(ieee-mode.o)
 .text.write_str
                0x0000dfc6       0x10 contiki-srf06-cc26xx.a(dbg-printf.o)
 .text.buffer_str
                0x0000dfd6       0x28 contiki-srf06-cc26xx.a(dbg-snprintf.o)
 .text.snprintf
                0x0000dffe       0x1a contiki-srf06-cc26xx.a(dbg-snprintf.o)
                0x0000dffe                snprintf
 .text.autostart_start
                0x0000e018       0x14 contiki-srf06-cc26xx.a(autostart.o)
                0x0000e018                autostart_start
 .text.energest_init
                0x0000e02c        0x2 contiki-srf06-cc26xx.a(energest.o)
                0x0000e02c                energest_init
 .text.etimer_set
                0x0000e02e       0x12 contiki-srf06-cc26xx.a(etimer.o)
                0x0000e02e                etimer_set
 .text.etimer_reset
                0x0000e040       0x12 contiki-srf06-cc26xx.a(etimer.o)
                0x0000e040                etimer_reset
 .text.etimer_restart
                0x0000e052       0x12 contiki-srf06-cc26xx.a(etimer.o)
                0x0000e052                etimer_restart
 .text.etimer_expired
                0x0000e064        0xa contiki-srf06-cc26xx.a(etimer.o)
                0x0000e064                etimer_expired
 .text.etimer_expiration_time
                0x0000e06e        0x6 contiki-srf06-cc26xx.a(etimer.o)
                0x0000e06e                etimer_expiration_time
 .text.call_process
                0x0000e074        0xc contiki-srf06-cc26xx.a(process.o)
 .text.rtimer_init
                0x0000e080        0x4 contiki-srf06-cc26xx.a(rtimer.o)
                0x0000e080                rtimer_init
 .text.timer_set
                0x0000e084        0xe contiki-srf06-cc26xx.a(timer.o)
                0x0000e084                timer_set
 .text.timer_reset
                0x0000e092        0xa contiki-srf06-cc26xx.a(timer.o)
                0x0000e092                timer_reset
 .text.timer_restart
                0x0000e09c        0xc contiki-srf06-cc26xx.a(timer.o)
                0x0000e09c                timer_restart
 .text.timer_expired
                0x0000e0a8       0x1c contiki-srf06-cc26xx.a(timer.o)
                0x0000e0a8                timer_expired
 .text.list_init
                0x0000e0c4        0x6 contiki-srf06-cc26xx.a(list.o)
                0x0000e0c4                list_init
 .text.list_head
                0x0000e0ca        0x4 contiki-srf06-cc26xx.a(list.o)
                0x0000e0ca                list_head
 .text.list_tail
                0x0000e0ce       0x10 contiki-srf06-cc26xx.a(list.o)
                0x0000e0ce                list_tail
 .text.list_remove
                0x0000e0de       0x28 contiki-srf06-cc26xx.a(list.o)
                0x0000e0de                list_remove
 .text.list_add
                0x0000e106       0x1e contiki-srf06-cc26xx.a(list.o)
                0x0000e106                list_add
 .text.list_push
                0x0000e124       0x12 contiki-srf06-cc26xx.a(list.o)
                0x0000e124                list_push
 .text.list_length
                0x0000e136        0xe contiki-srf06-cc26xx.a(list.o)
                0x0000e136                list_length
 .text.list_item_next
                0x0000e144        0x6 contiki-srf06-cc26xx.a(list.o)
                0x0000e144                list_item_next
 .text.memb_init
                0x0000e14a       0x20 contiki-srf06-cc26xx.a(memb.o)
                0x0000e14a                memb_init
 .text.memb_alloc
                0x0000e16a       0x28 contiki-srf06-cc26xx.a(memb.o)
                0x0000e16a                memb_alloc
 .text.memb_free
                0x0000e192       0x2c contiki-srf06-cc26xx.a(memb.o)
                0x0000e192                memb_free
 .text.memb_inmemb
                0x0000e1be       0x1c contiki-srf06-cc26xx.a(memb.o)
                0x0000e1be                memb_inmemb
 .text.memb_numfree
                0x0000e1da       0x1c contiki-srf06-cc26xx.a(memb.o)
                0x0000e1da                memb_numfree
 .text.random_init
                0x0000e1f6        0x4 contiki-srf06-cc26xx.a(random.o)
                0x0000e1f6                random_init
 .text.random_rand
                0x0000e1fa        0xa contiki-srf06-cc26xx.a(random.o)
                0x0000e1fa                random_rand
 .text.ringbuf_init
                0x0000e204        0xe contiki-srf06-cc26xx.a(ringbuf.o)
                0x0000e204                ringbuf_init
 .text.ringbuf_get
                0x0000e212       0x20 contiki-srf06-cc26xx.a(ringbuf.o)
                0x0000e212                ringbuf_get
 .text.chksum   0x0000e232       0x38 contiki-srf06-cc26xx.a(uip6.o)
 .text.uip_icmp6chksum
                0x0000e26a        0x6 contiki-srf06-cc26xx.a(uip6.o)
                0x0000e26a                uip_icmp6chksum
 .text.uip_udpchksum
                0x0000e270        0x6 contiki-srf06-cc26xx.a(uip6.o)
                0x0000e270                uip_udpchksum
 .text.uip_htonl
                0x0000e276       0x14 contiki-srf06-cc26xx.a(uip6.o)
                0x0000e276                uip_htonl
 .text.uip_ds6_list_loop
                0x0000e28a       0x48 contiki-srf06-cc26xx.a(uip-ds6.o)
                0x0000e28a                uip_ds6_list_loop
 .text.uip_ds6_maddr_rm
                0x0000e2d2        0x8 contiki-srf06-cc26xx.a(uip-ds6.o)
                0x0000e2d2                uip_ds6_maddr_rm
 .text.uip_ds6_set_addr_iid
                0x0000e2da       0x12 contiki-srf06-cc26xx.a(uip-ds6.o)
                0x0000e2da                uip_ds6_set_addr_iid
 .text.get_match_length
                0x0000e2ec       0x3a contiki-srf06-cc26xx.a(uip-ds6.o)
                0x0000e2ec                get_match_length
 .text.uip_ds6_nbr_ipaddr_from_lladdr
                0x0000e326        0x4 contiki-srf06-cc26xx.a(uip-ds6-nbr.o)
                0x0000e326                uip_ds6_nbr_ipaddr_from_lladdr
 .text.uip_ds6_nbr_lladdr_from_ipaddr
                0x0000e32a       0x12 contiki-srf06-cc26xx.a(uip-ds6-nbr.o)
                0x0000e32a                uip_ds6_nbr_lladdr_from_ipaddr
 .text.uip_ds6_route_next
                0x0000e33c        0x8 contiki-srf06-cc26xx.a(uip-ds6-route.o)
                0x0000e33c                uip_ds6_route_next
 .text.rm_routelist_callback
                0x0000e344        0x4 contiki-srf06-cc26xx.a(uip-ds6-route.o)
 .text.uip_nd6_init
                0x0000e348        0x2 contiki-srf06-cc26xx.a(uip-nd6.o)
                0x0000e348                uip_nd6_init
 .text.rpl_remove_routes
                0x0000e34a       0x1e contiki-srf06-cc26xx.a(rpl.o)
                0x0000e34a                rpl_remove_routes
 .text.rpl_remove_routes_by_nexthop
                0x0000e368       0x36 contiki-srf06-cc26xx.a(rpl.o)
                0x0000e368                rpl_remove_routes_by_nexthop
 .text.rpl_add_route
                0x0000e39e       0x28 contiki-srf06-cc26xx.a(rpl.o)
                0x0000e39e                rpl_add_route
 .text.lollipop_greater_than
                0x0000e3c6       0x34 contiki-srf06-cc26xx.a(rpl-dag.o)
 .text.check_prefix
                0x0000e3fa       0x58 contiki-srf06-cc26xx.a(rpl-dag.o)
 .text.rpl_set_prefix
                0x0000e452       0x6c contiki-srf06-cc26xx.a(rpl-dag.o)
                0x0000e452                rpl_set_prefix
 .text.rpl_set_default_route
                0x0000e4be       0x38 contiki-srf06-cc26xx.a(rpl-dag.o)
                0x0000e4be                rpl_set_default_route
 .text.rpl_find_parent
                0x0000e4f6       0x16 contiki-srf06-cc26xx.a(rpl-dag.o)
                0x0000e4f6                rpl_find_parent
 .text.rpl_find_parent_any_dag
                0x0000e50c       0x1e contiki-srf06-cc26xx.a(rpl-dag.o)
                0x0000e50c                rpl_find_parent_any_dag
 .text.rpl_select_dag
                0x0000e52a      0x152 contiki-srf06-cc26xx.a(rpl-dag.o)
                0x0000e52a                rpl_select_dag
 .text.rpl_nullify_parent
                0x0000e67c       0x48 contiki-srf06-cc26xx.a(rpl-dag.o)
                0x0000e67c                rpl_nullify_parent
 .text.nbr_callback
                0x0000e6c4        0x4 contiki-srf06-cc26xx.a(rpl-dag.o)
 .text.rpl_free_dag
                0x0000e6c8       0x2e contiki-srf06-cc26xx.a(rpl-dag.o)
                0x0000e6c8                rpl_free_dag
 .text.rpl_move_parent
                0x0000e6f6       0x48 contiki-srf06-cc26xx.a(rpl-dag.o)
                0x0000e6f6                rpl_move_parent
 .text.rpl_repair_root
                0x0000e73e       0x48 contiki-srf06-cc26xx.a(rpl-dag.o)
                0x0000e73e                rpl_repair_root
 .text.rpl_alloc_dag
                0x0000e786       0x48 contiki-srf06-cc26xx.a(rpl-dag.o)
                0x0000e786                rpl_alloc_dag
 .text.rpl_process_parent_event
                0x0000e7ce       0x60 contiki-srf06-cc26xx.a(rpl-dag.o)
                0x0000e7ce                rpl_process_parent_event
 .text.rpl_add_dag
                0x0000e82e      0x10c contiki-srf06-cc26xx.a(rpl-dag.o)
                0x0000e82e                rpl_add_dag
 .text.rpl_process_dio
                0x0000e93a      0x2bc contiki-srf06-cc26xx.a(rpl-dag.o)
                0x0000e93a                rpl_process_dio
 .text.get32    0x0000ebf6       0x18 contiki-srf06-cc26xx.a(rpl-icmp6.o)
 .text.set32    0x0000ec0e       0x12 contiki-srf06-cc26xx.a(rpl-icmp6.o)
 .text.get16    0x0000ec20        0xc contiki-srf06-cc26xx.a(rpl-icmp6.o)
 .text.set16    0x0000ec2c        0xa contiki-srf06-cc26xx.a(rpl-icmp6.o)
 .text.reset    0x0000ec36        0x2 contiki-srf06-cc26xx.a(rpl-mrhof.o)
 .text.update_metric_container
                0x0000ec38        0x6 contiki-srf06-cc26xx.a(rpl-mrhof.o)
 .text.calculate_rank
                0x0000ec3e       0x34 contiki-srf06-cc26xx.a(rpl-mrhof.o)
 .text.neighbor_link_callback
                0x0000ec72       0x46 contiki-srf06-cc26xx.a(rpl-mrhof.o)
 .text.best_dag
                0x0000ecb8       0x2c contiki-srf06-cc26xx.a(rpl-mrhof.o)
 .text.best_parent
                0x0000ece4       0x5a contiki-srf06-cc26xx.a(rpl-mrhof.o)
 .text.handle_unicast_dio_timer
                0x0000ed3e       0x1c contiki-srf06-cc26xx.a(rpl-timers.o)
 .text.rpl_reset_dio_timer
                0x0000ed5a       0x1c contiki-srf06-cc26xx.a(rpl-timers.o)
                0x0000ed5a                rpl_reset_dio_timer
 .text.rpl_schedule_dao
                0x0000ed76        0x8 contiki-srf06-cc26xx.a(rpl-timers.o)
                0x0000ed76                rpl_schedule_dao
 .text.NOROM_CPUcpsid
                0x0000ed7e        0x8 contiki-srf06-cc26xx.a(cpu.o)
                0x0000ed7e                NOROM_CPUcpsid
 .text.NOROM_CPUcpsie
                0x0000ed86        0x8 contiki-srf06-cc26xx.a(cpu.o)
                0x0000ed86                NOROM_CPUcpsie
 .text.NOROM_CPUdelay
                0x0000ed8e        0x8 contiki-srf06-cc26xx.a(cpu.o)
                0x0000ed8e                NOROM_CPUdelay
 .text.linkaddr_copy
                0x0000ed96        0xa contiki-srf06-cc26xx.a(linkaddr.o)
                0x0000ed96                linkaddr_copy
 .text.linkaddr_cmp
                0x0000eda0       0x10 contiki-srf06-cc26xx.a(linkaddr.o)
                0x0000eda0                linkaddr_cmp
 .text.nbr_set_bit
                0x0000edb0       0x38 contiki-srf06-cc26xx.a(nbr-table.o)
 .text.item_from_key
                0x0000ede8       0x22 contiki-srf06-cc26xx.a(nbr-table.o)
 .text.nbr_table_next
                0x0000ee0a       0x2e contiki-srf06-cc26xx.a(nbr-table.o)
                0x0000ee0a                nbr_table_next
 .text.nbr_table_get_from_lladdr
                0x0000ee38       0x32 contiki-srf06-cc26xx.a(nbr-table.o)
                0x0000ee38                nbr_table_get_from_lladdr
 .text.nbr_table_get_lladdr
                0x0000ee6a        0xc contiki-srf06-cc26xx.a(nbr-table.o)
                0x0000ee6a                nbr_table_get_lladdr
 .text.parse    0x0000ee76       0x94 contiki-srf06-cc26xx.a(framer-802154.o)
 .text.create   0x0000ef0a        0x6 contiki-srf06-cc26xx.a(framer-802154.o)
 .text.hdr_length
                0x0000ef10        0x6 contiki-srf06-cc26xx.a(framer-802154.o)
 .text.channel_check_interval
                0x0000ef16        0x4 contiki-srf06-cc26xx.a(nullmac.o)
 .text.init     0x0000ef1a        0x2 contiki-srf06-cc26xx.a(nullmac.o)
 .text.channel_check_interval
                0x0000ef1c        0x4 contiki-srf06-cc26xx.a(nullrdc.o)
 .text.init     0x0000ef20        0x4 contiki-srf06-cc26xx.a(nullrdc.o)
 .text.send_list
                0x0000ef24       0x20 contiki-srf06-cc26xx.a(nullrdc.o)
 .text.send_packet
                0x0000ef44        0x4 contiki-srf06-cc26xx.a(nullrdc.o)
 .text.init     0x0000ef48        0x2 contiki-srf06-cc26xx.a(nullsec.o)
 .text.sensor_common_read_reg
                0x0000ef4a       0x1a contiki-srf06-cc26xx.a(sensor-common.o)
                0x0000ef4a                sensor_common_read_reg
 .text.sensor_common_set_error_data
                0x0000ef64        0xe contiki-srf06-cc26xx.a(sensor-common.o)
                0x0000ef64                sensor_common_set_error_data
 .text.ext_flash_init
                0x0000ef72        0xe contiki-srf06-cc26xx.a(ext-flash.o)
                0x0000ef72                ext_flash_init
 .text.IntMasterEnable
                0x0000ef80        0xe contiki-srf06-cc26xx.a(rf-core.o)
 .text.rf_core_init_radio_op
                0x0000ef8e       0x1e contiki-srf06-cc26xx.a(rf-core.o)
                0x0000ef8e                rf_core_init_radio_op
 .text.rf_core_boot
                0x0000efac       0x1c contiki-srf06-cc26xx.a(rf-core.o)
                0x0000efac                rf_core_boot
 .text.stimer_set
                0x0000efc8        0xe contiki-srf06-cc26xx.a(stimer.o)
                0x0000efc8                stimer_set
 .text.ThisCodeIsBuiltForCC26xxHwRev22AndLater_HaltIfViolated
                0x0000efd6       0x14 contiki-srf06-cc26xx.a(chipinfo.o)
                0x0000efd6                ThisCodeIsBuiltForCC26xxHwRev22AndLater_HaltIfViolated
 .text.frame802154_has_panid
                0x0000efea       0x4c contiki-srf06-cc26xx.a(frame802154.o)
                0x0000efea                frame802154_has_panid
 .text.field_len
                0x0000f036       0x84 contiki-srf06-cc26xx.a(frame802154.o)
 .text.frame802154_is_broadcast_addr
                0x0000f0ba       0x1e contiki-srf06-cc26xx.a(frame802154.o)
                0x0000f0ba                frame802154_is_broadcast_addr
 .text.frame802154_hdrlen
                0x0000f0d8       0x32 contiki-srf06-cc26xx.a(frame802154.o)
                0x0000f0d8                frame802154_hdrlen
 .text.frame802154_create
                0x0000f10a       0xe6 contiki-srf06-cc26xx.a(frame802154.o)
                0x0000f10a                frame802154_create
 .text.mac_call_sent_callback
                0x0000f1f0       0x16 contiki-srf06-cc26xx.a(mac.o)
                0x0000f1f0                mac_call_sent_callback
 *(SORT(.rodata*))
 *fill*         0x0000f206        0x2 00000000
 .rodata.dp_h   0x0000f208       0x10 /usr/bin/../lib/gcc/arm-none-eabi/4.9.3/../../../../arm-none-eabi/lib/armv7-m/libm.a(lib_a-e_pow.o)
 .rodata.dp_l   0x0000f218       0x10 /usr/bin/../lib/gcc/arm-none-eabi/4.9.3/../../../../arm-none-eabi/lib/armv7-m/libm.a(lib_a-e_pow.o)
 .rodata.bp     0x0000f228       0x10 /usr/bin/../lib/gcc/arm-none-eabi/4.9.3/../../../../arm-none-eabi/lib/armv7-m/libm.a(lib_a-e_pow.o)
 .rodata.TWO52  0x0000f238       0x10 /usr/bin/../lib/gcc/arm-none-eabi/4.9.3/../../../../arm-none-eabi/lib/armv7-m/libm.a(lib_a-s_rint.o)
 .rodata.autostart_processes
                0x0000f248        0x8 er-example-server.co
                0x0000f248                autostart_processes
 .rodata.coap_rest_implementation
                0x0000f250      0x10c contiki-srf06-cc26xx.a(er-coap-engine.)
                0x0000f250                coap_rest_implementation
 .rodata.bmp_280_sensor
                0x0000f35c       0x10 contiki-srf06-cc26xx.a(bmp-280-sensor.)